Archive member included to satisfy reference by file (symbol)

/usr/local/gcc-arm-none-eabi-9-2020-q2-update/bin/../lib/gcc/arm-none-eabi/9.3.1/../../../../arm-none-eabi/lib/thumb/v7e-m+fp/hard/libc_nano.a(lib_a-ctype_.o)
                              _build/nrf52840_xxaa/twi.c.o (_ctype_)
/usr/local/gcc-arm-none-eabi-9-2020-q2-update/bin/../lib/gcc/arm-none-eabi/9.3.1/../../../../arm-none-eabi/lib/thumb/v7e-m+fp/hard/libc_nano.a(lib_a-exit.o)
                              /usr/local/gcc-arm-none-eabi-9-2020-q2-update/bin/../lib/gcc/arm-none-eabi/9.3.1/../../../../arm-none-eabi/lib/thumb/v7e-m+fp/hard/crt0.o (exit)
/usr/local/gcc-arm-none-eabi-9-2020-q2-update/bin/../lib/gcc/arm-none-eabi/9.3.1/../../../../arm-none-eabi/lib/thumb/v7e-m+fp/hard/libc_nano.a(lib_a-impure.o)
                              /usr/local/gcc-arm-none-eabi-9-2020-q2-update/bin/../lib/gcc/arm-none-eabi/9.3.1/../../../../arm-none-eabi/lib/thumb/v7e-m+fp/hard/libc_nano.a(lib_a-exit.o) (_global_impure_ptr)
/usr/local/gcc-arm-none-eabi-9-2020-q2-update/bin/../lib/gcc/arm-none-eabi/9.3.1/../../../../arm-none-eabi/lib/thumb/v7e-m+fp/hard/libc_nano.a(lib_a-init.o)
                              /usr/local/gcc-arm-none-eabi-9-2020-q2-update/bin/../lib/gcc/arm-none-eabi/9.3.1/../../../../arm-none-eabi/lib/thumb/v7e-m+fp/hard/crt0.o (__libc_init_array)
/usr/local/gcc-arm-none-eabi-9-2020-q2-update/bin/../lib/gcc/arm-none-eabi/9.3.1/../../../../arm-none-eabi/lib/thumb/v7e-m+fp/hard/libc_nano.a(lib_a-memcpy-stub.o)
                              _build/nrf52840_xxaa/nrf_memobj.c.o (memcpy)
/usr/local/gcc-arm-none-eabi-9-2020-q2-update/bin/../lib/gcc/arm-none-eabi/9.3.1/../../../../arm-none-eabi/lib/thumb/v7e-m+fp/hard/libc_nano.a(lib_a-memset.o)
                              /usr/local/gcc-arm-none-eabi-9-2020-q2-update/bin/../lib/gcc/arm-none-eabi/9.3.1/../../../../arm-none-eabi/lib/thumb/v7e-m+fp/hard/crt0.o (memset)
/usr/local/gcc-arm-none-eabi-9-2020-q2-update/bin/../lib/gcc/arm-none-eabi/9.3.1/../../../../arm-none-eabi/lib/thumb/v7e-m+fp/hard/libc_nano.a(lib_a-printf.o)
                              _build/nrf52840_xxaa/main.c.o (printf)
/usr/local/gcc-arm-none-eabi-9-2020-q2-update/bin/../lib/gcc/arm-none-eabi/9.3.1/../../../../arm-none-eabi/lib/thumb/v7e-m+fp/hard/libc_nano.a(lib_a-strlen.o)
                              _build/nrf52840_xxaa/nrf_fprintf_format.c.o (strlen)
/usr/local/gcc-arm-none-eabi-9-2020-q2-update/bin/../lib/gcc/arm-none-eabi/9.3.1/../../../../arm-none-eabi/lib/thumb/v7e-m+fp/hard/libc_nano.a(lib_a-findfp.o)
                              /usr/local/gcc-arm-none-eabi-9-2020-q2-update/bin/../lib/gcc/arm-none-eabi/9.3.1/../../../../arm-none-eabi/lib/thumb/v7e-m+fp/hard/libc_nano.a(lib_a-printf.o) (__sinit)
/usr/local/gcc-arm-none-eabi-9-2020-q2-update/bin/../lib/gcc/arm-none-eabi/9.3.1/../../../../arm-none-eabi/lib/thumb/v7e-m+fp/hard/libc_nano.a(lib_a-fwalk.o)
                              /usr/local/gcc-arm-none-eabi-9-2020-q2-update/bin/../lib/gcc/arm-none-eabi/9.3.1/../../../../arm-none-eabi/lib/thumb/v7e-m+fp/hard/libc_nano.a(lib_a-findfp.o) (_fwalk)
/usr/local/gcc-arm-none-eabi-9-2020-q2-update/bin/../lib/gcc/arm-none-eabi/9.3.1/../../../../arm-none-eabi/lib/thumb/v7e-m+fp/hard/libc_nano.a(lib_a-lock.o)
                              /usr/local/gcc-arm-none-eabi-9-2020-q2-update/bin/../lib/gcc/arm-none-eabi/9.3.1/../../../../arm-none-eabi/lib/thumb/v7e-m+fp/hard/libc_nano.a(lib_a-findfp.o) (__retarget_lock_init_recursive)
/usr/local/gcc-arm-none-eabi-9-2020-q2-update/bin/../lib/gcc/arm-none-eabi/9.3.1/../../../../arm-none-eabi/lib/thumb/v7e-m+fp/hard/libc_nano.a(lib_a-nano-mallocr.o)
                              /usr/local/gcc-arm-none-eabi-9-2020-q2-update/bin/../lib/gcc/arm-none-eabi/9.3.1/../../../../arm-none-eabi/lib/thumb/v7e-m+fp/hard/libc_nano.a(lib_a-findfp.o) (_malloc_r)
/usr/local/gcc-arm-none-eabi-9-2020-q2-update/bin/../lib/gcc/arm-none-eabi/9.3.1/../../../../arm-none-eabi/lib/thumb/v7e-m+fp/hard/libc_nano.a(lib_a-nano-vfprintf.o)
                              /usr/local/gcc-arm-none-eabi-9-2020-q2-update/bin/../lib/gcc/arm-none-eabi/9.3.1/../../../../arm-none-eabi/lib/thumb/v7e-m+fp/hard/libc_nano.a(lib_a-printf.o) (_vfprintf_r)
/usr/local/gcc-arm-none-eabi-9-2020-q2-update/bin/../lib/gcc/arm-none-eabi/9.3.1/../../../../arm-none-eabi/lib/thumb/v7e-m+fp/hard/libc_nano.a(lib_a-nano-vfprintf_i.o)
                              /usr/local/gcc-arm-none-eabi-9-2020-q2-update/bin/../lib/gcc/arm-none-eabi/9.3.1/../../../../arm-none-eabi/lib/thumb/v7e-m+fp/hard/libc_nano.a(lib_a-nano-vfprintf.o) (_printf_i)
/usr/local/gcc-arm-none-eabi-9-2020-q2-update/bin/../lib/gcc/arm-none-eabi/9.3.1/../../../../arm-none-eabi/lib/thumb/v7e-m+fp/hard/libc_nano.a(lib_a-sbrkr.o)
                              /usr/local/gcc-arm-none-eabi-9-2020-q2-update/bin/../lib/gcc/arm-none-eabi/9.3.1/../../../../arm-none-eabi/lib/thumb/v7e-m+fp/hard/libc_nano.a(lib_a-nano-mallocr.o) (_sbrk_r)
[...]
Memory Configuration

Name             Origin             Length             Attributes
FLASH            0x0000000000000000 0x0000000000100000 xr
RAM              0x0000000020000000 0x0000000000040000 xrw
*default*        0x0000000000000000 0xffffffffffffffff

Linker script and memory map


.text           0x0000000000000000     0x4678
 *(.isr_vector)
 .isr_vector    0x0000000000000000      0x200 _build/nrf52840_xxaa/gcc_startup_nrf52840.S.o
                0x0000000000000000                __isr_vector
 *(.text*)
 .text          0x0000000000000200       0x40 /usr/local/gcc-arm-none-eabi-9-2020-q2-update/bin/../lib/gcc/arm-none-eabi/9.3.1/thumb/v7e-m+fp/hard/crtbegin.o
 .text          0x0000000000000240       0x7c /usr/local/gcc-arm-none-eabi-9-2020-q2-update/bin/../lib/gcc/arm-none-eabi/9.3.1/../../../../arm-none-eabi/lib/thumb/v7e-m+fp/hard/crt0.o
                0x0000000000000240                _stack_init
                0x0000000000000248                _mainCRTStartup
                0x0000000000000248                _start
 .text          0x00000000000002bc       0x3c _build/nrf52840_xxaa/gcc_startup_nrf52840.S.o
                0x00000000000002bc                Reset_Handler
                0x00000000000002e4                NMI_Handler
                0x00000000000002e6                HardFault_Handler
                0x00000000000002e8                MemoryManagement_Handler
                0x00000000000002ea                BusFault_Handler
                0x00000000000002ec                UsageFault_Handler
                0x00000000000002ee                SVC_Handler
                0x00000000000002f0                DebugMon_Handler
                0x00000000000002f2                PendSV_Handler
                0x00000000000002f4                SysTick_Handler
                0x00000000000002f6                TIMER2_IRQHandler
                0x00000000000002f6                RTC0_IRQHandler
                0x00000000000002f6                SWI0_EGU0_IRQHandler
                0x00000000000002f6                SWI2_EGU2_IRQHandler
                0x00000000000002f6                GPIOTE_IRQHandler
                0x00000000000002f6                PWM1_IRQHandler
                0x00000000000002f6                POWER_CLOCK_IRQHandler
                0x00000000000002f6                RADIO_IRQHandler
                0x00000000000002f6                PDM_IRQHandler
                0x00000000000002f6                TEMP_IRQHandler
                0x00000000000002f6                QDEC_IRQHandler
                0x00000000000002f6                TIMER3_IRQHandler
                0x00000000000002f6                PWM3_IRQHandler
                0x00000000000002f6                FPU_IRQHandler
                0x00000000000002f6                USBD_IRQHandler
                0x00000000000002f6                TIMER4_IRQHandler
                0x00000000000002f6                CRYPTOCELL_IRQHandler
                0x00000000000002f6                I2S_IRQHandler
                0x00000000000002f6                SWI4_EGU4_IRQHandler
                0x00000000000002f6                TIMER0_IRQHandler
                0x00000000000002f6                UARTE1_IRQHandler
                0x00000000000002f6                TIMER1_IRQHandler
                0x00000000000002f6                SPIM3_IRQHandler
                0x00000000000002f6                PWM2_IRQHandler
                0x00000000000002f6                ECB_IRQHandler
                0x00000000000002f6                SPIM1_SPIS1_TWIM1_TWIS1_SPI1_TWI1_IRQHandler
                0x00000000000002f6                Default_Handler
                0x00000000000002f6                SAADC_IRQHandler
                0x00000000000002f6                CCM_AAR_IRQHandler
                0x00000000000002f6                WDT_IRQHandler
                0x00000000000002f6                SWI5_EGU5_IRQHandler
                0x00000000000002f6                RNG_IRQHandler
                0x00000000000002f6                RTC2_IRQHandler
                0x00000000000002f6                PWM0_IRQHandler
                0x00000000000002f6                SWI3_EGU3_IRQHandler
                0x00000000000002f6                RTC1_IRQHandler
                0x00000000000002f6                SWI1_EGU1_IRQHandler
                0x00000000000002f6                SPIM2_SPIS2_SPI2_IRQHandler
                0x00000000000002f6                NFCT_IRQHandler
                0x00000000000002f6                MWU_IRQHandler
                0x00000000000002f6                QSPI_IRQHandler
                0x00000000000002f6                COMP_LPCOMP_IRQHandler
 .text.bsp_board_leds_off
                0x00000000000002f8       0x2c _build/nrf52840_xxaa/boards.c.o
                0x00000000000002f8                bsp_board_leds_off
 .text.bsp_board_leds_on
                0x0000000000000324       0x2c _build/nrf52840_xxaa/boards.c.o
                0x0000000000000324                bsp_board_leds_on
 .text.bsp_board_init
                0x0000000000000350       0x5c _build/nrf52840_xxaa/boards.c.o
                0x0000000000000350                bsp_board_init
 .text.app_error_handler_bare
                0x00000000000003ac       0x20 _build/nrf52840_xxaa/app_error.c.o
                0x00000000000003ac                app_error_handler_bare
 .text.app_error_fault_handler
                0x00000000000003cc       0x34 _build/nrf52840_xxaa/app_error_weak.c.o
                0x00000000000003cc                app_error_fault_handler
 .text.app_fifo_init
                0x0000000000000400       0x20 _build/nrf52840_xxaa/app_fifo.c.o
                0x0000000000000400                app_fifo_init
 .text.app_fifo_put
                0x0000000000000420       0x30 _build/nrf52840_xxaa/app_fifo.c.o
                0x0000000000000420                app_fifo_put
 .text.app_fifo_get
                0x0000000000000450       0x2c _build/nrf52840_xxaa/app_fifo.c.o
                0x0000000000000450                app_fifo_get
 .text.uart_event_handler
                0x000000000000047c      0x120 _build/nrf52840_xxaa/app_uart_fifo.c.o
 .text.app_uart_init
                0x000000000000059c       0xf8 _build/nrf52840_xxaa/app_uart_fifo.c.o
                0x000000000000059c                app_uart_init
 .text.app_uart_get
                0x0000000000000694       0x5c _build/nrf52840_xxaa/app_uart_fifo.c.o
                0x0000000000000694                app_uart_get
 .text.app_uart_put
                0x00000000000006f0       0x74 _build/nrf52840_xxaa/app_uart_fifo.c.o
                0x00000000000006f0                app_uart_put
 .text.app_util_critical_region_enter
                0x0000000000000764       0x10 _build/nrf52840_xxaa/app_util_platform.c.o
                0x0000000000000764                app_util_critical_region_enter
 .text.app_util_critical_region_exit
                0x0000000000000774       0x14 _build/nrf52840_xxaa/app_util_platform.c.o
                0x0000000000000774                app_util_critical_region_exit
 .text._write   0x0000000000000788       0x1c _build/nrf52840_xxaa/retarget.c.o
                0x0000000000000788                _write
 .text._read    0x00000000000007a4       0x14 _build/nrf52840_xxaa/retarget.c.o
                0x00000000000007a4                _read
 .text.uarte_evt_handler
                0x00000000000007b8       0x34 _build/nrf52840_xxaa/nrf_drv_uart.c.o
 .text.uart_evt_handler
                0x00000000000007ec       0x34 _build/nrf52840_xxaa/nrf_drv_uart.c.o
 .text.nrf_drv_uart_init
                0x0000000000000820       0x88 _build/nrf52840_xxaa/nrf_drv_uart.c.o
                0x0000000000000820                nrf_drv_uart_init
 .text.UARTE0_UART0_IRQHandler
                0x00000000000008a8        0xc _build/nrf52840_xxaa/nrfx_prs.c.o
                0x00000000000008a8                UARTE0_UART0_IRQHandler
 .text.nrfx_prs_acquire
                0x00000000000008b4       0x3c _build/nrf52840_xxaa/nrfx_prs.c.o
                0x00000000000008b4                nrfx_prs_acquire
 .text.nrfx_uart_0_irq_handler
                0x00000000000008f0      0x1c4 _build/nrf52840_xxaa/nrfx_uart.c.o
                0x00000000000008f0                nrfx_uart_0_irq_handler
 .text.nrfx_uart_init
                0x0000000000000ab4      0x1f0 _build/nrf52840_xxaa/nrfx_uart.c.o
                0x0000000000000ab4                nrfx_uart_init
 .text.nrfx_uart_tx
                0x0000000000000ca4       0xd0 _build/nrf52840_xxaa/nrfx_uart.c.o
                0x0000000000000ca4                nrfx_uart_tx
 .text.nrfx_uart_tx_in_progress
                0x0000000000000d74       0x18 _build/nrf52840_xxaa/nrfx_uart.c.o
                0x0000000000000d74                nrfx_uart_tx_in_progress
 .text.nrfx_uart_rx
                0x0000000000000d8c      0x148 _build/nrf52840_xxaa/nrfx_uart.c.o
                0x0000000000000d8c                nrfx_uart_rx
 .text.nrfx_uarte_0_irq_handler
                0x0000000000000ed4      0x168 _build/nrf52840_xxaa/nrfx_uarte.c.o
                0x0000000000000ed4                nrfx_uarte_0_irq_handler
 .text.nrfx_uarte_init
                0x000000000000103c      0x228 _build/nrf52840_xxaa/nrfx_uarte.c.o
                0x000000000000103c                nrfx_uarte_init
 .text.nrfx_uarte_tx
                0x0000000000001264       0xb4 _build/nrf52840_xxaa/nrfx_uarte.c.o
                0x0000000000001264                nrfx_uarte_tx
 .text.nrfx_uarte_tx_in_progress
                0x0000000000001318       0x1c _build/nrf52840_xxaa/nrfx_uarte.c.o
                0x0000000000001318                nrfx_uarte_tx_in_progress
 .text.nrfx_uarte_rx
                0x0000000000001334      0x130 _build/nrf52840_xxaa/nrfx_uarte.c.o
                0x0000000000001334                nrfx_uarte_rx
 .text.twi_tx_start_transfer
                0x0000000000001464      0x2b0 _build/nrf52840_xxaa/nrfx_twi.c.o
 .text.twi_rx_start_transfer
                0x0000000000001714      0x288 _build/nrf52840_xxaa/nrfx_twi.c.o
 .text.SPIM0_SPIS0_TWIM0_TWIS0_SPI0_TWI0_IRQHandler
                0x000000000000199c      0x240 _build/nrf52840_xxaa/nrfx_twi.c.o
                0x000000000000199c                SPIM0_SPIS0_TWIM0_TWIS0_SPI0_TWI0_IRQHandler
 .text.nrfx_twi_init
                0x0000000000001bdc      0x134 _build/nrf52840_xxaa/nrfx_twi.c.o
                0x0000000000001bdc                nrfx_twi_init
 .text.nrfx_twi_enable
                0x0000000000001d10       0x20 _build/nrf52840_xxaa/nrfx_twi.c.o
                0x0000000000001d10                nrfx_twi_enable
 .text.nrfx_twi_tx
                0x0000000000001d30       0xa8 _build/nrf52840_xxaa/nrfx_twi.c.o
                0x0000000000001d30                nrfx_twi_tx
 .text.nrfx_twi_rx
                0x0000000000001dd8       0x94 _build/nrf52840_xxaa/nrfx_twi.c.o
                0x0000000000001dd8                nrfx_twi_rx
 .text.SystemInit
                0x0000000000001e6c      0x254 _build/nrf52840_xxaa/system_nrf52840.c.o
                0x0000000000001e6c                SystemInit
 .text.twi_evt_handler
                0x00000000000020c0       0x40 _build/nrf52840_xxaa/nrf_drv_twi.c.o
 .text.nrf_drv_twi_init
                0x0000000000002100      0x174 _build/nrf52840_xxaa/nrf_drv_twi.c.o
                0x0000000000002100                nrf_drv_twi_init
 .text.nrf_delay_ms.part.0
                0x0000000000002274       0x1c _build/nrf52840_xxaa/main.c.o
 .text.startup.main
                0x0000000000002290      0x3f8 _build/nrf52840_xxaa/main.c.o
                0x0000000000002290                main
 .text.uart_error_handler
                0x0000000000002688        0x4 _build/nrf52840_xxaa/UART.c.o
                0x0000000000002688                uart_error_handler
 .text.init_uart_nRF_PC
                0x000000000000268c       0x54 _build/nrf52840_xxaa/UART.c.o
                0x000000000000268c                init_uart_nRF_PC
 .text.display_help
                0x00000000000026e0      0x184 _build/nrf52840_xxaa/UART.c.o
                0x00000000000026e0                display_help
 .text.concatenate
                0x0000000000002864       0x1c _build/nrf52840_xxaa/UART.c.o
                0x0000000000002864                concatenate
 .text.init_twi
                0x0000000000002880       0x50 _build/nrf52840_xxaa/twi.c.o
                0x0000000000002880                init_twi
 .text.twi_scan
                0x00000000000028d0       0x60 _build/nrf52840_xxaa/twi.c.o
                0x00000000000028d0                twi_scan
 .text.eeprom_eraseall
                0x0000000000002930       0xc4 _build/nrf52840_xxaa/twi.c.o
                0x0000000000002930                eeprom_eraseall
 .text.eeprom_dump
                0x00000000000029f4       0xec _build/nrf52840_xxaa/twi.c.o
                0x00000000000029f4                eeprom_dump
 .text.eeprom_cmd_write
                0x0000000000002ae0       0xa0 _build/nrf52840_xxaa/twi.c.o
                0x0000000000002ae0                eeprom_cmd_write
 .text.eeprom_cmd_read
                0x0000000000002b80       0xb0 _build/nrf52840_xxaa/twi.c.o
                0x0000000000002b80                eeprom_cmd_read
 .text.eeprom_cmd_delete
                0x0000000000002c30       0x88 _build/nrf52840_xxaa/twi.c.o
                0x0000000000002c30                eeprom_cmd_delete
 .text.exit     0x0000000000002cb8       0x28 /usr/local/gcc-arm-none-eabi-9-2020-q2-update/bin/../lib/gcc/arm-none-eabi/9.3.1/../../../../arm-none-eabi/lib/thumb/v7e-m+fp/hard/libc_nano.a(lib_a-exit.o)
                0x0000000000002cb8                exit
 .text.__libc_init_array
                0x0000000000002ce0       0x48 /usr/local/gcc-arm-none-eabi-9-2020-q2-update/bin/../lib/gcc/arm-none-eabi/9.3.1/../../../../arm-none-eabi/lib/thumb/v7e-m+fp/hard/libc_nano.a(lib_a-init.o)
                0x0000000000002ce0                __libc_init_array
 .text.memcpy   0x0000000000002d28       0x1c /usr/local/gcc-arm-none-eabi-9-2020-q2-update/bin/../lib/gcc/arm-none-eabi/9.3.1/../../../../arm-none-eabi/lib/thumb/v7e-m+fp/hard/libc_nano.a(lib_a-memcpy-stub.o)
                0x0000000000002d28                memcpy
 .text.memset   0x0000000000002d44       0x10 /usr/local/gcc-arm-none-eabi-9-2020-q2-update/bin/../lib/gcc/arm-none-eabi/9.3.1/../../../../arm-none-eabi/lib/thumb/v7e-m+fp/hard/libc_nano.a(lib_a-memset.o)
                0x0000000000002d44                memset
 .text.printf   0x0000000000002d54       0x30 /usr/local/gcc-arm-none-eabi-9-2020-q2-update/bin/../lib/gcc/arm-none-eabi/9.3.1/../../../../arm-none-eabi/lib/thumb/v7e-m+fp/hard/libc_nano.a(lib_a-printf.o)
                0x0000000000002d54                printf
                0x0000000000002d54                iprintf
 .text.std      0x0000000000002d84       0x48 /usr/local/gcc-arm-none-eabi-9-2020-q2-update/bin/../lib/gcc/arm-none-eabi/9.3.1/../../../../arm-none-eabi/lib/thumb/v7e-m+fp/hard/libc_nano.a(lib_a-findfp.o)
 .text._cleanup_r
                0x0000000000002dcc        0xc /usr/local/gcc-arm-none-eabi-9-2020-q2-update/bin/../lib/gcc/arm-none-eabi/9.3.1/../../../../arm-none-eabi/lib/thumb/v7e-m+fp/hard/libc_nano.a(lib_a-findfp.o)
                0x0000000000002dcc                _cleanup_r
 .text.__sfmoreglue
                0x0000000000002dd8       0x2c /usr/local/gcc-arm-none-eabi-9-2020-q2-update/bin/../lib/gcc/arm-none-eabi/9.3.1/../../../../arm-none-eabi/lib/thumb/v7e-m+fp/hard/libc_nano.a(lib_a-findfp.o)
                0x0000000000002dd8                __sfmoreglue
 .text.__sfp_lock_acquire
                0x0000000000002e04        0xc /usr/local/gcc-arm-none-eabi-9-2020-q2-update/bin/../lib/gcc/arm-none-eabi/9.3.1/../../../../arm-none-eabi/lib/thumb/v7e-m+fp/hard/libc_nano.a(lib_a-findfp.o)
                0x0000000000002e04                __sfp_lock_acquire
 .text.__sfp_lock_release
                0x0000000000002e10        0xc /usr/local/gcc-arm-none-eabi-9-2020-q2-update/bin/../lib/gcc/arm-none-eabi/9.3.1/../../../../arm-none-eabi/lib/thumb/v7e-m+fp/hard/libc_nano.a(lib_a-findfp.o)
                0x0000000000002e10                __sfp_lock_release
 .text.__sinit_lock_acquire
                0x0000000000002e1c        0xc /usr/local/gcc-arm-none-eabi-9-2020-q2-update/bin/../lib/gcc/arm-none-eabi/9.3.1/../../../../arm-none-eabi/lib/thumb/v7e-m+fp/hard/libc_nano.a(lib_a-findfp.o)
                0x0000000000002e1c                __sinit_lock_acquire
 .text.__sinit_lock_release
                0x0000000000002e28        0xc /usr/local/gcc-arm-none-eabi-9-2020-q2-update/bin/../lib/gcc/arm-none-eabi/9.3.1/../../../../arm-none-eabi/lib/thumb/v7e-m+fp/hard/libc_nano.a(lib_a-findfp.o)
                0x0000000000002e28                __sinit_lock_release
 .text.__sinit  0x0000000000002e34       0x70 /usr/local/gcc-arm-none-eabi-9-2020-q2-update/bin/../lib/gcc/arm-none-eabi/9.3.1/../../../../arm-none-eabi/lib/thumb/v7e-m+fp/hard/libc_nano.a(lib_a-findfp.o)
                0x0000000000002e34                __sinit
 .text.__sfp    0x0000000000002ea4       0x8c /usr/local/gcc-arm-none-eabi-9-2020-q2-update/bin/../lib/gcc/arm-none-eabi/9.3.1/../../../../arm-none-eabi/lib/thumb/v7e-m+fp/hard/libc_nano.a(lib_a-findfp.o)
                0x0000000000002ea4                __sfp
 .text._fwalk_reent
                0x0000000000002f30       0x3e /usr/local/gcc-arm-none-eabi-9-2020-q2-update/bin/../lib/gcc/arm-none-eabi/9.3.1/../../../../arm-none-eabi/lib/thumb/v7e-m+fp/hard/libc_nano.a(lib_a-fwalk.o)
                0x0000000000002f30                _fwalk_reent
 .text.__retarget_lock_init_recursive
                0x0000000000002f6e        0x2 /usr/local/gcc-arm-none-eabi-9-2020-q2-update/bin/../lib/gcc/arm-none-eabi/9.3.1/../../../../arm-none-eabi/lib/thumb/v7e-m+fp/hard/libc_nano.a(lib_a-lock.o)
                0x0000000000002f6e                __retarget_lock_init_recursive
 .text.__retarget_lock_acquire_recursive
                0x0000000000002f70        0x2 /usr/local/gcc-arm-none-eabi-9-2020-q2-update/bin/../lib/gcc/arm-none-eabi/9.3.1/../../../../arm-none-eabi/lib/thumb/v7e-m+fp/hard/libc_nano.a(lib_a-lock.o)
                0x0000000000002f70                __retarget_lock_acquire_recursive
 .text.__retarget_lock_release_recursive
                0x0000000000002f72        0x2 /usr/local/gcc-arm-none-eabi-9-2020-q2-update/bin/../lib/gcc/arm-none-eabi/9.3.1/../../../../arm-none-eabi/lib/thumb/v7e-m+fp/hard/libc_nano.a(lib_a-lock.o)
                0x0000000000002f72                __retarget_lock_release_recursive
 .text._malloc_r
                0x0000000000002f74       0xb4 /usr/local/gcc-arm-none-eabi-9-2020-q2-update/bin/../lib/gcc/arm-none-eabi/9.3.1/../../../../arm-none-eabi/lib/thumb/v7e-m+fp/hard/libc_nano.a(lib_a-nano-mallocr.o)
                0x0000000000002f74                _malloc_r
 .text.__sfputc_r
                0x0000000000003028       0x2e /usr/local/gcc-arm-none-eabi-9-2020-q2-update/bin/../lib/gcc/arm-none-eabi/9.3.1/../../../../arm-none-eabi/lib/thumb/v7e-m+fp/hard/libc_nano.a(lib_a-nano-vfprintf.o)
 .text.__sfputs_r
                0x0000000000003056       0x24 /usr/local/gcc-arm-none-eabi-9-2020-q2-update/bin/../lib/gcc/arm-none-eabi/9.3.1/../../../../arm-none-eabi/lib/thumb/v7e-m+fp/hard/libc_nano.a(lib_a-nano-vfprintf.o)
                0x0000000000003056                __sfputs_r
 *fill*         0x000000000000307a        0x2 
 .text._vfprintf_r
                0x000000000000307c      0x260 /usr/local/gcc-arm-none-eabi-9-2020-q2-update/bin/../lib/gcc/arm-none-eabi/9.3.1/../../../../arm-none-eabi/lib/thumb/v7e-m+fp/hard/libc_nano.a(lib_a-nano-vfprintf.o)
                0x000000000000307c                _vfiprintf_r
                0x000000000000307c                _vfprintf_r
 .text._printf_common
                0x00000000000032dc       0xda /usr/local/gcc-arm-none-eabi-9-2020-q2-update/bin/../lib/gcc/arm-none-eabi/9.3.1/../../../../arm-none-eabi/lib/thumb/v7e-m+fp/hard/libc_nano.a(lib_a-nano-vfprintf_i.o)
                0x00000000000032dc                _printf_common
 *fill*         0x00000000000033b6        0x2 
 .text._printf_i
                0x00000000000033b8      0x24c /usr/local/gcc-arm-none-eabi-9-2020-q2-update/bin/../lib/gcc/arm-none-eabi/9.3.1/../../../../arm-none-eabi/lib/thumb/v7e-m+fp/hard/libc_nano.a(lib_a-nano-vfprintf_i.o)
                0x00000000000033b8                _printf_i
 .text._sbrk_r  0x0000000000003604       0x20 /usr/local/gcc-arm-none-eabi-9-2020-q2-update/bin/../lib/gcc/arm-none-eabi/9.3.1/../../../../arm-none-eabi/lib/thumb/v7e-m+fp/hard/libc_nano.a(lib_a-sbrkr.o)
                0x0000000000003604                _sbrk_r
 .text.__sread  0x0000000000003624       0x22 /usr/local/gcc-arm-none-eabi-9-2020-q2-update/bin/../lib/gcc/arm-none-eabi/9.3.1/../../../../arm-none-eabi/lib/thumb/v7e-m+fp/hard/libc_nano.a(lib_a-stdio.o)
                0x0000000000003624                __sread
 .text.__swrite
                0x0000000000003646       0x38 /usr/local/gcc-arm-none-eabi-9-2020-q2-update/bin/../lib/gcc/arm-none-eabi/9.3.1/../../../../arm-none-eabi/lib/thumb/v7e-m+fp/hard/libc_nano.a(lib_a-stdio.o)
                0x0000000000003646                __swrite
 .text.__sseek  0x000000000000367e       0x24 /usr/local/gcc-arm-none-eabi-9-2020-q2-update/bin/../lib/gcc/arm-none-eabi/9.3.1/../../../../arm-none-eabi/lib/thumb/v7e-m+fp/hard/libc_nano.a(lib_a-stdio.o)
                0x000000000000367e                __sseek
 .text.__sclose
                0x00000000000036a2        0x8 /usr/local/gcc-arm-none-eabi-9-2020-q2-update/bin/../lib/gcc/arm-none-eabi/9.3.1/../../../../arm-none-eabi/lib/thumb/v7e-m+fp/hard/libc_nano.a(lib_a-stdio.o)
                0x00000000000036a2                __sclose
 *fill*         0x00000000000036aa        0x2 
 .text.__swbuf_r
                0x00000000000036ac       0xa4 /usr/local/gcc-arm-none-eabi-9-2020-q2-update/bin/../lib/gcc/arm-none-eabi/9.3.1/../../../../arm-none-eabi/lib/thumb/v7e-m+fp/hard/libc_nano.a(lib_a-wbuf.o)
                0x00000000000036ac                __swbuf_r
 .text._write_r
                0x0000000000003750       0x24 /usr/local/gcc-arm-none-eabi-9-2020-q2-update/bin/../lib/gcc/arm-none-eabi/9.3.1/../../../../arm-none-eabi/lib/thumb/v7e-m+fp/hard/libc_nano.a(lib_a-writer.o)
                0x0000000000003750                _write_r
 .text.__swsetup_r
                0x0000000000003774       0xdc /usr/local/gcc-arm-none-eabi-9-2020-q2-update/bin/../lib/gcc/arm-none-eabi/9.3.1/../../../../arm-none-eabi/lib/thumb/v7e-m+fp/hard/libc_nano.a(lib_a-wsetup.o)
                0x0000000000003774                __swsetup_r
 .text._close_r
                0x0000000000003850       0x20 /usr/local/gcc-arm-none-eabi-9-2020-q2-update/bin/../lib/gcc/arm-none-eabi/9.3.1/../../../../arm-none-eabi/lib/thumb/v7e-m+fp/hard/libc_nano.a(lib_a-closer.o)
                0x0000000000003850                _close_r
 .text.__sflush_r
                0x0000000000003870      0x10c /usr/local/gcc-arm-none-eabi-9-2020-q2-update/bin/../lib/gcc/arm-none-eabi/9.3.1/../../../../arm-none-eabi/lib/thumb/v7e-m+fp/hard/libc_nano.a(lib_a-fflush.o)
                0x0000000000003870                __sflush_r
 .text._fflush_r
                0x000000000000397c       0x78 /usr/local/gcc-arm-none-eabi-9-2020-q2-update/bin/../lib/gcc/arm-none-eabi/9.3.1/../../../../arm-none-eabi/lib/thumb/v7e-m+fp/hard/libc_nano.a(lib_a-fflush.o)
                0x000000000000397c                _fflush_r
 .text._lseek_r
                0x00000000000039f4       0x24 /usr/local/gcc-arm-none-eabi-9-2020-q2-update/bin/../lib/gcc/arm-none-eabi/9.3.1/../../../../arm-none-eabi/lib/thumb/v7e-m+fp/hard/libc_nano.a(lib_a-lseekr.o)
                0x00000000000039f4                _lseek_r
 .text.__swhatbuf_r
                0x0000000000003a18       0x48 /usr/local/gcc-arm-none-eabi-9-2020-q2-update/bin/../lib/gcc/arm-none-eabi/9.3.1/../../../../arm-none-eabi/lib/thumb/v7e-m+fp/hard/libc_nano.a(lib_a-makebuf.o)
                0x0000000000003a18                __swhatbuf_r
 .text.__smakebuf_r
                0x0000000000003a60       0x80 /usr/local/gcc-arm-none-eabi-9-2020-q2-update/bin/../lib/gcc/arm-none-eabi/9.3.1/../../../../arm-none-eabi/lib/thumb/v7e-m+fp/hard/libc_nano.a(lib_a-makebuf.o)
                0x0000000000003a60                __smakebuf_r
 .text          0x0000000000003ae0       0xa0 /usr/local/gcc-arm-none-eabi-9-2020-q2-update/bin/../lib/gcc/arm-none-eabi/9.3.1/../../../../arm-none-eabi/lib/thumb/v7e-m+fp/hard/libc_nano.a(lib_a-memchr.o)
                0x0000000000003ae0                memchr
 .text.__malloc_lock
                0x0000000000003b80        0xc /usr/local/gcc-arm-none-eabi-9-2020-q2-update/bin/../lib/gcc/arm-none-eabi/9.3.1/../../../../arm-none-eabi/lib/thumb/v7e-m+fp/hard/libc_nano.a(lib_a-mlock.o)
                0x0000000000003b80                __malloc_lock
 .text.__malloc_unlock
                0x0000000000003b8c        0xc /usr/local/gcc-arm-none-eabi-9-2020-q2-update/bin/../lib/gcc/arm-none-eabi/9.3.1/../../../../arm-none-eabi/lib/thumb/v7e-m+fp/hard/libc_nano.a(lib_a-mlock.o)
                0x0000000000003b8c                __malloc_unlock
 .text._free_r  0x0000000000003b98       0xa0 /usr/local/gcc-arm-none-eabi-9-2020-q2-update/bin/../lib/gcc/arm-none-eabi/9.3.1/../../../../arm-none-eabi/lib/thumb/v7e-m+fp/hard/libc_nano.a(lib_a-nano-freer.o)
                0x0000000000003b98                _free_r
 .text._read_r  0x0000000000003c38       0x24 /usr/local/gcc-arm-none-eabi-9-2020-q2-update/bin/../lib/gcc/arm-none-eabi/9.3.1/../../../../arm-none-eabi/lib/thumb/v7e-m+fp/hard/libc_nano.a(lib_a-readr.o)
                0x0000000000003c38                _read_r
 .text._fstat_r
                0x0000000000003c5c       0x24 /usr/local/gcc-arm-none-eabi-9-2020-q2-update/bin/../lib/gcc/arm-none-eabi/9.3.1/../../../../arm-none-eabi/lib/thumb/v7e-m+fp/hard/libc_nano.a(lib_a-fstatr.o)
                0x0000000000003c5c                _fstat_r
 .text._isatty_r
                0x0000000000003c80       0x20 /usr/local/gcc-arm-none-eabi-9-2020-q2-update/bin/../lib/gcc/arm-none-eabi/9.3.1/../../../../arm-none-eabi/lib/thumb/v7e-m+fp/hard/libc_nano.a(lib_a-isattyr.o)
                0x0000000000003c80                _isatty_r
 .text._close   0x0000000000003ca0       0x10 /usr/local/gcc-arm-none-eabi-9-2020-q2-update/bin/../lib/gcc/arm-none-eabi/9.3.1/../../../../arm-none-eabi/lib/thumb/v7e-m+fp/hard/libnosys.a(close.o)
                0x0000000000003ca0                _close
 .text._fstat   0x0000000000003cb0       0x10 /usr/local/gcc-arm-none-eabi-9-2020-q2-update/bin/../lib/gcc/arm-none-eabi/9.3.1/../../../../arm-none-eabi/lib/thumb/v7e-m+fp/hard/libnosys.a(fstat.o)
                0x0000000000003cb0                _fstat
 .text._isatty  0x0000000000003cc0       0x10 /usr/local/gcc-arm-none-eabi-9-2020-q2-update/bin/../lib/gcc/arm-none-eabi/9.3.1/../../../../arm-none-eabi/lib/thumb/v7e-m+fp/hard/libnosys.a(isatty.o)
                0x0000000000003cc0                _isatty
 .text._lseek   0x0000000000003cd0       0x10 /usr/local/gcc-arm-none-eabi-9-2020-q2-update/bin/../lib/gcc/arm-none-eabi/9.3.1/../../../../arm-none-eabi/lib/thumb/v7e-m+fp/hard/libnosys.a(lseek.o)
                0x0000000000003cd0                _lseek
 .text._sbrk    0x0000000000003ce0       0x1c /usr/local/gcc-arm-none-eabi-9-2020-q2-update/bin/../lib/gcc/arm-none-eabi/9.3.1/../../../../arm-none-eabi/lib/thumb/v7e-m+fp/hard/libnosys.a(sbrk.o)
                0x0000000000003ce0                _sbrk
 .text._exit    0x0000000000003cfc        0x4 /usr/local/gcc-arm-none-eabi-9-2020-q2-update/bin/../lib/gcc/arm-none-eabi/9.3.1/../../../../arm-none-eabi/lib/thumb/v7e-m+fp/hard/libnosys.a(_exit.o)
                0x0000000000003cfc                _exit
 *(.init)
 .init          0x0000000000003d00        0x4 /usr/local/gcc-arm-none-eabi-9-2020-q2-update/bin/../lib/gcc/arm-none-eabi/9.3.1/thumb/v7e-m+fp/hard/crti.o
                0x0000000000003d00                _init
 .init          0x0000000000003d04        0x8 /usr/local/gcc-arm-none-eabi-9-2020-q2-update/bin/../lib/gcc/arm-none-eabi/9.3.1/thumb/v7e-m+fp/hard/crtn.o
 *(.fini)
 .fini          0x0000000000003d0c        0x4 /usr/local/gcc-arm-none-eabi-9-2020-q2-update/bin/../lib/gcc/arm-none-eabi/9.3.1/thumb/v7e-m+fp/hard/crti.o
                0x0000000000003d0c                _fini
 .fini          0x0000000000003d10        0x8 /usr/local/gcc-arm-none-eabi-9-2020-q2-update/bin/../lib/gcc/arm-none-eabi/9.3.1/thumb/v7e-m+fp/hard/crtn.o
 *crtbegin.o(.ctors)
 *crtbegin?.o(.ctors)
 *(EXCLUDE_FILE(*crtend.o *crtend?.o) .ctors)
 *(SORT_BY_NAME(.ctors.*))
 *(.ctors)
 *crtbegin.o(.dtors)
 *crtbegin?.o(.dtors)
 *(EXCLUDE_FILE(*crtend.o *crtend?.o) .dtors)
 *(SORT_BY_NAME(.dtors.*))
 *(.dtors)
 *(.rodata*)
 .rodata        0x0000000000003d18       0x20 _build/nrf52840_xxaa/app_uart_fifo.c.o
 .rodata.CSWTCH.15
                0x0000000000003d38        0x6 _build/nrf52840_xxaa/system_nrf52840.c.o
 *fill*         0x0000000000003d3e        0x2 
 .rodata.CSWTCH.6
                0x0000000000003d40        0x6 _build/nrf52840_xxaa/system_nrf52840.c.o
 *fill*         0x0000000000003d46        0xa 
 .rodata.delay_machine_code.8378
                0x0000000000003d50        0x6 _build/nrf52840_xxaa/nrf_drv_twi.c.o
 *fill*         0x0000000000003d56        0x2 
 .rodata.main.str1.4
                0x0000000000003d58      0x139 _build/nrf52840_xxaa/main.c.o
 *fill*         0x0000000000003e91        0x3 
 .rodata        0x0000000000003e94       0x20 _build/nrf52840_xxaa/main.c.o
 *fill*         0x0000000000003eb4        0xc 
 .rodata.delay_machine_code.8514
                0x0000000000003ec0        0x6 _build/nrf52840_xxaa/main.c.o
 *fill*         0x0000000000003ec6        0x2 
 .rodata.display_help.str1.4
                0x0000000000003ec8      0x3fa _build/nrf52840_xxaa/UART.c.o
 *fill*         0x00000000000042c2        0x2 
 .rodata        0x00000000000042c4       0x18 _build/nrf52840_xxaa/UART.c.o
 *fill*         0x00000000000042dc        0x4 
 .rodata.delay_machine_code.8427
                0x00000000000042e0        0x6 _build/nrf52840_xxaa/UART.c.o
 *fill*         0x00000000000042e6        0x2 
 .rodata.twi_scan.str1.4
                0x00000000000042e8       0x5b _build/nrf52840_xxaa/twi.c.o
 *fill*         0x0000000000004343        0x1 
 .rodata.eeprom_write.str1.4
                0x0000000000004344       0x50 _build/nrf52840_xxaa/twi.c.o
 .rodata.eeprom_print_hex.str1.4
                0x0000000000004394        0x6 _build/nrf52840_xxaa/twi.c.o
 *fill*         0x000000000000439a        0x2 
 .rodata.eeprom_eraseall.str1.4
                0x000000000000439c       0x4e _build/nrf52840_xxaa/twi.c.o
 *fill*         0x00000000000043ea        0x2 
 .rodata.eeprom_dump.str1.4
                0x00000000000043ec       0x67 _build/nrf52840_xxaa/twi.c.o
                                         0x6b (size before relaxing)
 *fill*         0x0000000000004453        0x1 
 .rodata.eeprom_cmd_write.str1.4
                0x0000000000004454       0x3b _build/nrf52840_xxaa/twi.c.o
 *fill*         0x000000000000448f        0x1 
 .rodata.eeprom_cmd_read.str1.4
                0x0000000000004490        0xf _build/nrf52840_xxaa/twi.c.o
 *fill*         0x000000000000449f        0x1 
 .rodata.eeprom_cmd_delete.str1.4
                0x00000000000044a0       0x18 _build/nrf52840_xxaa/twi.c.o
 *fill*         0x00000000000044b8        0x8 
 .rodata.delay_machine_code.8768
                0x00000000000044c0        0x6 _build/nrf52840_xxaa/twi.c.o
 *fill*         0x00000000000044c6        0x2 
 .rodata.m_twi  0x00000000000044c8       0x10 _build/nrf52840_xxaa/twi.c.o
 .rodata._ctype_
                0x00000000000044d8      0x101 /usr/local/gcc-arm-none-eabi-9-2020-q2-update/bin/../lib/gcc/arm-none-eabi/9.3.1/../../../../arm-none-eabi/lib/thumb/v7e-m+fp/hard/libc_nano.a(lib_a-ctype_.o)
                0x00000000000044d8                _ctype_
 *fill*         0x00000000000045d9        0x3 
 .rodata._global_impure_ptr
                0x00000000000045dc        0x4 /usr/local/gcc-arm-none-eabi-9-2020-q2-update/bin/../lib/gcc/arm-none-eabi/9.3.1/../../../../arm-none-eabi/lib/thumb/v7e-m+fp/hard/libc_nano.a(lib_a-impure.o)
                0x00000000000045dc                _global_impure_ptr
 .rodata.__sf_fake_stderr
                0x00000000000045e0       0x20 /usr/local/gcc-arm-none-eabi-9-2020-q2-update/bin/../lib/gcc/arm-none-eabi/9.3.1/../../../../arm-none-eabi/lib/thumb/v7e-m+fp/hard/libc_nano.a(lib_a-findfp.o)
                0x00000000000045e0                __sf_fake_stderr
 .rodata.__sf_fake_stdin
                0x0000000000004600       0x20 /usr/local/gcc-arm-none-eabi-9-2020-q2-update/bin/../lib/gcc/arm-none-eabi/9.3.1/../../../../arm-none-eabi/lib/thumb/v7e-m+fp/hard/libc_nano.a(lib_a-findfp.o)
                0x0000000000004600                __sf_fake_stdin
 .rodata.__sf_fake_stdout
                0x0000000000004620       0x20 /usr/local/gcc-arm-none-eabi-9-2020-q2-update/bin/../lib/gcc/arm-none-eabi/9.3.1/../../../../arm-none-eabi/lib/thumb/v7e-m+fp/hard/libc_nano.a(lib_a-findfp.o)
                0x0000000000004620                __sf_fake_stdout
 .rodata._vfprintf_r.str1.1
                0x0000000000004640       0x11 /usr/local/gcc-arm-none-eabi-9-2020-q2-update/bin/../lib/gcc/arm-none-eabi/9.3.1/../../../../arm-none-eabi/lib/thumb/v7e-m+fp/hard/libc_nano.a(lib_a-nano-vfprintf.o)
 .rodata._printf_i.str1.1
                0x0000000000004651       0x22 /usr/local/gcc-arm-none-eabi-9-2020-q2-update/bin/../lib/gcc/arm-none-eabi/9.3.1/../../../../arm-none-eabi/lib/thumb/v7e-m+fp/hard/libc_nano.a(lib_a-nano-vfprintf_i.o)
 *(.eh_frame*)
 *fill*         0x0000000000004673        0x1 
 .eh_frame      0x0000000000004674        0x0 /usr/local/gcc-arm-none-eabi-9-2020-q2-update/bin/../lib/gcc/arm-none-eabi/9.3.1/thumb/v7e-m+fp/hard/crtbegin.o
 .eh_frame      0x0000000000004674        0x4 /usr/local/gcc-arm-none-eabi-9-2020-q2-update/bin/../lib/gcc/arm-none-eabi/9.3.1/thumb/v7e-m+fp/hard/crtend.o

.glue_7         0x0000000000004678        0x0
 .glue_7        0x0000000000004678        0x0 linker stubs

.glue_7t        0x0000000000004678        0x0
 .glue_7t       0x0000000000004678        0x0 linker stubs

.vfp11_veneer   0x0000000000004678        0x0
 .vfp11_veneer  0x0000000000004678        0x0 linker stubs

.v4_bx          0x0000000000004678        0x0
 .v4_bx         0x0000000000004678        0x0 linker stubs

.iplt           0x0000000000004678        0x0
 .iplt          0x0000000000004678        0x0 /usr/local/gcc-arm-none-eabi-9-2020-q2-update/bin/../lib/gcc/arm-none-eabi/9.3.1/thumb/v7e-m+fp/hard/crtbegin.o

.mem_section_dummy_rom

.log_const_data
                0x0000000000004678        0x0
                [!provide]                        PROVIDE (__start_log_const_data = .)
 *(SORT_BY_NAME(.log_const_data*))
                [!provide]                        PROVIDE (__stop_log_const_data = .)

.log_backends   0x0000000000004678        0x0
                [!provide]                        PROVIDE (__start_log_backends = .)
 *(SORT_BY_NAME(.log_backends*))
                [!provide]                        PROVIDE (__stop_log_backends = .)

.nrf_balloc     0x0000000000004678        0x0
                [!provide]                        PROVIDE (__start_nrf_balloc = .)
 *(.nrf_balloc)
                [!provide]                        PROVIDE (__stop_nrf_balloc = .)

.ARM.extab
 *(.ARM.extab* .gnu.linkonce.armextab.*)
                0x0000000000004678                __exidx_start = .

.ARM.exidx      0x0000000000004678        0x8
 *(.ARM.exidx* .gnu.linkonce.armexidx.*)
 .ARM.exidx     0x0000000000004678        0x8 /usr/local/gcc-arm-none-eabi-9-2020-q2-update/bin/../lib/gcc/arm-none-eabi/9.3.1/../../../../arm-none-eabi/lib/thumb/v7e-m+fp/hard/crt0.o
                                         0x10 (size before relaxing)
                0x0000000000004680                __exidx_end = .

.rel.dyn        0x0000000000004680        0x0
 .rel.iplt      0x0000000000004680        0x0 /usr/local/gcc-arm-none-eabi-9-2020-q2-update/bin/../lib/gcc/arm-none-eabi/9.3.1/thumb/v7e-m+fp/hard/crtbegin.o
                0x0000000000004680                . = ALIGN (0x4)
                0x0000000000004680                __etext = .

.data           0x0000000020000000       0x84 load address 0x0000000000004680
                0x0000000020000000                __data_start__ = .
 *(vtable)
 *(.data*)
 .data.app_uart_inst
                0x0000000020000000       0x14 _build/nrf52840_xxaa/app_uart_fifo.c.o
 .data.SystemCoreClock
                0x0000000020000014        0x4 _build/nrf52840_xxaa/system_nrf52840.c.o
                0x0000000020000014                SystemCoreClock
 .data._impure_ptr
                0x0000000020000018        0x4 /usr/local/gcc-arm-none-eabi-9-2020-q2-update/bin/../lib/gcc/arm-none-eabi/9.3.1/../../../../arm-none-eabi/lib/thumb/v7e-m+fp/hard/libc_nano.a(lib_a-impure.o)
                0x0000000020000018                _impure_ptr
 .data.impure_data
                0x000000002000001c       0x60 /usr/local/gcc-arm-none-eabi-9-2020-q2-update/bin/../lib/gcc/arm-none-eabi/9.3.1/../../../../arm-none-eabi/lib/thumb/v7e-m+fp/hard/libc_nano.a(lib_a-impure.o)
                0x000000002000007c                . = ALIGN (0x4)
                0x000000002000007c                PROVIDE (__preinit_array_start = .)
 *(.preinit_array)
                0x000000002000007c                PROVIDE (__preinit_array_end = .)
                0x000000002000007c                . = ALIGN (0x4)
                0x000000002000007c                PROVIDE (__init_array_start = .)
 *(SORT_BY_NAME(.init_array.*))
 *(.init_array)
 .init_array    0x000000002000007c        0x4 /usr/local/gcc-arm-none-eabi-9-2020-q2-update/bin/../lib/gcc/arm-none-eabi/9.3.1/thumb/v7e-m+fp/hard/crtbegin.o
                0x0000000020000080                PROVIDE (__init_array_end = .)
                0x0000000020000080                . = ALIGN (0x4)
                [!provide]                        PROVIDE (__fini_array_start = .)
 *(SORT_BY_NAME(.fini_array.*))
 *(.fini_array)
 .fini_array    0x0000000020000080        0x4 /usr/local/gcc-arm-none-eabi-9-2020-q2-update/bin/../lib/gcc/arm-none-eabi/9.3.1/thumb/v7e-m+fp/hard/crtbegin.o
                [!provide]                        PROVIDE (__fini_array_end = .)
 *(.jcr*)
                0x0000000020000084                . = ALIGN (0x4)
                0x0000000020000084                __data_end__ = .
LOAD /usr/local/gcc-arm-none-eabi-9-2020-q2-update/bin/../lib/gcc/arm-none-eabi/9.3.1/thumb/v7e-m+fp/hard/crti.o
LOAD /usr/local/gcc-arm-none-eabi-9-2020-q2-update/bin/../lib/gcc/arm-none-eabi/9.3.1/thumb/v7e-m+fp/hard/crtbegin.o
LOAD /usr/local/gcc-arm-none-eabi-9-2020-q2-update/bin/../lib/gcc/arm-none-eabi/9.3.1/../../../../arm-none-eabi/lib/thumb/v7e-m+fp/hard/crt0.o
LOAD _build/nrf52840_xxaa/gcc_startup_nrf52840.S.o
LOAD _build/nrf52840_xxaa/nrf_log_frontend.c.o
LOAD _build/nrf52840_xxaa/nrf_log_str_formatter.c.o
LOAD _build/nrf52840_xxaa/boards.c.o
LOAD _build/nrf52840_xxaa/app_error.c.o
LOAD _build/nrf52840_xxaa/app_error_handler_gcc.c.o
LOAD _build/nrf52840_xxaa/app_error_weak.c.o
LOAD _build/nrf52840_xxaa/app_fifo.c.o
LOAD _build/nrf52840_xxaa/app_uart_fifo.c.o
LOAD _build/nrf52840_xxaa/app_util_platform.c.o
LOAD _build/nrf52840_xxaa/nrf_assert.c.o
LOAD _build/nrf52840_xxaa/nrf_atomic.c.o
LOAD _build/nrf52840_xxaa/nrf_balloc.c.o
LOAD _build/nrf52840_xxaa/nrf_fprintf.c.o
LOAD _build/nrf52840_xxaa/nrf_fprintf_format.c.o
LOAD _build/nrf52840_xxaa/nrf_memobj.c.o
LOAD _build/nrf52840_xxaa/nrf_ringbuf.c.o
LOAD _build/nrf52840_xxaa/nrf_strerror.c.o
LOAD _build/nrf52840_xxaa/retarget.c.o
LOAD _build/nrf52840_xxaa/nrf_drv_uart.c.o
LOAD _build/nrf52840_xxaa/nrfx_atomic.c.o
LOAD _build/nrf52840_xxaa/nrfx_prs.c.o
LOAD _build/nrf52840_xxaa/nrfx_uart.c.o
LOAD _build/nrf52840_xxaa/nrfx_uarte.c.o
LOAD _build/nrf52840_xxaa/nrfx_twi.c.o
LOAD _build/nrf52840_xxaa/system_nrf52840.c.o
LOAD _build/nrf52840_xxaa/nrf_drv_twi.c.o
LOAD _build/nrf52840_xxaa/main.c.o
LOAD _build/nrf52840_xxaa/UART.c.o
LOAD _build/nrf52840_xxaa/twi.c.o
LOAD /usr/local/gcc-arm-none-eabi-9-2020-q2-update/bin/../lib/gcc/arm-none-eabi/9.3.1/../../../../arm-none-eabi/lib/thumb/v7e-m+fp/hard/libc_nano.a
LOAD /usr/local/gcc-arm-none-eabi-9-2020-q2-update/bin/../lib/gcc/arm-none-eabi/9.3.1/../../../../arm-none-eabi/lib/thumb/v7e-m+fp/hard/libnosys.a
LOAD /usr/local/gcc-arm-none-eabi-9-2020-q2-update/bin/../lib/gcc/arm-none-eabi/9.3.1/../../../../arm-none-eabi/lib/thumb/v7e-m+fp/hard/libm.a
START GROUP
LOAD /usr/local/gcc-arm-none-eabi-9-2020-q2-update/bin/../lib/gcc/arm-none-eabi/9.3.1/thumb/v7e-m+fp/hard/libgcc.a
LOAD /usr/local/gcc-arm-none-eabi-9-2020-q2-update/bin/../lib/gcc/arm-none-eabi/9.3.1/../../../../arm-none-eabi/lib/thumb/v7e-m+fp/hard/libg_nano.a
LOAD /usr/local/gcc-arm-none-eabi-9-2020-q2-update/bin/../lib/gcc/arm-none-eabi/9.3.1/../../../../arm-none-eabi/lib/thumb/v7e-m+fp/hard/libc_nano.a
END GROUP
START GROUP
LOAD /usr/local/gcc-arm-none-eabi-9-2020-q2-update/bin/../lib/gcc/arm-none-eabi/9.3.1/thumb/v7e-m+fp/hard/libgcc.a
LOAD /usr/local/gcc-arm-none-eabi-9-2020-q2-update/bin/../lib/gcc/arm-none-eabi/9.3.1/../../../../arm-none-eabi/lib/thumb/v7e-m+fp/hard/libc_nano.a
END GROUP
LOAD /usr/local/gcc-arm-none-eabi-9-2020-q2-update/bin/../lib/gcc/arm-none-eabi/9.3.1/thumb/v7e-m+fp/hard/crtend.o
LOAD /usr/local/gcc-arm-none-eabi-9-2020-q2-update/bin/../lib/gcc/arm-none-eabi/9.3.1/thumb/v7e-m+fp/hard/crtn.o
START GROUP
LOAD /usr/local/gcc-arm-none-eabi-9-2020-q2-update/bin/../lib/gcc/arm-none-eabi/9.3.1/thumb/v7e-m+fp/hard/libgcc.a
LOAD /usr/local/gcc-arm-none-eabi-9-2020-q2-update/bin/../lib/gcc/arm-none-eabi/9.3.1/../../../../arm-none-eabi/lib/thumb/v7e-m+fp/hard/libc.a
LOAD /usr/local/gcc-arm-none-eabi-9-2020-q2-update/bin/../lib/gcc/arm-none-eabi/9.3.1/../../../../arm-none-eabi/lib/thumb/v7e-m+fp/hard/libnosys.a
END GROUP

.igot.plt       0x0000000020000084        0x0 load address 0x0000000000004704
 .igot.plt      0x0000000020000084        0x0 /usr/local/gcc-arm-none-eabi-9-2020-q2-update/bin/../lib/gcc/arm-none-eabi/9.3.1/thumb/v7e-m+fp/hard/crtbegin.o
                0x0000000020000084                . = ALIGN (0x4)

.mem_section_dummy_ram

.log_dynamic_data
                0x0000000020000084        0x0
                [!provide]                        PROVIDE (__start_log_dynamic_data = .)
 *(SORT_BY_NAME(.log_dynamic_data*))
                [!provide]                        PROVIDE (__stop_log_dynamic_data = .)

.log_filter_data
                0x0000000020000084        0x0
                [!provide]                        PROVIDE (__start_log_filter_data = .)
 *(SORT_BY_NAME(.log_filter_data*))
                [!provide]                        PROVIDE (__stop_log_filter_data = .)

.bss            0x0000000020000088      0x324 load address 0x0000000000004708
                0x0000000020000088                . = ALIGN (0x4)
                0x0000000020000088                __bss_start__ = .
 *(.bss*)
 .bss           0x0000000020000088       0x1c /usr/local/gcc-arm-none-eabi-9-2020-q2-update/bin/../lib/gcc/arm-none-eabi/9.3.1/thumb/v7e-m+fp/hard/crtbegin.o
 .bss.m_event_handler
                0x00000000200000a4        0x4 _build/nrf52840_xxaa/app_uart_fifo.c.o
 .bss.m_rx_fifo
                0x00000000200000a8       0x10 _build/nrf52840_xxaa/app_uart_fifo.c.o
 .bss.m_rx_ovf  0x00000000200000b8        0x1 _build/nrf52840_xxaa/app_uart_fifo.c.o
 *fill*         0x00000000200000b9        0x3 
 .bss.m_tx_fifo
                0x00000000200000bc       0x10 _build/nrf52840_xxaa/app_uart_fifo.c.o
 .bss.rx_buffer
                0x00000000200000cc        0x1 _build/nrf52840_xxaa/app_uart_fifo.c.o
 *fill*         0x00000000200000cd        0x3 
 .bss.tx_buffer
                0x00000000200000d0        0x1 _build/nrf52840_xxaa/app_uart_fifo.c.o
 *fill*         0x00000000200000d1        0x3 
 .bss.m_in_critical_region
                0x00000000200000d4        0x4 _build/nrf52840_xxaa/app_util_platform.c.o
 .bss.m_contexts
                0x00000000200000d8        0x8 _build/nrf52840_xxaa/nrf_drv_uart.c.o
 .bss.m_handlers
                0x00000000200000e0        0x8 _build/nrf52840_xxaa/nrf_drv_uart.c.o
 .bss.m_prs_box_4
                0x00000000200000e8        0x8 _build/nrf52840_xxaa/nrfx_prs.c.o
 .bss.m_cb      0x00000000200000f0       0x2c _build/nrf52840_xxaa/nrfx_uart.c.o
 *fill*         0x000000002000011c        0x4 
 .bss.m_cb      0x0000000020000120       0x24 _build/nrf52840_xxaa/nrfx_uarte.c.o
 .bss.m_cb      0x0000000020000144       0x3c _build/nrf52840_xxaa/nrfx_twi.c.o
 .bss.m_contexts
                0x0000000020000180        0x8 _build/nrf52840_xxaa/nrf_drv_twi.c.o
 .bss.m_handlers
                0x0000000020000188        0x8 _build/nrf52840_xxaa/nrf_drv_twi.c.o
 .bss.rx_buf.9552
                0x0000000020000190      0x100 _build/nrf52840_xxaa/UART.c.o
 .bss.tx_buf.9553
                0x0000000020000290      0x100 _build/nrf52840_xxaa/UART.c.o
 .bss.__malloc_free_list
                0x0000000020000390        0x4 /usr/local/gcc-arm-none-eabi-9-2020-q2-update/bin/../lib/gcc/arm-none-eabi/9.3.1/../../../../arm-none-eabi/lib/thumb/v7e-m+fp/hard/libc_nano.a(lib_a-nano-mallocr.o)
                0x0000000020000390                __malloc_free_list
 .bss.__malloc_sbrk_start
                0x0000000020000394        0x4 /usr/local/gcc-arm-none-eabi-9-2020-q2-update/bin/../lib/gcc/arm-none-eabi/9.3.1/../../../../arm-none-eabi/lib/thumb/v7e-m+fp/hard/libc_nano.a(lib_a-nano-mallocr.o)
                0x0000000020000394                __malloc_sbrk_start
 .bss.heap_end.5507
                0x0000000020000398        0x4 /usr/local/gcc-arm-none-eabi-9-2020-q2-update/bin/../lib/gcc/arm-none-eabi/9.3.1/../../../../arm-none-eabi/lib/thumb/v7e-m+fp/hard/libnosys.a(sbrk.o)
 *(COMMON)
 COMMON         0x000000002000039c        0x2 _build/nrf52840_xxaa/nrf_drv_uart.c.o
                0x000000002000039c                nrf_drv_uart_use_easy_dma
 COMMON         0x000000002000039e        0x9 /usr/local/gcc-arm-none-eabi-9-2020-q2-update/bin/../lib/gcc/arm-none-eabi/9.3.1/../../../../arm-none-eabi/lib/thumb/v7e-m+fp/hard/libc_nano.a(lib_a-lock.o)
                0x000000002000039e                __lock___atexit_recursive_mutex
                0x000000002000039f                __lock___arc4random_mutex
                0x00000000200003a0                __lock___env_recursive_mutex
                0x00000000200003a1                __lock___sinit_recursive_mutex
                0x00000000200003a2                __lock___malloc_recursive_mutex
                0x00000000200003a3                __lock___at_quick_exit_mutex
                0x00000000200003a4                __lock___dd_hash_mutex
                0x00000000200003a5                __lock___tz_mutex
                0x00000000200003a6                __lock___sfp_recursive_mutex
 *fill*         0x00000000200003a7        0x1 
 COMMON         0x00000000200003a8        0x4 /usr/local/gcc-arm-none-eabi-9-2020-q2-update/bin/../lib/gcc/arm-none-eabi/9.3.1/../../../../arm-none-eabi/lib/thumb/v7e-m+fp/hard/libc_nano.a(lib_a-reent.o)
                0x00000000200003a8                errno
                0x00000000200003ac                . = ALIGN (0x4)
                0x00000000200003ac                __bss_end__ = .

.heap           0x00000000200003b0     0x2000
                0x00000000200003b0                __HeapBase = .
                0x00000000200003b0                __end__ = .
                0x00000000200003b0                PROVIDE (end = .)
 *(.heap*)
 .heap          0x00000000200003b0     0x2000 _build/nrf52840_xxaa/gcc_startup_nrf52840.S.o
                0x00000000200023b0                __HeapLimit = .

.stack_dummy    0x00000000200003b0     0x2000
 *(.stack*)
 .stack         0x00000000200003b0     0x2000 _build/nrf52840_xxaa/gcc_startup_nrf52840.S.o
                0x0000000020040000                __StackTop = (ORIGIN (RAM) + LENGTH (RAM))
                0x000000002003e000                __StackLimit = (__StackTop - SIZEOF (.stack_dummy))
                0x0000000020040000                PROVIDE (__stack = __StackTop)
                0x0000000000000001                ASSERT ((__StackLimit >= __HeapLimit), region RAM overflowed with stack)
                0x0000000000000088                DataInitFlashUsed = (__bss_start__ - __data_start__)
                0x0000000000004680                CodeFlashUsed = (__etext - ORIGIN (FLASH))
                0x0000000000004708                TotalFlashUsed = (CodeFlashUsed + DataInitFlashUsed)
                0x0000000000000001                ASSERT ((TotalFlashUsed <= LENGTH (FLASH)), region FLASH overflowed with .data and user data)
OUTPUT(_build/nrf52840_xxaa.out elf32-littlearm)
LOAD linker stubs

.ARM.attributes
                0x0000000000000000       0x30
 .ARM.attributes
                0x0000000000000000       0x1e /usr/local/gcc-arm-none-eabi-9-2020-q2-update/bin/../lib/gcc/arm-none-eabi/9.3.1/thumb/v7e-m+fp/hard/crti.o
 .ARM.attributes
                0x000000000000001e       0x34 /usr/local/gcc-arm-none-eabi-9-2020-q2-update/bin/../lib/gcc/arm-none-eabi/9.3.1/thumb/v7e-m+fp/hard/crtbegin.o
 .ARM.attributes
                0x0000000000000052       0x1c /usr/local/gcc-arm-none-eabi-9-2020-q2-update/bin/../lib/gcc/arm-none-eabi/9.3.1/../../../../arm-none-eabi/lib/thumb/v7e-m+fp/hard/crt0.o
 .ARM.attributes
                0x000000000000006e       0x20 _build/nrf52840_xxaa/gcc_startup_nrf52840.S.o
 .ARM.attributes
                0x000000000000008e       0x34 _build/nrf52840_xxaa/boards.c.o
 .ARM.attributes
                0x00000000000000c2       0x34 _build/nrf52840_xxaa/app_error.c.o
 .ARM.attributes
                0x00000000000000f6       0x34 _build/nrf52840_xxaa/app_error_weak.c.o
 .ARM.attributes
                0x000000000000012a       0x34 _build/nrf52840_xxaa/app_fifo.c.o
 .ARM.attributes
                0x000000000000015e       0x34 _build/nrf52840_xxaa/app_uart_fifo.c.o
 .ARM.attributes
                0x0000000000000192       0x34 _build/nrf52840_xxaa/app_util_platform.c.o
 .ARM.attributes
                0x00000000000001c6       0x34 _build/nrf52840_xxaa/retarget.c.o
 .ARM.attributes
                0x00000000000001fa       0x34 _build/nrf52840_xxaa/nrf_drv_uart.c.o
 .ARM.attributes
                0x000000000000022e       0x34 _build/nrf52840_xxaa/nrfx_prs.c.o
 .ARM.attributes
                0x0000000000000262       0x34 _build/nrf52840_xxaa/nrfx_uart.c.o
 .ARM.attributes
                0x0000000000000296       0x34 _build/nrf52840_xxaa/nrfx_uarte.c.o
 .ARM.attributes
                0x00000000000002ca       0x34 _build/nrf52840_xxaa/nrfx_twi.c.o
 .ARM.attributes
                0x00000000000002fe       0x34 _build/nrf52840_xxaa/system_nrf52840.c.o
 .ARM.attributes
                0x0000000000000332       0x34 _build/nrf52840_xxaa/nrf_drv_twi.c.o
 .ARM.attributes
                0x0000000000000366       0x34 _build/nrf52840_xxaa/main.c.o
 .ARM.attributes
                0x000000000000039a       0x34 _build/nrf52840_xxaa/UART.c.o
 .ARM.attributes
                0x00000000000003ce       0x34 _build/nrf52840_xxaa/twi.c.o
 .ARM.attributes
                0x0000000000000402       0x32 /usr/local/gcc-arm-none-eabi-9-2020-q2-update/bin/../lib/gcc/arm-none-eabi/9.3.1/../../../../arm-none-eabi/lib/thumb/v7e-m+fp/hard/libc_nano.a(lib_a-ctype_.o)
 .ARM.attributes
                0x0000000000000434       0x34 /usr/local/gcc-arm-none-eabi-9-2020-q2-update/bin/../lib/gcc/arm-none-eabi/9.3.1/../../../../arm-none-eabi/lib/thumb/v7e-m+fp/hard/libc_nano.a(lib_a-exit.o)
 .ARM.attributes
                0x0000000000000468       0x32 /usr/local/gcc-arm-none-eabi-9-2020-q2-update/bin/../lib/gcc/arm-none-eabi/9.3.1/../../../../arm-none-eabi/lib/thumb/v7e-m+fp/hard/libc_nano.a(lib_a-impure.o)
 .ARM.attributes
                0x000000000000049a       0x34 /usr/local/gcc-arm-none-eabi-9-2020-q2-update/bin/../lib/gcc/arm-none-eabi/9.3.1/../../../../arm-none-eabi/lib/thumb/v7e-m+fp/hard/libc_nano.a(lib_a-init.o)
 .ARM.attributes
                0x00000000000004ce       0x34 /usr/local/gcc-arm-none-eabi-9-2020-q2-update/bin/../lib/gcc/arm-none-eabi/9.3.1/../../../../arm-none-eabi/lib/thumb/v7e-m+fp/hard/libc_nano.a(lib_a-memcpy-stub.o)
 .ARM.attributes
                0x0000000000000502       0x34 /usr/local/gcc-arm-none-eabi-9-2020-q2-update/bin/../lib/gcc/arm-none-eabi/9.3.1/../../../../arm-none-eabi/lib/thumb/v7e-m+fp/hard/libc_nano.a(lib_a-memset.o)
 .ARM.attributes
                0x0000000000000536       0x34 /usr/local/gcc-arm-none-eabi-9-2020-q2-update/bin/../lib/gcc/arm-none-eabi/9.3.1/../../../../arm-none-eabi/lib/thumb/v7e-m+fp/hard/libc_nano.a(lib_a-printf.o)
 .ARM.attributes
                0x000000000000056a       0x34 /usr/local/gcc-arm-none-eabi-9-2020-q2-update/bin/../lib/gcc/arm-none-eabi/9.3.1/../../../../arm-none-eabi/lib/thumb/v7e-m+fp/hard/libc_nano.a(lib_a-findfp.o)
 .ARM.attributes
                0x000000000000059e       0x34 /usr/local/gcc-arm-none-eabi-9-2020-q2-update/bin/../lib/gcc/arm-none-eabi/9.3.1/../../../../arm-none-eabi/lib/thumb/v7e-m+fp/hard/libc_nano.a(lib_a-fwalk.o)
 .ARM.attributes
                0x00000000000005d2       0x34 /usr/local/gcc-arm-none-eabi-9-2020-q2-update/bin/../lib/gcc/arm-none-eabi/9.3.1/../../../../arm-none-eabi/lib/thumb/v7e-m+fp/hard/libc_nano.a(lib_a-lock.o)
 .ARM.attributes
                0x0000000000000606       0x34 /usr/local/gcc-arm-none-eabi-9-2020-q2-update/bin/../lib/gcc/arm-none-eabi/9.3.1/../../../../arm-none-eabi/lib/thumb/v7e-m+fp/hard/libc_nano.a(lib_a-nano-mallocr.o)
 .ARM.attributes
                0x000000000000063a       0x34 /usr/local/gcc-arm-none-eabi-9-2020-q2-update/bin/../lib/gcc/arm-none-eabi/9.3.1/../../../../arm-none-eabi/lib/thumb/v7e-m+fp/hard/libc_nano.a(lib_a-nano-vfprintf.o)
 .ARM.attributes
                0x000000000000066e       0x34 /usr/local/gcc-arm-none-eabi-9-2020-q2-update/bin/../lib/gcc/arm-none-eabi/9.3.1/../../../../arm-none-eabi/lib/thumb/v7e-m+fp/hard/libc_nano.a(lib_a-nano-vfprintf_i.o)
 .ARM.attributes
                0x00000000000006a2       0x34 /usr/local/gcc-arm-none-eabi-9-2020-q2-update/bin/../lib/gcc/arm-none-eabi/9.3.1/../../../../arm-none-eabi/lib/thumb/v7e-m+fp/hard/libc_nano.a(lib_a-sbrkr.o)
 .ARM.attributes
                0x00000000000006d6       0x34 /usr/local/gcc-arm-none-eabi-9-2020-q2-update/bin/../lib/gcc/arm-none-eabi/9.3.1/../../../../arm-none-eabi/lib/thumb/v7e-m+fp/hard/libc_nano.a(lib_a-stdio.o)
 .ARM.attributes
                0x000000000000070a       0x34 /usr/local/gcc-arm-none-eabi-9-2020-q2-update/bin/../lib/gcc/arm-none-eabi/9.3.1/../../../../arm-none-eabi/lib/thumb/v7e-m+fp/hard/libc_nano.a(lib_a-wbuf.o)
 .ARM.attributes
                0x000000000000073e       0x34 /usr/local/gcc-arm-none-eabi-9-2020-q2-update/bin/../lib/gcc/arm-none-eabi/9.3.1/../../../../arm-none-eabi/lib/thumb/v7e-m+fp/hard/libc_nano.a(lib_a-writer.o)
 .ARM.attributes
                0x0000000000000772       0x34 /usr/local/gcc-arm-none-eabi-9-2020-q2-update/bin/../lib/gcc/arm-none-eabi/9.3.1/../../../../arm-none-eabi/lib/thumb/v7e-m+fp/hard/libc_nano.a(lib_a-wsetup.o)
 .ARM.attributes
                0x00000000000007a6       0x34 /usr/local/gcc-arm-none-eabi-9-2020-q2-update/bin/../lib/gcc/arm-none-eabi/9.3.1/../../../../arm-none-eabi/lib/thumb/v7e-m+fp/hard/libc_nano.a(lib_a-closer.o)
 .ARM.attributes
                0x00000000000007da       0x34 /usr/local/gcc-arm-none-eabi-9-2020-q2-update/bin/../lib/gcc/arm-none-eabi/9.3.1/../../../../arm-none-eabi/lib/thumb/v7e-m+fp/hard/libc_nano.a(lib_a-fflush.o)
 .ARM.attributes
                0x000000000000080e       0x34 /usr/local/gcc-arm-none-eabi-9-2020-q2-update/bin/../lib/gcc/arm-none-eabi/9.3.1/../../../../arm-none-eabi/lib/thumb/v7e-m+fp/hard/libc_nano.a(lib_a-lseekr.o)
 .ARM.attributes
                0x0000000000000842       0x34 /usr/local/gcc-arm-none-eabi-9-2020-q2-update/bin/../lib/gcc/arm-none-eabi/9.3.1/../../../../arm-none-eabi/lib/thumb/v7e-m+fp/hard/libc_nano.a(lib_a-makebuf.o)
 .ARM.attributes
                0x0000000000000876       0x1c /usr/local/gcc-arm-none-eabi-9-2020-q2-update/bin/../lib/gcc/arm-none-eabi/9.3.1/../../../../arm-none-eabi/lib/thumb/v7e-m+fp/hard/libc_nano.a(lib_a-memchr.o)
 .ARM.attributes
                0x0000000000000892       0x34 /usr/local/gcc-arm-none-eabi-9-2020-q2-update/bin/../lib/gcc/arm-none-eabi/9.3.1/../../../../arm-none-eabi/lib/thumb/v7e-m+fp/hard/libc_nano.a(lib_a-mlock.o)
 .ARM.attributes
                0x00000000000008c6       0x34 /usr/local/gcc-arm-none-eabi-9-2020-q2-update/bin/../lib/gcc/arm-none-eabi/9.3.1/../../../../arm-none-eabi/lib/thumb/v7e-m+fp/hard/libc_nano.a(lib_a-nano-freer.o)
 .ARM.attributes
                0x00000000000008fa       0x34 /usr/local/gcc-arm-none-eabi-9-2020-q2-update/bin/../lib/gcc/arm-none-eabi/9.3.1/../../../../arm-none-eabi/lib/thumb/v7e-m+fp/hard/libc_nano.a(lib_a-readr.o)
 .ARM.attributes
                0x000000000000092e       0x34 /usr/local/gcc-arm-none-eabi-9-2020-q2-update/bin/../lib/gcc/arm-none-eabi/9.3.1/../../../../arm-none-eabi/lib/thumb/v7e-m+fp/hard/libc_nano.a(lib_a-reent.o)
 .ARM.attributes
                0x0000000000000962       0x34 /usr/local/gcc-arm-none-eabi-9-2020-q2-update/bin/../lib/gcc/arm-none-eabi/9.3.1/../../../../arm-none-eabi/lib/thumb/v7e-m+fp/hard/libc_nano.a(lib_a-fstatr.o)
 .ARM.attributes
                0x0000000000000996       0x34 /usr/local/gcc-arm-none-eabi-9-2020-q2-update/bin/../lib/gcc/arm-none-eabi/9.3.1/../../../../arm-none-eabi/lib/thumb/v7e-m+fp/hard/libc_nano.a(lib_a-isattyr.o)
 .ARM.attributes
                0x00000000000009ca       0x34 /usr/local/gcc-arm-none-eabi-9-2020-q2-update/bin/../lib/gcc/arm-none-eabi/9.3.1/../../../../arm-none-eabi/lib/thumb/v7e-m+fp/hard/libnosys.a(close.o)
 .ARM.attributes
                0x00000000000009fe       0x34 /usr/local/gcc-arm-none-eabi-9-2020-q2-update/bin/../lib/gcc/arm-none-eabi/9.3.1/../../../../arm-none-eabi/lib/thumb/v7e-m+fp/hard/libnosys.a(fstat.o)
 .ARM.attributes
                0x0000000000000a32       0x34 /usr/local/gcc-arm-none-eabi-9-2020-q2-update/bin/../lib/gcc/arm-none-eabi/9.3.1/../../../../arm-none-eabi/lib/thumb/v7e-m+fp/hard/libnosys.a(isatty.o)
 .ARM.attributes
                0x0000000000000a66       0x34 /usr/local/gcc-arm-none-eabi-9-2020-q2-update/bin/../lib/gcc/arm-none-eabi/9.3.1/../../../../arm-none-eabi/lib/thumb/v7e-m+fp/hard/libnosys.a(lseek.o)
 .ARM.attributes
                0x0000000000000a9a       0x34 /usr/local/gcc-arm-none-eabi-9-2020-q2-update/bin/../lib/gcc/arm-none-eabi/9.3.1/../../../../arm-none-eabi/lib/thumb/v7e-m+fp/hard/libnosys.a(sbrk.o)
 .ARM.attributes
                0x0000000000000ace       0x34 /usr/local/gcc-arm-none-eabi-9-2020-q2-update/bin/../lib/gcc/arm-none-eabi/9.3.1/../../../../arm-none-eabi/lib/thumb/v7e-m+fp/hard/libnosys.a(_exit.o)
 .ARM.attributes
                0x0000000000000b02       0x32 /usr/local/gcc-arm-none-eabi-9-2020-q2-update/bin/../lib/gcc/arm-none-eabi/9.3.1/thumb/v7e-m+fp/hard/crtend.o
 .ARM.attributes
                0x0000000000000b34       0x1e /usr/local/gcc-arm-none-eabi-9-2020-q2-update/bin/../lib/gcc/arm-none-eabi/9.3.1/thumb/v7e-m+fp/hard/crtn.o

.comment        0x0000000000000000       0x4c
 .comment       0x0000000000000000       0x4c _build/nrf52840_xxaa/boards.c.o
                                         0x4d (size before relaxing)
 .comment       0x000000000000004c       0x4d _build/nrf52840_xxaa/app_error.c.o
 .comment       0x000000000000004c       0x4d _build/nrf52840_xxaa/app_error_weak.c.o
 .comment       0x000000000000004c       0x4d _build/nrf52840_xxaa/app_fifo.c.o
 .comment       0x000000000000004c       0x4d _build/nrf52840_xxaa/app_uart_fifo.c.o
 .comment       0x000000000000004c       0x4d _build/nrf52840_xxaa/app_util_platform.c.o
 .comment       0x000000000000004c       0x4d _build/nrf52840_xxaa/retarget.c.o
 .comment       0x000000000000004c       0x4d _build/nrf52840_xxaa/nrf_drv_uart.c.o
 .comment       0x000000000000004c       0x4d _build/nrf52840_xxaa/nrfx_prs.c.o
 .comment       0x000000000000004c       0x4d _build/nrf52840_xxaa/nrfx_uart.c.o
 .comment       0x000000000000004c       0x4d _build/nrf52840_xxaa/nrfx_uarte.c.o
 .comment       0x000000000000004c       0x4d _build/nrf52840_xxaa/nrfx_twi.c.o
 .comment       0x000000000000004c       0x4d _build/nrf52840_xxaa/system_nrf52840.c.o
 .comment       0x000000000000004c       0x4d _build/nrf52840_xxaa/nrf_drv_twi.c.o
 .comment       0x000000000000004c       0x4d _build/nrf52840_xxaa/main.c.o
 .comment       0x000000000000004c       0x4d _build/nrf52840_xxaa/UART.c.o
 .comment       0x000000000000004c       0x4d _build/nrf52840_xxaa/twi.c.o

.debug_line     0x0000000000000000     0xf256
 .debug_line    0x0000000000000000       0x7e _build/nrf52840_xxaa/gcc_startup_nrf52840.S.o
 .debug_line    0x000000000000007e      0xfb8 _build/nrf52840_xxaa/boards.c.o
 .debug_line    0x0000000000001036      0x570 _build/nrf52840_xxaa/app_error.c.o
 .debug_line    0x00000000000015a6      0x71d _build/nrf52840_xxaa/app_error_weak.c.o
 .debug_line    0x0000000000001cc3      0x8dc _build/nrf52840_xxaa/app_fifo.c.o
 .debug_line    0x000000000000259f      0xd24 _build/nrf52840_xxaa/app_uart_fifo.c.o
 .debug_line    0x00000000000032c3      0x63c _build/nrf52840_xxaa/app_util_platform.c.o
 .debug_line    0x00000000000038ff      0x594 _build/nrf52840_xxaa/retarget.c.o
 .debug_line    0x0000000000003e93      0x7c2 _build/nrf52840_xxaa/nrf_drv_uart.c.o
 .debug_line    0x0000000000004655      0x842 _build/nrf52840_xxaa/nrfx_prs.c.o
 .debug_line    0x0000000000004e97     0x1e56 _build/nrf52840_xxaa/nrfx_uart.c.o
 .debug_line    0x0000000000006ced     0x1df8 _build/nrf52840_xxaa/nrfx_uarte.c.o
 .debug_line    0x0000000000008ae5     0x29a7 _build/nrf52840_xxaa/nrfx_twi.c.o
 .debug_line    0x000000000000b48c      0x90e _build/nrf52840_xxaa/system_nrf52840.c.o
 .debug_line    0x000000000000bd9a      0xaaf _build/nrf52840_xxaa/nrf_drv_twi.c.o
 .debug_line    0x000000000000c849      0xc5b _build/nrf52840_xxaa/main.c.o
 .debug_line    0x000000000000d4a4      0xd14 _build/nrf52840_xxaa/UART.c.o
 .debug_line    0x000000000000e1b8     0x109e _build/nrf52840_xxaa/twi.c.o

.debug_info     0x0000000000000000    0x20a32
 .debug_info    0x0000000000000000       0x26 _build/nrf52840_xxaa/gcc_startup_nrf52840.S.o
 .debug_info    0x0000000000000026     0x1811 _build/nrf52840_xxaa/boards.c.o
 .debug_info    0x0000000000001837      0xb94 _build/nrf52840_xxaa/app_error.c.o
 .debug_info    0x00000000000023cb      0xf2e _build/nrf52840_xxaa/app_error_weak.c.o
 .debug_info    0x00000000000032f9      0xfcd _build/nrf52840_xxaa/app_fifo.c.o
 .debug_info    0x00000000000042c6     0x2198 _build/nrf52840_xxaa/app_uart_fifo.c.o
 .debug_info    0x000000000000645e     0x10e5 _build/nrf52840_xxaa/app_util_platform.c.o
 .debug_info    0x0000000000007543      0xa99 _build/nrf52840_xxaa/retarget.c.o
 .debug_info    0x0000000000007fdc     0x1ad6 _build/nrf52840_xxaa/nrf_drv_uart.c.o
 .debug_info    0x0000000000009ab2     0x119c _build/nrf52840_xxaa/nrfx_prs.c.o
 .debug_info    0x000000000000ac4e     0x42ae _build/nrf52840_xxaa/nrfx_uart.c.o
 .debug_info    0x000000000000eefc     0x423c _build/nrf52840_xxaa/nrfx_uarte.c.o
 .debug_info    0x0000000000013138     0x4ac7 _build/nrf52840_xxaa/nrfx_twi.c.o
 .debug_info    0x0000000000017bff     0x18e9 _build/nrf52840_xxaa/system_nrf52840.c.o
 .debug_info    0x00000000000194e8     0x1bb2 _build/nrf52840_xxaa/nrf_drv_twi.c.o
 .debug_info    0x000000000001b09a     0x16c3 _build/nrf52840_xxaa/main.c.o
 .debug_info    0x000000000001c75d     0x1d3e _build/nrf52840_xxaa/UART.c.o
 .debug_info    0x000000000001e49b     0x2597 _build/nrf52840_xxaa/twi.c.o

.debug_abbrev   0x0000000000000000     0x4208
 .debug_abbrev  0x0000000000000000       0x14 _build/nrf52840_xxaa/gcc_startup_nrf52840.S.o
 .debug_abbrev  0x0000000000000014      0x44c _build/nrf52840_xxaa/boards.c.o
 .debug_abbrev  0x0000000000000460      0x276 _build/nrf52840_xxaa/app_error.c.o
 .debug_abbrev  0x00000000000006d6      0x2c6 _build/nrf52840_xxaa/app_error_weak.c.o
 .debug_abbrev  0x000000000000099c      0x2d1 _build/nrf52840_xxaa/app_fifo.c.o
 .debug_abbrev  0x0000000000000c6d      0x416 _build/nrf52840_xxaa/app_uart_fifo.c.o
 .debug_abbrev  0x0000000000001083      0x37a _build/nrf52840_xxaa/app_util_platform.c.o
 .debug_abbrev  0x00000000000013fd      0x24b _build/nrf52840_xxaa/retarget.c.o
 .debug_abbrev  0x0000000000001648      0x2da _build/nrf52840_xxaa/nrf_drv_uart.c.o
 .debug_abbrev  0x0000000000001922      0x34c _build/nrf52840_xxaa/nrfx_prs.c.o
 .debug_abbrev  0x0000000000001c6e      0x58e _build/nrf52840_xxaa/nrfx_uart.c.o
 .debug_abbrev  0x00000000000021fc      0x562 _build/nrf52840_xxaa/nrfx_uarte.c.o
 .debug_abbrev  0x000000000000275e      0x59d _build/nrf52840_xxaa/nrfx_twi.c.o
 .debug_abbrev  0x0000000000002cfb      0x334 _build/nrf52840_xxaa/system_nrf52840.c.o
 .debug_abbrev  0x000000000000302f      0x467 _build/nrf52840_xxaa/nrf_drv_twi.c.o
 .debug_abbrev  0x0000000000003496      0x3f3 _build/nrf52840_xxaa/main.c.o
 .debug_abbrev  0x0000000000003889      0x418 _build/nrf52840_xxaa/UART.c.o
 .debug_abbrev  0x0000000000003ca1      0x567 _build/nrf52840_xxaa/twi.c.o

.debug_aranges  0x0000000000000000      0x4e0
 .debug_aranges
                0x0000000000000000       0x20 _build/nrf52840_xxaa/gcc_startup_nrf52840.S.o
 .debug_aranges
                0x0000000000000020       0x78 _build/nrf52840_xxaa/boards.c.o
 .debug_aranges
                0x0000000000000098       0x28 _build/nrf52840_xxaa/app_error.c.o
 .debug_aranges
                0x00000000000000c0       0x20 _build/nrf52840_xxaa/app_error_weak.c.o
 .debug_aranges
                0x00000000000000e0       0x50 _build/nrf52840_xxaa/app_fifo.c.o
 .debug_aranges
                0x0000000000000130       0x48 _build/nrf52840_xxaa/app_uart_fifo.c.o
 .debug_aranges
                0x0000000000000178       0x48 _build/nrf52840_xxaa/app_util_platform.c.o
 .debug_aranges
                0x00000000000001c0       0x28 _build/nrf52840_xxaa/retarget.c.o
 .debug_aranges
                0x00000000000001e8       0x30 _build/nrf52840_xxaa/nrf_drv_uart.c.o
 .debug_aranges
                0x0000000000000218       0x30 _build/nrf52840_xxaa/nrfx_prs.c.o
 .debug_aranges
                0x0000000000000248       0x78 _build/nrf52840_xxaa/nrfx_uart.c.o
 .debug_aranges
                0x00000000000002c0       0x68 _build/nrf52840_xxaa/nrfx_uarte.c.o
 .debug_aranges
                0x0000000000000328       0x80 _build/nrf52840_xxaa/nrfx_twi.c.o
 .debug_aranges
                0x00000000000003a8       0x38 _build/nrf52840_xxaa/system_nrf52840.c.o
 .debug_aranges
                0x00000000000003e0       0x28 _build/nrf52840_xxaa/nrf_drv_twi.c.o
 .debug_aranges
                0x0000000000000408       0x28 _build/nrf52840_xxaa/main.c.o
 .debug_aranges
                0x0000000000000430       0x38 _build/nrf52840_xxaa/UART.c.o
 .debug_aranges
                0x0000000000000468       0x78 _build/nrf52840_xxaa/twi.c.o

.debug_str      0x0000000000000000    0x98777
 .debug_str     0x0000000000000000       0x67 _build/nrf52840_xxaa/gcc_startup_nrf52840.S.o
 .debug_str     0x0000000000000067    0x86d50 _build/nrf52840_xxaa/boards.c.o
                                      0x880f9 (size before relaxing)
 .debug_str     0x0000000000086db7      0x10b _build/nrf52840_xxaa/app_error.c.o
                                      0x7a289 (size before relaxing)
 .debug_str     0x0000000000086ec2     0x3296 _build/nrf52840_xxaa/app_error_weak.c.o
                                      0x8723b (size before relaxing)
 .debug_str     0x000000000008a158      0x219 _build/nrf52840_xxaa/app_fifo.c.o
                                      0x83881 (size before relaxing)
 .debug_str     0x000000000008a371     0x1685 _build/nrf52840_xxaa/app_uart_fifo.c.o
                                      0x88c7f (size before relaxing)
 .debug_str     0x000000000008b9f6      0x373 _build/nrf52840_xxaa/app_util_platform.c.o
                                      0x7aae6 (size before relaxing)
 .debug_str     0x000000000008bd69       0x33 _build/nrf52840_xxaa/retarget.c.o
                                      0x846d2 (size before relaxing)
 .debug_str     0x000000000008bd9c      0x476 _build/nrf52840_xxaa/nrf_drv_uart.c.o
                                      0x8836f (size before relaxing)
 .debug_str     0x000000000008c212      0x642 _build/nrf52840_xxaa/nrfx_prs.c.o
                                      0x8a43c (size before relaxing)
 .debug_str     0x000000000008c854      0x752 _build/nrf52840_xxaa/nrfx_uart.c.o
                                      0x8b641 (size before relaxing)
 .debug_str     0x000000000008cfa6      0x940 _build/nrf52840_xxaa/nrfx_uarte.c.o
                                      0x8bad5 (size before relaxing)
 .debug_str     0x000000000008d8e6     0x1316 _build/nrf52840_xxaa/nrfx_twi.c.o
                                      0x8bc4e (size before relaxing)
 .debug_str     0x000000000008ebfc     0x84af _build/nrf52840_xxaa/system_nrf52840.c.o
                                      0x7ead8 (size before relaxing)
 .debug_str     0x00000000000970ab      0xd66 _build/nrf52840_xxaa/nrf_drv_twi.c.o
                                      0x88766 (size before relaxing)
 .debug_str     0x0000000000097e11      0x46e _build/nrf52840_xxaa/main.c.o
                                      0x891e1 (size before relaxing)
 .debug_str     0x000000000009827f       0x20 _build/nrf52840_xxaa/UART.c.o
                                      0x8951a (size before relaxing)
 .debug_str     0x000000000009829f      0x4d8 _build/nrf52840_xxaa/twi.c.o
                                      0x89378 (size before relaxing)

.debug_loc      0x0000000000000000     0xc3b0
 .debug_loc     0x0000000000000000      0xe10 _build/nrf52840_xxaa/boards.c.o
 .debug_loc     0x0000000000000e10       0xc8 _build/nrf52840_xxaa/app_error.c.o
 .debug_loc     0x0000000000000ed8       0x4a _build/nrf52840_xxaa/app_error_weak.c.o
 .debug_loc     0x0000000000000f22      0x783 _build/nrf52840_xxaa/app_fifo.c.o
 .debug_loc     0x00000000000016a5      0x96e _build/nrf52840_xxaa/app_uart_fifo.c.o
 .debug_loc     0x0000000000002013      0x11a _build/nrf52840_xxaa/app_util_platform.c.o
 .debug_loc     0x000000000000212d       0xf1 _build/nrf52840_xxaa/retarget.c.o
 .debug_loc     0x000000000000221e      0x1d6 _build/nrf52840_xxaa/nrf_drv_uart.c.o
 .debug_loc     0x00000000000023f4      0x10e _build/nrf52840_xxaa/nrfx_prs.c.o
 .debug_loc     0x0000000000002502     0x203e _build/nrf52840_xxaa/nrfx_uart.c.o
 .debug_loc     0x0000000000004540     0x2033 _build/nrf52840_xxaa/nrfx_uarte.c.o
 .debug_loc     0x0000000000006573     0x3583 _build/nrf52840_xxaa/nrfx_twi.c.o
 .debug_loc     0x0000000000009af6      0x278 _build/nrf52840_xxaa/system_nrf52840.c.o
 .debug_loc     0x0000000000009d6e      0x688 _build/nrf52840_xxaa/nrf_drv_twi.c.o
 .debug_loc     0x000000000000a3f6      0x49e _build/nrf52840_xxaa/main.c.o
 .debug_loc     0x000000000000a894      0x70f _build/nrf52840_xxaa/UART.c.o
 .debug_loc     0x000000000000afa3     0x140d _build/nrf52840_xxaa/twi.c.o

.debug_ranges   0x0000000000000000     0x2e70
 .debug_ranges  0x0000000000000000      0x8a8 _build/nrf52840_xxaa/boards.c.o
 .debug_ranges  0x00000000000008a8       0x18 _build/nrf52840_xxaa/app_error.c.o
 .debug_ranges  0x00000000000008c0       0x10 _build/nrf52840_xxaa/app_error_weak.c.o
 .debug_ranges  0x00000000000008d0      0x160 _build/nrf52840_xxaa/app_fifo.c.o
 .debug_ranges  0x0000000000000a30      0x158 _build/nrf52840_xxaa/app_uart_fifo.c.o
 .debug_ranges  0x0000000000000b88       0x38 _build/nrf52840_xxaa/app_util_platform.c.o
 .debug_ranges  0x0000000000000bc0       0x18 _build/nrf52840_xxaa/retarget.c.o
 .debug_ranges  0x0000000000000bd8       0x20 _build/nrf52840_xxaa/nrf_drv_uart.c.o
 .debug_ranges  0x0000000000000bf8       0x38 _build/nrf52840_xxaa/nrfx_prs.c.o
 .debug_ranges  0x0000000000000c30      0x6b8 _build/nrf52840_xxaa/nrfx_uart.c.o
 .debug_ranges  0x00000000000012e8      0x680 _build/nrf52840_xxaa/nrfx_uarte.c.o
 .debug_ranges  0x0000000000001968      0xbf0 _build/nrf52840_xxaa/nrfx_twi.c.o
 .debug_ranges  0x0000000000002558      0x158 _build/nrf52840_xxaa/system_nrf52840.c.o
 .debug_ranges  0x00000000000026b0       0xd8 _build/nrf52840_xxaa/nrf_drv_twi.c.o
 .debug_ranges  0x0000000000002788       0xa8 _build/nrf52840_xxaa/main.c.o
 .debug_ranges  0x0000000000002830      0x280 _build/nrf52840_xxaa/UART.c.o
 .debug_ranges  0x0000000000002ab0      0x3c0 _build/nrf52840_xxaa/twi.c.o

.debug_macro    0x0000000000000000     0x6da1
 .debug_macro   0x0000000000000000      0x33e _build/nrf52840_xxaa/boards.c.o
 .debug_macro   0x000000000000033e      0x101 _build/nrf52840_xxaa/boards.c.o
 .debug_macro   0x000000000000043f       0x40 _build/nrf52840_xxaa/boards.c.o
 .debug_macro   0x000000000000047f      0x454 _build/nrf52840_xxaa/boards.c.o
 .debug_macro   0x00000000000008d3       0x59 _build/nrf52840_xxaa/boards.c.o
 .debug_macro   0x000000000000092c      0x1b5 _build/nrf52840_xxaa/boards.c.o
 .debug_macro   0x0000000000000ae1      0x14e _build/nrf52840_xxaa/boards.c.o
 .debug_macro   0x0000000000000c2f       0x3f _build/nrf52840_xxaa/boards.c.o
 .debug_macro   0x0000000000000c6e       0x16 _build/nrf52840_xxaa/boards.c.o
 .debug_macro   0x0000000000000c84      0x356 _build/nrf52840_xxaa/boards.c.o
 .debug_macro   0x0000000000000fda       0x10 _build/nrf52840_xxaa/boards.c.o
 .debug_macro   0x0000000000000fea       0xbe _build/nrf52840_xxaa/boards.c.o
 .debug_macro   0x00000000000010a8       0x16 _build/nrf52840_xxaa/boards.c.o
 .debug_macro   0x00000000000010be      0x129 _build/nrf52840_xxaa/boards.c.o
 .debug_macro   0x00000000000011e7       0x49 _build/nrf52840_xxaa/boards.c.o
 .debug_macro   0x0000000000001230       0x8c _build/nrf52840_xxaa/boards.c.o
 .debug_macro   0x00000000000012bc       0x19 _build/nrf52840_xxaa/boards.c.o
 .debug_macro   0x00000000000012d5       0x1d _build/nrf52840_xxaa/boards.c.o
 .debug_macro   0x00000000000012f2       0x35 _build/nrf52840_xxaa/boards.c.o
 .debug_macro   0x0000000000001327       0x7b _build/nrf52840_xxaa/boards.c.o
 .debug_macro   0x00000000000013a2       0x64 _build/nrf52840_xxaa/boards.c.o
 .debug_macro   0x0000000000001406       0x20 _build/nrf52840_xxaa/boards.c.o
 .debug_macro   0x0000000000001426       0x1c _build/nrf52840_xxaa/boards.c.o
 .debug_macro   0x0000000000001442       0xd0 _build/nrf52840_xxaa/boards.c.o
 .debug_macro   0x0000000000001512      0x16d _build/nrf52840_xxaa/boards.c.o
 .debug_macro   0x000000000000167f      0x21d _build/nrf52840_xxaa/app_error.c.o
 .debug_macro   0x000000000000189c       0x97 _build/nrf52840_xxaa/app_error.c.o
 .debug_macro   0x0000000000001933       0xf6 _build/nrf52840_xxaa/app_error.c.o
 .debug_macro   0x0000000000001a29      0x312 _build/nrf52840_xxaa/app_error_weak.c.o
 .debug_macro   0x0000000000001d3b       0xfb _build/nrf52840_xxaa/app_error_weak.c.o
 .debug_macro   0x0000000000001e36       0x16 _build/nrf52840_xxaa/app_error_weak.c.o
 .debug_macro   0x0000000000001e4c       0x31 _build/nrf52840_xxaa/app_error_weak.c.o
 .debug_macro   0x0000000000001e7d       0x16 _build/nrf52840_xxaa/app_error_weak.c.o
 .debug_macro   0x0000000000001e93       0x55 _build/nrf52840_xxaa/app_error_weak.c.o
 .debug_macro   0x0000000000001ee8      0x17f _build/nrf52840_xxaa/app_error_weak.c.o
 .debug_macro   0x0000000000002067       0x9a _build/nrf52840_xxaa/app_error_weak.c.o
 .debug_macro   0x0000000000002101       0x28 _build/nrf52840_xxaa/app_error_weak.c.o
 .debug_macro   0x0000000000002129       0x23 _build/nrf52840_xxaa/app_error_weak.c.o
 .debug_macro   0x000000000000214c       0x1c _build/nrf52840_xxaa/app_error_weak.c.o
 .debug_macro   0x0000000000002168       0x92 _build/nrf52840_xxaa/app_error_weak.c.o
 .debug_macro   0x00000000000021fa      0x24c _build/nrf52840_xxaa/app_fifo.c.o
 .debug_macro   0x0000000000002446       0x16 _build/nrf52840_xxaa/app_fifo.c.o
 .debug_macro   0x000000000000245c       0x22 _build/nrf52840_xxaa/app_fifo.c.o
 .debug_macro   0x000000000000247e      0x3e7 _build/nrf52840_xxaa/app_uart_fifo.c.o
 .debug_macro   0x0000000000002865       0x18 _build/nrf52840_xxaa/app_uart_fifo.c.o
 .debug_macro   0x000000000000287d       0x10 _build/nrf52840_xxaa/app_uart_fifo.c.o
 .debug_macro   0x000000000000288d       0x10 _build/nrf52840_xxaa/app_uart_fifo.c.o
 .debug_macro   0x000000000000289d       0x10 _build/nrf52840_xxaa/app_uart_fifo.c.o
 .debug_macro   0x00000000000028ad       0x10 _build/nrf52840_xxaa/app_uart_fifo.c.o
 .debug_macro   0x00000000000028bd       0x10 _build/nrf52840_xxaa/app_uart_fifo.c.o
 .debug_macro   0x00000000000028cd       0x3f _build/nrf52840_xxaa/app_uart_fifo.c.o
 .debug_macro   0x000000000000290c      0x239 _build/nrf52840_xxaa/app_util_platform.c.o
 .debug_macro   0x0000000000002b45       0xe9 _build/nrf52840_xxaa/app_util_platform.c.o
 .debug_macro   0x0000000000002c2e      0x2a1 _build/nrf52840_xxaa/retarget.c.o
 .debug_macro   0x0000000000002ecf      0x367 _build/nrf52840_xxaa/nrf_drv_uart.c.o
 .debug_macro   0x0000000000003236      0x3ca _build/nrf52840_xxaa/nrfx_prs.c.o
 .debug_macro   0x0000000000003600       0x28 _build/nrf52840_xxaa/nrfx_prs.c.o
 .debug_macro   0x0000000000003628       0x1c _build/nrf52840_xxaa/nrfx_prs.c.o
 .debug_macro   0x0000000000003644       0x37 _build/nrf52840_xxaa/nrfx_prs.c.o
 .debug_macro   0x000000000000367b       0x10 _build/nrf52840_xxaa/nrfx_prs.c.o
 .debug_macro   0x000000000000368b      0x179 _build/nrf52840_xxaa/nrfx_prs.c.o
 .debug_macro   0x0000000000003804       0x42 _build/nrf52840_xxaa/nrfx_prs.c.o
 .debug_macro   0x0000000000003846      0x3e5 _build/nrf52840_xxaa/nrfx_uart.c.o
 .debug_macro   0x0000000000003c2b       0x22 _build/nrf52840_xxaa/nrfx_uart.c.o
 .debug_macro   0x0000000000003c4d      0x403 _build/nrf52840_xxaa/nrfx_uarte.c.o
 .debug_macro   0x0000000000004050      0x414 _build/nrf52840_xxaa/nrfx_twi.c.o
 .debug_macro   0x0000000000004464       0x3e _build/nrf52840_xxaa/nrfx_twi.c.o
 .debug_macro   0x00000000000044a2      0x158 _build/nrf52840_xxaa/system_nrf52840.c.o
 .debug_macro   0x00000000000045fa      0x44e _build/nrf52840_xxaa/system_nrf52840.c.o
 .debug_macro   0x0000000000004a48      0xa28 _build/nrf52840_xxaa/system_nrf52840.c.o
 .debug_macro   0x0000000000005470      0x520 _build/nrf52840_xxaa/system_nrf52840.c.o
 .debug_macro   0x0000000000005990      0x164 _build/nrf52840_xxaa/system_nrf52840.c.o
 .debug_macro   0x0000000000005af4       0x10 _build/nrf52840_xxaa/system_nrf52840.c.o
 .debug_macro   0x0000000000005b04      0x38a _build/nrf52840_xxaa/nrf_drv_twi.c.o
 .debug_macro   0x0000000000005e8e       0x3a _build/nrf52840_xxaa/nrf_drv_twi.c.o
 .debug_macro   0x0000000000005ec8       0x78 _build/nrf52840_xxaa/nrf_drv_twi.c.o
 .debug_macro   0x0000000000005f40       0x10 _build/nrf52840_xxaa/nrf_drv_twi.c.o
 .debug_macro   0x0000000000005f50      0x3cd _build/nrf52840_xxaa/main.c.o
 .debug_macro   0x000000000000631d       0x10 _build/nrf52840_xxaa/main.c.o
 .debug_macro   0x000000000000632d       0x40 _build/nrf52840_xxaa/main.c.o
 .debug_macro   0x000000000000636d       0x3a _build/nrf52840_xxaa/main.c.o
 .debug_macro   0x00000000000063a7      0x3b6 _build/nrf52840_xxaa/UART.c.o
 .debug_macro   0x000000000000675d      0x3cf _build/nrf52840_xxaa/twi.c.o
 .debug_macro   0x0000000000006b2c       0x5e _build/nrf52840_xxaa/twi.c.o
 .debug_macro   0x0000000000006b8a       0x5c _build/nrf52840_xxaa/twi.c.o
 .debug_macro   0x0000000000006be6       0x57 _build/nrf52840_xxaa/twi.c.o
 .debug_macro   0x0000000000006c3d       0xa2 _build/nrf52840_xxaa/twi.c.o
 .debug_macro   0x0000000000006cdf       0x10 _build/nrf52840_xxaa/twi.c.o
 .debug_macro   0x0000000000006cef       0xb2 _build/nrf52840_xxaa/twi.c.o

.debug_frame    0x0000000000000000     0x1630
 .debug_frame   0x0000000000000000       0xf8 _build/nrf52840_xxaa/boards.c.o
 .debug_frame   0x00000000000000f8       0x54 _build/nrf52840_xxaa/app_error.c.o
 .debug_frame   0x000000000000014c       0x20 _build/nrf52840_xxaa/app_error_weak.c.o
 .debug_frame   0x000000000000016c      0x110 _build/nrf52840_xxaa/app_fifo.c.o
 .debug_frame   0x000000000000027c       0xec _build/nrf52840_xxaa/app_uart_fifo.c.o
 .debug_frame   0x0000000000000368       0x70 _build/nrf52840_xxaa/app_util_platform.c.o
 .debug_frame   0x00000000000003d8       0x44 _build/nrf52840_xxaa/retarget.c.o
 .debug_frame   0x000000000000041c       0x80 _build/nrf52840_xxaa/nrf_drv_uart.c.o
 .debug_frame   0x000000000000049c       0x4c _build/nrf52840_xxaa/nrfx_prs.c.o
 .debug_frame   0x00000000000004e8      0x18c _build/nrf52840_xxaa/nrfx_uart.c.o
 .debug_frame   0x0000000000000674      0x19c _build/nrf52840_xxaa/nrfx_uarte.c.o
 .debug_frame   0x0000000000000810      0x1b8 _build/nrf52840_xxaa/nrfx_twi.c.o
 .debug_frame   0x00000000000009c8       0x5c _build/nrf52840_xxaa/system_nrf52840.c.o
 .debug_frame   0x0000000000000a24       0x6c _build/nrf52840_xxaa/nrf_drv_twi.c.o
 .debug_frame   0x0000000000000a90       0x50 _build/nrf52840_xxaa/main.c.o
 .debug_frame   0x0000000000000ae0       0x7c _build/nrf52840_xxaa/UART.c.o
 .debug_frame   0x0000000000000b5c      0x1d8 _build/nrf52840_xxaa/twi.c.o
 .debug_frame   0x0000000000000d34       0x28 /usr/local/gcc-arm-none-eabi-9-2020-q2-update/bin/../lib/gcc/arm-none-eabi/9.3.1/../../../../arm-none-eabi/lib/thumb/v7e-m+fp/hard/libc_nano.a(lib_a-exit.o)
 .debug_frame   0x0000000000000d5c       0x2c /usr/local/gcc-arm-none-eabi-9-2020-q2-update/bin/../lib/gcc/arm-none-eabi/9.3.1/../../../../arm-none-eabi/lib/thumb/v7e-m+fp/hard/libc_nano.a(lib_a-init.o)
 .debug_frame   0x0000000000000d88       0x28 /usr/local/gcc-arm-none-eabi-9-2020-q2-update/bin/../lib/gcc/arm-none-eabi/9.3.1/../../../../arm-none-eabi/lib/thumb/v7e-m+fp/hard/libc_nano.a(lib_a-memcpy-stub.o)
 .debug_frame   0x0000000000000db0       0x20 /usr/local/gcc-arm-none-eabi-9-2020-q2-update/bin/../lib/gcc/arm-none-eabi/9.3.1/../../../../arm-none-eabi/lib/thumb/v7e-m+fp/hard/libc_nano.a(lib_a-memset.o)
 .debug_frame   0x0000000000000dd0       0x74 /usr/local/gcc-arm-none-eabi-9-2020-q2-update/bin/../lib/gcc/arm-none-eabi/9.3.1/../../../../arm-none-eabi/lib/thumb/v7e-m+fp/hard/libc_nano.a(lib_a-printf.o)
 .debug_frame   0x0000000000000e44      0x14c /usr/local/gcc-arm-none-eabi-9-2020-q2-update/bin/../lib/gcc/arm-none-eabi/9.3.1/../../../../arm-none-eabi/lib/thumb/v7e-m+fp/hard/libc_nano.a(lib_a-findfp.o)
 .debug_frame   0x0000000000000f90       0x54 /usr/local/gcc-arm-none-eabi-9-2020-q2-update/bin/../lib/gcc/arm-none-eabi/9.3.1/../../../../arm-none-eabi/lib/thumb/v7e-m+fp/hard/libc_nano.a(lib_a-fwalk.o)
 .debug_frame   0x0000000000000fe4       0xb0 /usr/local/gcc-arm-none-eabi-9-2020-q2-update/bin/../lib/gcc/arm-none-eabi/9.3.1/../../../../arm-none-eabi/lib/thumb/v7e-m+fp/hard/libc_nano.a(lib_a-lock.o)
 .debug_frame   0x0000000000001094       0x30 /usr/local/gcc-arm-none-eabi-9-2020-q2-update/bin/../lib/gcc/arm-none-eabi/9.3.1/../../../../arm-none-eabi/lib/thumb/v7e-m+fp/hard/libc_nano.a(lib_a-nano-mallocr.o)
 .debug_frame   0x00000000000010c4       0xac /usr/local/gcc-arm-none-eabi-9-2020-q2-update/bin/../lib/gcc/arm-none-eabi/9.3.1/../../../../arm-none-eabi/lib/thumb/v7e-m+fp/hard/libc_nano.a(lib_a-nano-vfprintf.o)
 .debug_frame   0x0000000000001170       0x60 /usr/local/gcc-arm-none-eabi-9-2020-q2-update/bin/../lib/gcc/arm-none-eabi/9.3.1/../../../../arm-none-eabi/lib/thumb/v7e-m+fp/hard/libc_nano.a(lib_a-nano-vfprintf_i.o)
 .debug_frame   0x00000000000011d0       0x2c /usr/local/gcc-arm-none-eabi-9-2020-q2-update/bin/../lib/gcc/arm-none-eabi/9.3.1/../../../../arm-none-eabi/lib/thumb/v7e-m+fp/hard/libc_nano.a(lib_a-sbrkr.o)
 .debug_frame   0x00000000000011fc       0x88 /usr/local/gcc-arm-none-eabi-9-2020-q2-update/bin/../lib/gcc/arm-none-eabi/9.3.1/../../../../arm-none-eabi/lib/thumb/v7e-m+fp/hard/libc_nano.a(lib_a-stdio.o)
 .debug_frame   0x0000000000001284       0x40 /usr/local/gcc-arm-none-eabi-9-2020-q2-update/bin/../lib/gcc/arm-none-eabi/9.3.1/../../../../arm-none-eabi/lib/thumb/v7e-m+fp/hard/libc_nano.a(lib_a-wbuf.o)
 .debug_frame   0x00000000000012c4       0x2c /usr/local/gcc-arm-none-eabi-9-2020-q2-update/bin/../lib/gcc/arm-none-eabi/9.3.1/../../../../arm-none-eabi/lib/thumb/v7e-m+fp/hard/libc_nano.a(lib_a-writer.o)
 .debug_frame   0x00000000000012f0       0x2c /usr/local/gcc-arm-none-eabi-9-2020-q2-update/bin/../lib/gcc/arm-none-eabi/9.3.1/../../../../arm-none-eabi/lib/thumb/v7e-m+fp/hard/libc_nano.a(lib_a-wsetup.o)
 .debug_frame   0x000000000000131c       0x2c /usr/local/gcc-arm-none-eabi-9-2020-q2-update/bin/../lib/gcc/arm-none-eabi/9.3.1/../../../../arm-none-eabi/lib/thumb/v7e-m+fp/hard/libc_nano.a(lib_a-closer.o)
 .debug_frame   0x0000000000001348       0x5c /usr/local/gcc-arm-none-eabi-9-2020-q2-update/bin/../lib/gcc/arm-none-eabi/9.3.1/../../../../arm-none-eabi/lib/thumb/v7e-m+fp/hard/libc_nano.a(lib_a-fflush.o)
 .debug_frame   0x00000000000013a4       0x2c /usr/local/gcc-arm-none-eabi-9-2020-q2-update/bin/../lib/gcc/arm-none-eabi/9.3.1/../../../../arm-none-eabi/lib/thumb/v7e-m+fp/hard/libc_nano.a(lib_a-lseekr.o)
 .debug_frame   0x00000000000013d0       0x58 /usr/local/gcc-arm-none-eabi-9-2020-q2-update/bin/../lib/gcc/arm-none-eabi/9.3.1/../../../../arm-none-eabi/lib/thumb/v7e-m+fp/hard/libc_nano.a(lib_a-makebuf.o)
 .debug_frame   0x0000000000001428       0x30 /usr/local/gcc-arm-none-eabi-9-2020-q2-update/bin/../lib/gcc/arm-none-eabi/9.3.1/../../../../arm-none-eabi/lib/thumb/v7e-m+fp/hard/libc_nano.a(lib_a-mlock.o)
 .debug_frame   0x0000000000001458       0x38 /usr/local/gcc-arm-none-eabi-9-2020-q2-update/bin/../lib/gcc/arm-none-eabi/9.3.1/../../../../arm-none-eabi/lib/thumb/v7e-m+fp/hard/libc_nano.a(lib_a-nano-freer.o)
 .debug_frame   0x0000000000001490       0x2c /usr/local/gcc-arm-none-eabi-9-2020-q2-update/bin/../lib/gcc/arm-none-eabi/9.3.1/../../../../arm-none-eabi/lib/thumb/v7e-m+fp/hard/libc_nano.a(lib_a-readr.o)
 .debug_frame   0x00000000000014bc       0x5c /usr/local/gcc-arm-none-eabi-9-2020-q2-update/bin/../lib/gcc/arm-none-eabi/9.3.1/../../../../arm-none-eabi/lib/thumb/v7e-m+fp/hard/libc_nano.a(lib_a-reent.o)
 .debug_frame   0x0000000000001518       0x2c /usr/local/gcc-arm-none-eabi-9-2020-q2-update/bin/../lib/gcc/arm-none-eabi/9.3.1/../../../../arm-none-eabi/lib/thumb/v7e-m+fp/hard/libc_nano.a(lib_a-fstatr.o)
 .debug_frame   0x0000000000001544       0x2c /usr/local/gcc-arm-none-eabi-9-2020-q2-update/bin/../lib/gcc/arm-none-eabi/9.3.1/../../../../arm-none-eabi/lib/thumb/v7e-m+fp/hard/libc_nano.a(lib_a-isattyr.o)
 .debug_frame   0x0000000000001570       0x20 /usr/local/gcc-arm-none-eabi-9-2020-q2-update/bin/../lib/gcc/arm-none-eabi/9.3.1/../../../../arm-none-eabi/lib/thumb/v7e-m+fp/hard/libnosys.a(close.o)
 .debug_frame   0x0000000000001590       0x20 /usr/local/gcc-arm-none-eabi-9-2020-q2-update/bin/../lib/gcc/arm-none-eabi/9.3.1/../../../../arm-none-eabi/lib/thumb/v7e-m+fp/hard/libnosys.a(fstat.o)
 .debug_frame   0x00000000000015b0       0x20 /usr/local/gcc-arm-none-eabi-9-2020-q2-update/bin/../lib/gcc/arm-none-eabi/9.3.1/../../../../arm-none-eabi/lib/thumb/v7e-m+fp/hard/libnosys.a(isatty.o)
 .debug_frame   0x00000000000015d0       0x20 /usr/local/gcc-arm-none-eabi-9-2020-q2-update/bin/../lib/gcc/arm-none-eabi/9.3.1/../../../../arm-none-eabi/lib/thumb/v7e-m+fp/hard/libnosys.a(lseek.o)
 .debug_frame   0x00000000000015f0       0x20 /usr/local/gcc-arm-none-eabi-9-2020-q2-update/bin/../lib/gcc/arm-none-eabi/9.3.1/../../../../arm-none-eabi/lib/thumb/v7e-m+fp/hard/libnosys.a(sbrk.o)
 .debug_frame   0x0000000000001610       0x20 /usr/local/gcc-arm-none-eabi-9-2020-q2-update/bin/../lib/gcc/arm-none-eabi/9.3.1/../../../../arm-none-eabi/lib/thumb/v7e-m+fp/hard/libnosys.a(_exit.o)

.stab           0x0000000000000000       0x6c
 .stab          0x0000000000000000       0x24 /usr/local/gcc-arm-none-eabi-9-2020-q2-update/bin/../lib/gcc/arm-none-eabi/9.3.1/../../../../arm-none-eabi/lib/thumb/v7e-m+fp/hard/libnosys.a(close.o)
 .stab          0x0000000000000024       0x18 /usr/local/gcc-arm-none-eabi-9-2020-q2-update/bin/../lib/gcc/arm-none-eabi/9.3.1/../../../../arm-none-eabi/lib/thumb/v7e-m+fp/hard/libnosys.a(fstat.o)
                                         0x24 (size before relaxing)
 .stab          0x000000000000003c       0x18 /usr/local/gcc-arm-none-eabi-9-2020-q2-update/bin/../lib/gcc/arm-none-eabi/9.3.1/../../../../arm-none-eabi/lib/thumb/v7e-m+fp/hard/libnosys.a(isatty.o)
                                         0x24 (size before relaxing)
 .stab          0x0000000000000054       0x18 /usr/local/gcc-arm-none-eabi-9-2020-q2-update/bin/../lib/gcc/arm-none-eabi/9.3.1/../../../../arm-none-eabi/lib/thumb/v7e-m+fp/hard/libnosys.a(lseek.o)
                                         0x24 (size before relaxing)

.stabstr        0x0000000000000000       0xe3
 .stabstr       0x0000000000000000       0xe3 /usr/local/gcc-arm-none-eabi-9-2020-q2-update/bin/../lib/gcc/arm-none-eabi/9.3.1/../../../../arm-none-eabi/lib/thumb/v7e-m+fp/hard/libnosys.a(close.o)
