Archive member included to satisfy reference by file (symbol)

/usr/local/gcc-arm-none-eabi-9-2020-q2-update/bin/../lib/gcc/arm-none-eabi/9.3.1/../../../../arm-none-eabi/lib/thumb/v7e-m+fp/hard/libc_nano.a(lib_a-ctype_.o)
                              _build/nrf52840_xxaa/nrf_log_str_formatter.c.o (_ctype_)
/usr/local/gcc-arm-none-eabi-9-2020-q2-update/bin/../lib/gcc/arm-none-eabi/9.3.1/../../../../arm-none-eabi/lib/thumb/v7e-m+fp/hard/libc_nano.a(lib_a-exit.o)
                              /usr/local/gcc-arm-none-eabi-9-2020-q2-update/bin/../lib/gcc/arm-none-eabi/9.3.1/../../../../arm-none-eabi/lib/thumb/v7e-m+fp/hard/crt0.o (exit)
/usr/local/gcc-arm-none-eabi-9-2020-q2-update/bin/../lib/gcc/arm-none-eabi/9.3.1/../../../../arm-none-eabi/lib/thumb/v7e-m+fp/hard/libc_nano.a(lib_a-impure.o)
                              /usr/local/gcc-arm-none-eabi-9-2020-q2-update/bin/../lib/gcc/arm-none-eabi/9.3.1/../../../../arm-none-eabi/lib/thumb/v7e-m+fp/hard/libc_nano.a(lib_a-exit.o) (_global_impure_ptr)
/usr/local/gcc-arm-none-eabi-9-2020-q2-update/bin/../lib/gcc/arm-none-eabi/9.3.1/../../../../arm-none-eabi/lib/thumb/v7e-m+fp/hard/libc_nano.a(lib_a-init.o)
                              /usr/local/gcc-arm-none-eabi-9-2020-q2-update/bin/../lib/gcc/arm-none-eabi/9.3.1/../../../../arm-none-eabi/lib/thumb/v7e-m+fp/hard/crt0.o (__libc_init_array)
/usr/local/gcc-arm-none-eabi-9-2020-q2-update/bin/../lib/gcc/arm-none-eabi/9.3.1/../../../../arm-none-eabi/lib/thumb/v7e-m+fp/hard/libc_nano.a(lib_a-memcmp.o)
                              _build/nrf52840_xxaa/ble_advdata.c.o (memcmp)
/usr/local/gcc-arm-none-eabi-9-2020-q2-update/bin/../lib/gcc/arm-none-eabi/9.3.1/../../../../arm-none-eabi/lib/thumb/v7e-m+fp/hard/libc_nano.a(lib_a-memcpy-stub.o)
                              _build/nrf52840_xxaa/nrf_log_frontend.c.o (memcpy)
/usr/local/gcc-arm-none-eabi-9-2020-q2-update/bin/../lib/gcc/arm-none-eabi/9.3.1/../../../../arm-none-eabi/lib/thumb/v7e-m+fp/hard/libc_nano.a(lib_a-memset.o)
                              /usr/local/gcc-arm-none-eabi-9-2020-q2-update/bin/../lib/gcc/arm-none-eabi/9.3.1/../../../../arm-none-eabi/lib/thumb/v7e-m+fp/hard/crt0.o (memset)
/usr/local/gcc-arm-none-eabi-9-2020-q2-update/bin/../lib/gcc/arm-none-eabi/9.3.1/../../../../arm-none-eabi/lib/thumb/v7e-m+fp/hard/libc_nano.a(lib_a-printf.o)
                              _build/nrf52840_xxaa/UART.c.o (printf)
/usr/local/gcc-arm-none-eabi-9-2020-q2-update/bin/../lib/gcc/arm-none-eabi/9.3.1/../../../../arm-none-eabi/lib/thumb/v7e-m+fp/hard/libc_nano.a(lib_a-strcpy.o)
                              _build/nrf52840_xxaa/SEGGER_RTT.c.o (strcpy)
/usr/local/gcc-arm-none-eabi-9-2020-q2-update/bin/../lib/gcc/arm-none-eabi/9.3.1/../../../../arm-none-eabi/lib/thumb/v7e-m+fp/hard/libc_nano.a(lib_a-strlen.o)
                              _build/nrf52840_xxaa/nrf_log_frontend.c.o (strlen)
/usr/local/gcc-arm-none-eabi-9-2020-q2-update/bin/../lib/gcc/arm-none-eabi/9.3.1/../../../../arm-none-eabi/lib/thumb/v7e-m+fp/hard/libc_nano.a(lib_a-findfp.o)
                              /usr/local/gcc-arm-none-eabi-9-2020-q2-update/bin/../lib/gcc/arm-none-eabi/9.3.1/../../../../arm-none-eabi/lib/thumb/v7e-m+fp/hard/libc_nano.a(lib_a-printf.o) (__sinit)
/usr/local/gcc-arm-none-eabi-9-2020-q2-update/bin/../lib/gcc/arm-none-eabi/9.3.1/../../../../arm-none-eabi/lib/thumb/v7e-m+fp/hard/libc_nano.a(lib_a-fwalk.o)
                              /usr/local/gcc-arm-none-eabi-9-2020-q2-update/bin/../lib/gcc/arm-none-eabi/9.3.1/../../../../arm-none-eabi/lib/thumb/v7e-m+fp/hard/libc_nano.a(lib_a-findfp.o) (_fwalk)
/usr/local/gcc-arm-none-eabi-9-2020-q2-update/bin/../lib/gcc/arm-none-eabi/9.3.1/../../../../arm-none-eabi/lib/thumb/v7e-m+fp/hard/libc_nano.a(lib_a-lock.o)
                              /usr/local/gcc-arm-none-eabi-9-2020-q2-update/bin/../lib/gcc/arm-none-eabi/9.3.1/../../../../arm-none-eabi/lib/thumb/v7e-m+fp/hard/libc_nano.a(lib_a-findfp.o) (__retarget_lock_init_recursive)
/usr/local/gcc-arm-none-eabi-9-2020-q2-update/bin/../lib/gcc/arm-none-eabi/9.3.1/../../../../arm-none-eabi/lib/thumb/v7e-m+fp/hard/libc_nano.a(lib_a-nano-mallocr.o)
                              /usr/local/gcc-arm-none-eabi-9-2020-q2-update/bin/../lib/gcc/arm-none-eabi/9.3.1/../../../../arm-none-eabi/lib/thumb/v7e-m+fp/hard/libc_nano.a(lib_a-findfp.o) (_malloc_r)
/usr/local/gcc-arm-none-eabi-9-2020-q2-update/bin/../lib/gcc/arm-none-eabi/9.3.1/../../../../arm-none-eabi/lib/thumb/v7e-m+fp/hard/libc_nano.a(lib_a-nano-vfprintf.o)
                              /usr/local/gcc-arm-none-eabi-9-2020-q2-update/bin/../lib/gcc/arm-none-eabi/9.3.1/../../../../arm-none-eabi/lib/thumb/v7e-m+fp/hard/libc_nano.a(lib_a-printf.o) (_vfprintf_r)
/usr/local/gcc-arm-none-eabi-9-2020-q2-update/bin/../lib/gcc/arm-none-eabi/9.3.1/../../../../arm-none-eabi/lib/thumb/v7e-m+fp/hard/libc_nano.a(lib_a-nano-vfprintf_i.o)
[...]
Memory Configuration

Name             Origin             Length             Attributes
FLASH            0x0000000000027000 0x00000000000d9000 xr
RAM              0x0000000020002a38 0x000000000003d5c8 xrw
*default*        0x0000000000000000 0xffffffffffffffff

Linker script and memory map


.text           0x0000000000027000     0x41f0
 *(.isr_vector)
 .isr_vector    0x0000000000027000      0x200 _build/nrf52840_xxaa/gcc_startup_nrf52840.S.o
                0x0000000000027000                __isr_vector
 *(.text*)
 .text          0x0000000000027200       0x40 /usr/local/gcc-arm-none-eabi-9-2020-q2-update/bin/../lib/gcc/arm-none-eabi/9.3.1/thumb/v7e-m+fp/hard/crtbegin.o
 .text          0x0000000000027240       0x7c /usr/local/gcc-arm-none-eabi-9-2020-q2-update/bin/../lib/gcc/arm-none-eabi/9.3.1/../../../../arm-none-eabi/lib/thumb/v7e-m+fp/hard/crt0.o
                0x0000000000027240                _stack_init
                0x0000000000027248                _mainCRTStartup
                0x0000000000027248                _start
 .text          0x00000000000272bc       0x3c _build/nrf52840_xxaa/gcc_startup_nrf52840.S.o
                0x00000000000272bc                Reset_Handler
                0x00000000000272e4                NMI_Handler
                0x00000000000272e6                HardFault_Handler
                0x00000000000272e8                MemoryManagement_Handler
                0x00000000000272ea                BusFault_Handler
                0x00000000000272ec                UsageFault_Handler
                0x00000000000272ee                SVC_Handler
                0x00000000000272f0                DebugMon_Handler
                0x00000000000272f2                PendSV_Handler
                0x00000000000272f4                SysTick_Handler
                0x00000000000272f6                TIMER2_IRQHandler
                0x00000000000272f6                RTC0_IRQHandler
                0x00000000000272f6                SWI0_EGU0_IRQHandler
                0x00000000000272f6                PWM1_IRQHandler
                0x00000000000272f6                RADIO_IRQHandler
                0x00000000000272f6                PDM_IRQHandler
                0x00000000000272f6                TEMP_IRQHandler
                0x00000000000272f6                QDEC_IRQHandler
                0x00000000000272f6                TIMER3_IRQHandler
                0x00000000000272f6                PWM3_IRQHandler
                0x00000000000272f6                FPU_IRQHandler
                0x00000000000272f6                USBD_IRQHandler
                0x00000000000272f6                SPIM0_SPIS0_TWIM0_TWIS0_SPI0_TWI0_IRQHandler
                0x00000000000272f6                TIMER4_IRQHandler
                0x00000000000272f6                CRYPTOCELL_IRQHandler
                0x00000000000272f6                I2S_IRQHandler
                0x00000000000272f6                SWI4_EGU4_IRQHandler
                0x00000000000272f6                TIMER0_IRQHandler
                0x00000000000272f6                UARTE1_IRQHandler
                0x00000000000272f6                TIMER1_IRQHandler
                0x00000000000272f6                SPIM3_IRQHandler
                0x00000000000272f6                PWM2_IRQHandler
                0x00000000000272f6                ECB_IRQHandler
                0x00000000000272f6                SPIM1_SPIS1_TWIM1_TWIS1_SPI1_TWI1_IRQHandler
                0x00000000000272f6                Default_Handler
                0x00000000000272f6                SAADC_IRQHandler
                0x00000000000272f6                CCM_AAR_IRQHandler
                0x00000000000272f6                WDT_IRQHandler
                0x00000000000272f6                SWI5_EGU5_IRQHandler
                0x00000000000272f6                RNG_IRQHandler
                0x00000000000272f6                RTC2_IRQHandler
                0x00000000000272f6                PWM0_IRQHandler
                0x00000000000272f6                SWI3_EGU3_IRQHandler
                0x00000000000272f6                SWI1_EGU1_IRQHandler
                0x00000000000272f6                SPIM2_SPIS2_SPI2_IRQHandler
                0x00000000000272f6                NFCT_IRQHandler
                0x00000000000272f6                MWU_IRQHandler
                0x00000000000272f6                QSPI_IRQHandler
                0x00000000000272f6                COMP_LPCOMP_IRQHandler
 .text.nrf_log_backend_rtt_flush
                0x00000000000272f8        0x4 _build/nrf52840_xxaa/nrf_log_backend_rtt.c.o
 .text.nrf_log_backend_rtt_put
                0x00000000000272fc       0x20 _build/nrf52840_xxaa/nrf_log_backend_rtt.c.o
 .text.serial_tx
                0x000000000002731c       0x54 _build/nrf52840_xxaa/nrf_log_backend_rtt.c.o
 .text.nrf_log_backend_rtt_panic_set
                0x0000000000027370        0x4 _build/nrf52840_xxaa/nrf_log_backend_rtt.c.o
 .text.nrf_log_backend_serial_put
                0x0000000000027374       0xd8 _build/nrf52840_xxaa/nrf_log_backend_serial.c.o
                0x0000000000027374                nrf_log_backend_serial_put
 .text.nrf_log_module_name_get
                0x000000000002744c       0x48 _build/nrf52840_xxaa/nrf_log_frontend.c.o
                0x000000000002744c                nrf_log_module_name_get
 .text.nrf_log_color_id_get
                0x0000000000027494       0x2c _build/nrf52840_xxaa/nrf_log_frontend.c.o
                0x0000000000027494                nrf_log_color_id_get
 .text.log_pending_hook
                0x00000000000274c0        0x4 _build/nrf52840_xxaa/nrf_log_frontend.c.o
                0x00000000000274c0                log_pending_hook
 .text.nrf_log_frontend_dequeue
                0x00000000000274c4      0x250 _build/nrf52840_xxaa/nrf_log_frontend.c.o
                0x00000000000274c4                nrf_log_frontend_dequeue
 .text.nrf_log_frontend_std_0
                0x0000000000027714      0x18c _build/nrf52840_xxaa/nrf_log_frontend.c.o
                0x0000000000027714                nrf_log_frontend_std_0
 .text.nrf_log_panic
                0x00000000000278a0       0x28 _build/nrf52840_xxaa/nrf_log_frontend.c.o
                0x00000000000278a0                nrf_log_panic
 .text.prefix_process
                0x00000000000278c8       0x80 _build/nrf52840_xxaa/nrf_log_str_formatter.c.o
 .text.nrf_log_std_entry_process
                0x0000000000027948       0xf0 _build/nrf52840_xxaa/nrf_log_str_formatter.c.o
                0x0000000000027948                nrf_log_std_entry_process
 .text.nrf_log_hexdump_entry_process
                0x0000000000027a38       0xfc _build/nrf52840_xxaa/nrf_log_str_formatter.c.o
                0x0000000000027a38                nrf_log_hexdump_entry_process
 .text.app_error_handler_bare
                0x0000000000027b34       0x20 _build/nrf52840_xxaa/app_error.c.o
                0x0000000000027b34                app_error_handler_bare
 .text.app_error_fault_handler
                0x0000000000027b54       0x70 _build/nrf52840_xxaa/app_error_weak.c.o
                0x0000000000027b54                app_error_fault_handler
 .text.app_fifo_put
                0x0000000000027bc4       0x30 _build/nrf52840_xxaa/app_fifo.c.o
                0x0000000000027bc4                app_fifo_put
 .text.app_fifo_get
                0x0000000000027bf4       0x2c _build/nrf52840_xxaa/app_fifo.c.o
                0x0000000000027bf4                app_fifo_get
 .text.app_uart_get
                0x0000000000027c20       0x5c _build/nrf52840_xxaa/app_uart_fifo.c.o
                0x0000000000027c20                app_uart_get
 .text.app_uart_put
                0x0000000000027c7c       0x74 _build/nrf52840_xxaa/app_uart_fifo.c.o
                0x0000000000027c7c                app_uart_put
 .text.app_util_critical_region_enter
                0x0000000000027cf0       0x4c _build/nrf52840_xxaa/app_util_platform.c.o
                0x0000000000027cf0                app_util_critical_region_enter
 .text.app_util_critical_region_exit
                0x0000000000027d3c       0x30 _build/nrf52840_xxaa/app_util_platform.c.o
                0x0000000000027d3c                app_util_critical_region_exit
 .text.RTC1_IRQHandler
                0x0000000000027d6c       0x14 _build/nrf52840_xxaa/drv_rtc.c.o
                0x0000000000027d6c                RTC1_IRQHandler
 .text.nrf_atomic_u32_fetch_store
                0x0000000000027d80       0x1c _build/nrf52840_xxaa/nrf_atomic.c.o
                0x0000000000027d80                nrf_atomic_u32_fetch_store
 .text.nrf_atomic_u32_add
                0x0000000000027d9c       0x1c _build/nrf52840_xxaa/nrf_atomic.c.o
                0x0000000000027d9c                nrf_atomic_u32_add
 .text.nrf_atomic_u32_sub
                0x0000000000027db8       0x1c _build/nrf52840_xxaa/nrf_atomic.c.o
                0x0000000000027db8                nrf_atomic_u32_sub
 .text.nrf_atomic_flag_set
                0x0000000000027dd4       0x20 _build/nrf52840_xxaa/nrf_atomic.c.o
                0x0000000000027dd4                nrf_atomic_flag_set
 .text.nrf_atomic_flag_clear_fetch
                0x0000000000027df4       0x20 _build/nrf52840_xxaa/nrf_atomic.c.o
                0x0000000000027df4                nrf_atomic_flag_clear_fetch
 .text.nrf_balloc_alloc
                0x0000000000027e14       0x50 _build/nrf52840_xxaa/nrf_balloc.c.o
                0x0000000000027e14                nrf_balloc_alloc
 .text.nrf_balloc_free
                0x0000000000027e64       0x38 _build/nrf52840_xxaa/nrf_balloc.c.o
                0x0000000000027e64                nrf_balloc_free
 .text.nrf_fprintf_buffer_flush
                0x0000000000027e9c       0x18 _build/nrf52840_xxaa/nrf_fprintf.c.o
                0x0000000000027e9c                nrf_fprintf_buffer_flush
 .text.nrf_fprintf
                0x0000000000027eb4       0x20 _build/nrf52840_xxaa/nrf_fprintf.c.o
                0x0000000000027eb4                nrf_fprintf
 .text.unsigned_print
                0x0000000000027ed4      0x14c _build/nrf52840_xxaa/nrf_fprintf_format.c.o
 .text.nrf_fprintf_fmt
                0x0000000000028020      0x5cc _build/nrf52840_xxaa/nrf_fprintf_format.c.o
                0x0000000000028020                nrf_fprintf_fmt
 .text.nrf_memobj_alloc
                0x00000000000285ec       0x94 _build/nrf52840_xxaa/nrf_memobj.c.o
                0x00000000000285ec                nrf_memobj_alloc
 .text.nrf_memobj_get
                0x0000000000028680        0x8 _build/nrf52840_xxaa/nrf_memobj.c.o
                0x0000000000028680                nrf_memobj_get
 .text.nrf_memobj_put
                0x0000000000028688       0x58 _build/nrf52840_xxaa/nrf_memobj.c.o
                0x0000000000028688                nrf_memobj_put
 .text.nrf_memobj_write
                0x00000000000286e0       0x68 _build/nrf52840_xxaa/nrf_memobj.c.o
                0x00000000000286e0                nrf_memobj_write
 .text.nrf_memobj_read
                0x0000000000028748       0x68 _build/nrf52840_xxaa/nrf_memobj.c.o
                0x0000000000028748                nrf_memobj_read
 .text.nrf_section_iter_init
                0x00000000000287b0       0x14 _build/nrf52840_xxaa/nrf_section_iter.c.o
                0x00000000000287b0                nrf_section_iter_init
 .text.nrf_section_iter_next
                0x00000000000287c4       0x18 _build/nrf52840_xxaa/nrf_section_iter.c.o
                0x00000000000287c4                nrf_section_iter_next
 .text._write   0x00000000000287dc       0x1c _build/nrf52840_xxaa/retarget.c.o
                0x00000000000287dc                _write
 .text._read    0x00000000000287f8       0x14 _build/nrf52840_xxaa/retarget.c.o
                0x00000000000287f8                _read
 .text.SystemInit
                0x000000000002880c      0x254 _build/nrf52840_xxaa/system_nrf52840.c.o
                0x000000000002880c                SystemInit
 .text.bsp_board_leds_off
                0x0000000000028a60       0x2c _build/nrf52840_xxaa/boards.c.o
                0x0000000000028a60                bsp_board_leds_off
 .text.bsp_board_leds_on
                0x0000000000028a8c       0x2c _build/nrf52840_xxaa/boards.c.o
                0x0000000000028a8c                bsp_board_leds_on
 .text.clock_irq_handler
                0x0000000000028ab8       0x44 _build/nrf52840_xxaa/nrf_drv_clock.c.o
 .text.soc_evt_handler
                0x0000000000028afc       0x28 _build/nrf52840_xxaa/nrf_drv_clock.c.o
 .text.sd_state_evt_handler
                0x0000000000028b24       0xc8 _build/nrf52840_xxaa/nrf_drv_clock.c.o
 .text.nrfx_clock_init
                0x0000000000028bec       0x18 _build/nrf52840_xxaa/nrfx_clock.c.o
                0x0000000000028bec                nrfx_clock_init
 .text.nrfx_clock_enable
                0x0000000000028c04       0x24 _build/nrf52840_xxaa/nrfx_clock.c.o
                0x0000000000028c04                nrfx_clock_enable
 .text.nrfx_clock_lfclk_stop
                0x0000000000028c28       0x38 _build/nrf52840_xxaa/nrfx_clock.c.o
                0x0000000000028c28                nrfx_clock_lfclk_stop
 .text.POWER_CLOCK_IRQHandler
                0x0000000000028c60       0x6c _build/nrf52840_xxaa/nrfx_clock.c.o
                0x0000000000028c60                POWER_CLOCK_IRQHandler
 .text.GPIOTE_IRQHandler
                0x0000000000028ccc      0x500 _build/nrf52840_xxaa/nrfx_gpiote.c.o
                0x0000000000028ccc                GPIOTE_IRQHandler
 .text.UARTE0_UART0_IRQHandler
                0x00000000000291cc        0xc _build/nrf52840_xxaa/nrfx_prs.c.o
                0x00000000000291cc                UARTE0_UART0_IRQHandler
 .text.nrfx_uart_tx
                0x00000000000291d8       0xd0 _build/nrf52840_xxaa/nrfx_uart.c.o
                0x00000000000291d8                nrfx_uart_tx
 .text.nrfx_uart_tx_in_progress
                0x00000000000292a8       0x18 _build/nrf52840_xxaa/nrfx_uart.c.o
                0x00000000000292a8                nrfx_uart_tx_in_progress
 .text.nrfx_uart_rx
                0x00000000000292c0      0x148 _build/nrf52840_xxaa/nrfx_uart.c.o
                0x00000000000292c0                nrfx_uart_rx
 .text.nrfx_uarte_tx
                0x0000000000029408       0xb4 _build/nrf52840_xxaa/nrfx_uarte.c.o
                0x0000000000029408                nrfx_uarte_tx
 .text.nrfx_uarte_tx_in_progress
                0x00000000000294bc       0x1c _build/nrf52840_xxaa/nrfx_uarte.c.o
                0x00000000000294bc                nrfx_uarte_tx_in_progress
 .text.nrfx_uarte_rx
                0x00000000000294d8      0x130 _build/nrf52840_xxaa/nrfx_uarte.c.o
                0x00000000000294d8                nrfx_uarte_rx
 .text.bsp_event_to_button_action_assign
                0x0000000000029608       0x54 _build/nrf52840_xxaa/bsp.c.o
                0x0000000000029608                bsp_event_to_button_action_assign
 .text.ble_evt_handler
                0x000000000002965c       0xac _build/nrf52840_xxaa/bsp_btn_ble.c.o
 .text.startup.main
                0x0000000000029708        0x8 _build/nrf52840_xxaa/main.c.o
                0x0000000000029708                main
 .text.display_help
                0x0000000000029710       0xbc _build/nrf52840_xxaa/UART.c.o
                0x0000000000029710                display_help
 .text.uart_checker
                0x00000000000297cc       0xb4 _build/nrf52840_xxaa/UART.c.o
                0x00000000000297cc                uart_checker
 .text.twi_scan
                0x0000000000029880       0x24 _build/nrf52840_xxaa/twi.c.o
                0x0000000000029880                twi_scan
 .text.SEGGER_RTT_WriteNoLock
                0x00000000000298a4      0x1bc _build/nrf52840_xxaa/SEGGER_RTT.c.o
                0x00000000000298a4                SEGGER_RTT_WriteNoLock
 .text.nrf_sdh_is_enabled
                0x0000000000029a60        0xc _build/nrf52840_xxaa/nrf_sdh.c.o
                0x0000000000029a60                nrf_sdh_is_enabled
 .text.SWI2_EGU2_IRQHandler
                0x0000000000029a6c       0x2c _build/nrf52840_xxaa/nrf_sdh.c.o
                0x0000000000029a6c                SWI2_EGU2_IRQHandler
 .text.sd_ble_evt_get
                0x0000000000029a98        0x4 _build/nrf52840_xxaa/nrf_sdh_ble.c.o
 .text.nrf_sdh_ble_evts_poll.part.0
                0x0000000000029a9c       0x54 _build/nrf52840_xxaa/nrf_sdh_ble.c.o
 .text.nrf_sdh_ble_evts_poll
                0x0000000000029af0       0x10 _build/nrf52840_xxaa/nrf_sdh_ble.c.o
 .text.sd_evt_get
                0x0000000000029b00        0x4 _build/nrf52840_xxaa/nrf_sdh_soc.c.o
 .text.nrf_sdh_soc_evts_poll
                0x0000000000029b04       0x4c _build/nrf52840_xxaa/nrf_sdh_soc.c.o
 .text.exit     0x0000000000029b50       0x28 /usr/local/gcc-arm-none-eabi-9-2020-q2-update/bin/../lib/gcc/arm-none-eabi/9.3.1/../../../../arm-none-eabi/lib/thumb/v7e-m+fp/hard/libc_nano.a(lib_a-exit.o)
                0x0000000000029b50                exit
 .text.__libc_init_array
                0x0000000000029b78       0x48 /usr/local/gcc-arm-none-eabi-9-2020-q2-update/bin/../lib/gcc/arm-none-eabi/9.3.1/../../../../arm-none-eabi/lib/thumb/v7e-m+fp/hard/libc_nano.a(lib_a-init.o)
                0x0000000000029b78                __libc_init_array
 .text.memcpy   0x0000000000029bc0       0x1c /usr/local/gcc-arm-none-eabi-9-2020-q2-update/bin/../lib/gcc/arm-none-eabi/9.3.1/../../../../arm-none-eabi/lib/thumb/v7e-m+fp/hard/libc_nano.a(lib_a-memcpy-stub.o)
                0x0000000000029bc0                memcpy
 .text.memset   0x0000000000029bdc       0x10 /usr/local/gcc-arm-none-eabi-9-2020-q2-update/bin/../lib/gcc/arm-none-eabi/9.3.1/../../../../arm-none-eabi/lib/thumb/v7e-m+fp/hard/libc_nano.a(lib_a-memset.o)
                0x0000000000029bdc                memset
 .text.printf   0x0000000000029bec       0x30 /usr/local/gcc-arm-none-eabi-9-2020-q2-update/bin/../lib/gcc/arm-none-eabi/9.3.1/../../../../arm-none-eabi/lib/thumb/v7e-m+fp/hard/libc_nano.a(lib_a-printf.o)
                0x0000000000029bec                printf
                0x0000000000029bec                iprintf
 .text          0x0000000000029c1c       0x10 /usr/local/gcc-arm-none-eabi-9-2020-q2-update/bin/../lib/gcc/arm-none-eabi/9.3.1/../../../../arm-none-eabi/lib/thumb/v7e-m+fp/hard/libc_nano.a(lib_a-strlen.o)
                0x0000000000029c1c                strlen
 .text.std      0x0000000000029c2c       0x48 /usr/local/gcc-arm-none-eabi-9-2020-q2-update/bin/../lib/gcc/arm-none-eabi/9.3.1/../../../../arm-none-eabi/lib/thumb/v7e-m+fp/hard/libc_nano.a(lib_a-findfp.o)
 .text._cleanup_r
                0x0000000000029c74        0xc /usr/local/gcc-arm-none-eabi-9-2020-q2-update/bin/../lib/gcc/arm-none-eabi/9.3.1/../../../../arm-none-eabi/lib/thumb/v7e-m+fp/hard/libc_nano.a(lib_a-findfp.o)
                0x0000000000029c74                _cleanup_r
 .text.__sfmoreglue
                0x0000000000029c80       0x2c /usr/local/gcc-arm-none-eabi-9-2020-q2-update/bin/../lib/gcc/arm-none-eabi/9.3.1/../../../../arm-none-eabi/lib/thumb/v7e-m+fp/hard/libc_nano.a(lib_a-findfp.o)
                0x0000000000029c80                __sfmoreglue
 .text.__sfp_lock_acquire
                0x0000000000029cac        0xc /usr/local/gcc-arm-none-eabi-9-2020-q2-update/bin/../lib/gcc/arm-none-eabi/9.3.1/../../../../arm-none-eabi/lib/thumb/v7e-m+fp/hard/libc_nano.a(lib_a-findfp.o)
                0x0000000000029cac                __sfp_lock_acquire
 .text.__sfp_lock_release
                0x0000000000029cb8        0xc /usr/local/gcc-arm-none-eabi-9-2020-q2-update/bin/../lib/gcc/arm-none-eabi/9.3.1/../../../../arm-none-eabi/lib/thumb/v7e-m+fp/hard/libc_nano.a(lib_a-findfp.o)
                0x0000000000029cb8                __sfp_lock_release
 .text.__sinit_lock_acquire
                0x0000000000029cc4        0xc /usr/local/gcc-arm-none-eabi-9-2020-q2-update/bin/../lib/gcc/arm-none-eabi/9.3.1/../../../../arm-none-eabi/lib/thumb/v7e-m+fp/hard/libc_nano.a(lib_a-findfp.o)
                0x0000000000029cc4                __sinit_lock_acquire
 .text.__sinit_lock_release
                0x0000000000029cd0        0xc /usr/local/gcc-arm-none-eabi-9-2020-q2-update/bin/../lib/gcc/arm-none-eabi/9.3.1/../../../../arm-none-eabi/lib/thumb/v7e-m+fp/hard/libc_nano.a(lib_a-findfp.o)
                0x0000000000029cd0                __sinit_lock_release
 .text.__sinit  0x0000000000029cdc       0x70 /usr/local/gcc-arm-none-eabi-9-2020-q2-update/bin/../lib/gcc/arm-none-eabi/9.3.1/../../../../arm-none-eabi/lib/thumb/v7e-m+fp/hard/libc_nano.a(lib_a-findfp.o)
                0x0000000000029cdc                __sinit
 .text.__sfp    0x0000000000029d4c       0x8c /usr/local/gcc-arm-none-eabi-9-2020-q2-update/bin/../lib/gcc/arm-none-eabi/9.3.1/../../../../arm-none-eabi/lib/thumb/v7e-m+fp/hard/libc_nano.a(lib_a-findfp.o)
                0x0000000000029d4c                __sfp
 .text._fwalk_reent
                0x0000000000029dd8       0x3e /usr/local/gcc-arm-none-eabi-9-2020-q2-update/bin/../lib/gcc/arm-none-eabi/9.3.1/../../../../arm-none-eabi/lib/thumb/v7e-m+fp/hard/libc_nano.a(lib_a-fwalk.o)
                0x0000000000029dd8                _fwalk_reent
 .text.__retarget_lock_init_recursive
                0x0000000000029e16        0x2 /usr/local/gcc-arm-none-eabi-9-2020-q2-update/bin/../lib/gcc/arm-none-eabi/9.3.1/../../../../arm-none-eabi/lib/thumb/v7e-m+fp/hard/libc_nano.a(lib_a-lock.o)
                0x0000000000029e16                __retarget_lock_init_recursive
 .text.__retarget_lock_acquire_recursive
                0x0000000000029e18        0x2 /usr/local/gcc-arm-none-eabi-9-2020-q2-update/bin/../lib/gcc/arm-none-eabi/9.3.1/../../../../arm-none-eabi/lib/thumb/v7e-m+fp/hard/libc_nano.a(lib_a-lock.o)
                0x0000000000029e18                __retarget_lock_acquire_recursive
 .text.__retarget_lock_release_recursive
                0x0000000000029e1a        0x2 /usr/local/gcc-arm-none-eabi-9-2020-q2-update/bin/../lib/gcc/arm-none-eabi/9.3.1/../../../../arm-none-eabi/lib/thumb/v7e-m+fp/hard/libc_nano.a(lib_a-lock.o)
                0x0000000000029e1a                __retarget_lock_release_recursive
 .text._malloc_r
                0x0000000000029e1c       0xb4 /usr/local/gcc-arm-none-eabi-9-2020-q2-update/bin/../lib/gcc/arm-none-eabi/9.3.1/../../../../arm-none-eabi/lib/thumb/v7e-m+fp/hard/libc_nano.a(lib_a-nano-mallocr.o)
                0x0000000000029e1c                _malloc_r
 .text.__sfputc_r
                0x0000000000029ed0       0x2e /usr/local/gcc-arm-none-eabi-9-2020-q2-update/bin/../lib/gcc/arm-none-eabi/9.3.1/../../../../arm-none-eabi/lib/thumb/v7e-m+fp/hard/libc_nano.a(lib_a-nano-vfprintf.o)
 .text.__sfputs_r
                0x0000000000029efe       0x24 /usr/local/gcc-arm-none-eabi-9-2020-q2-update/bin/../lib/gcc/arm-none-eabi/9.3.1/../../../../arm-none-eabi/lib/thumb/v7e-m+fp/hard/libc_nano.a(lib_a-nano-vfprintf.o)
                0x0000000000029efe                __sfputs_r
 *fill*         0x0000000000029f22        0x2 
 .text._vfprintf_r
                0x0000000000029f24      0x260 /usr/local/gcc-arm-none-eabi-9-2020-q2-update/bin/../lib/gcc/arm-none-eabi/9.3.1/../../../../arm-none-eabi/lib/thumb/v7e-m+fp/hard/libc_nano.a(lib_a-nano-vfprintf.o)
                0x0000000000029f24                _vfiprintf_r
                0x0000000000029f24                _vfprintf_r
 .text._printf_common
                0x000000000002a184       0xda /usr/local/gcc-arm-none-eabi-9-2020-q2-update/bin/../lib/gcc/arm-none-eabi/9.3.1/../../../../arm-none-eabi/lib/thumb/v7e-m+fp/hard/libc_nano.a(lib_a-nano-vfprintf_i.o)
                0x000000000002a184                _printf_common
 *fill*         0x000000000002a25e        0x2 
 .text._printf_i
                0x000000000002a260      0x24c /usr/local/gcc-arm-none-eabi-9-2020-q2-update/bin/../lib/gcc/arm-none-eabi/9.3.1/../../../../arm-none-eabi/lib/thumb/v7e-m+fp/hard/libc_nano.a(lib_a-nano-vfprintf_i.o)
                0x000000000002a260                _printf_i
 .text._sbrk_r  0x000000000002a4ac       0x20 /usr/local/gcc-arm-none-eabi-9-2020-q2-update/bin/../lib/gcc/arm-none-eabi/9.3.1/../../../../arm-none-eabi/lib/thumb/v7e-m+fp/hard/libc_nano.a(lib_a-sbrkr.o)
                0x000000000002a4ac                _sbrk_r
 .text.__sread  0x000000000002a4cc       0x22 /usr/local/gcc-arm-none-eabi-9-2020-q2-update/bin/../lib/gcc/arm-none-eabi/9.3.1/../../../../arm-none-eabi/lib/thumb/v7e-m+fp/hard/libc_nano.a(lib_a-stdio.o)
                0x000000000002a4cc                __sread
 .text.__swrite
                0x000000000002a4ee       0x38 /usr/local/gcc-arm-none-eabi-9-2020-q2-update/bin/../lib/gcc/arm-none-eabi/9.3.1/../../../../arm-none-eabi/lib/thumb/v7e-m+fp/hard/libc_nano.a(lib_a-stdio.o)
                0x000000000002a4ee                __swrite
 .text.__sseek  0x000000000002a526       0x24 /usr/local/gcc-arm-none-eabi-9-2020-q2-update/bin/../lib/gcc/arm-none-eabi/9.3.1/../../../../arm-none-eabi/lib/thumb/v7e-m+fp/hard/libc_nano.a(lib_a-stdio.o)
                0x000000000002a526                __sseek
 .text.__sclose
                0x000000000002a54a        0x8 /usr/local/gcc-arm-none-eabi-9-2020-q2-update/bin/../lib/gcc/arm-none-eabi/9.3.1/../../../../arm-none-eabi/lib/thumb/v7e-m+fp/hard/libc_nano.a(lib_a-stdio.o)
                0x000000000002a54a                __sclose
 *fill*         0x000000000002a552        0x2 
 .text.__swbuf_r
                0x000000000002a554       0xa4 /usr/local/gcc-arm-none-eabi-9-2020-q2-update/bin/../lib/gcc/arm-none-eabi/9.3.1/../../../../arm-none-eabi/lib/thumb/v7e-m+fp/hard/libc_nano.a(lib_a-wbuf.o)
                0x000000000002a554                __swbuf_r
 .text._write_r
                0x000000000002a5f8       0x24 /usr/local/gcc-arm-none-eabi-9-2020-q2-update/bin/../lib/gcc/arm-none-eabi/9.3.1/../../../../arm-none-eabi/lib/thumb/v7e-m+fp/hard/libc_nano.a(lib_a-writer.o)
                0x000000000002a5f8                _write_r
 .text.__swsetup_r
                0x000000000002a61c       0xdc /usr/local/gcc-arm-none-eabi-9-2020-q2-update/bin/../lib/gcc/arm-none-eabi/9.3.1/../../../../arm-none-eabi/lib/thumb/v7e-m+fp/hard/libc_nano.a(lib_a-wsetup.o)
                0x000000000002a61c                __swsetup_r
 .text._close_r
                0x000000000002a6f8       0x20 /usr/local/gcc-arm-none-eabi-9-2020-q2-update/bin/../lib/gcc/arm-none-eabi/9.3.1/../../../../arm-none-eabi/lib/thumb/v7e-m+fp/hard/libc_nano.a(lib_a-closer.o)
                0x000000000002a6f8                _close_r
 .text.__sflush_r
                0x000000000002a718      0x10c /usr/local/gcc-arm-none-eabi-9-2020-q2-update/bin/../lib/gcc/arm-none-eabi/9.3.1/../../../../arm-none-eabi/lib/thumb/v7e-m+fp/hard/libc_nano.a(lib_a-fflush.o)
                0x000000000002a718                __sflush_r
 .text._fflush_r
                0x000000000002a824       0x78 /usr/local/gcc-arm-none-eabi-9-2020-q2-update/bin/../lib/gcc/arm-none-eabi/9.3.1/../../../../arm-none-eabi/lib/thumb/v7e-m+fp/hard/libc_nano.a(lib_a-fflush.o)
                0x000000000002a824                _fflush_r
 .text._lseek_r
                0x000000000002a89c       0x24 /usr/local/gcc-arm-none-eabi-9-2020-q2-update/bin/../lib/gcc/arm-none-eabi/9.3.1/../../../../arm-none-eabi/lib/thumb/v7e-m+fp/hard/libc_nano.a(lib_a-lseekr.o)
                0x000000000002a89c                _lseek_r
 .text.__swhatbuf_r
                0x000000000002a8c0       0x48 /usr/local/gcc-arm-none-eabi-9-2020-q2-update/bin/../lib/gcc/arm-none-eabi/9.3.1/../../../../arm-none-eabi/lib/thumb/v7e-m+fp/hard/libc_nano.a(lib_a-makebuf.o)
                0x000000000002a8c0                __swhatbuf_r
 .text.__smakebuf_r
                0x000000000002a908       0x80 /usr/local/gcc-arm-none-eabi-9-2020-q2-update/bin/../lib/gcc/arm-none-eabi/9.3.1/../../../../arm-none-eabi/lib/thumb/v7e-m+fp/hard/libc_nano.a(lib_a-makebuf.o)
                0x000000000002a908                __smakebuf_r
 *fill*         0x000000000002a988        0x8 
 .text          0x000000000002a990       0xa0 /usr/local/gcc-arm-none-eabi-9-2020-q2-update/bin/../lib/gcc/arm-none-eabi/9.3.1/../../../../arm-none-eabi/lib/thumb/v7e-m+fp/hard/libc_nano.a(lib_a-memchr.o)
                0x000000000002a990                memchr
 .text.__malloc_lock
                0x000000000002aa30        0xc /usr/local/gcc-arm-none-eabi-9-2020-q2-update/bin/../lib/gcc/arm-none-eabi/9.3.1/../../../../arm-none-eabi/lib/thumb/v7e-m+fp/hard/libc_nano.a(lib_a-mlock.o)
                0x000000000002aa30                __malloc_lock
 .text.__malloc_unlock
                0x000000000002aa3c        0xc /usr/local/gcc-arm-none-eabi-9-2020-q2-update/bin/../lib/gcc/arm-none-eabi/9.3.1/../../../../arm-none-eabi/lib/thumb/v7e-m+fp/hard/libc_nano.a(lib_a-mlock.o)
                0x000000000002aa3c                __malloc_unlock
 .text._free_r  0x000000000002aa48       0xa0 /usr/local/gcc-arm-none-eabi-9-2020-q2-update/bin/../lib/gcc/arm-none-eabi/9.3.1/../../../../arm-none-eabi/lib/thumb/v7e-m+fp/hard/libc_nano.a(lib_a-nano-freer.o)
                0x000000000002aa48                _free_r
 .text._read_r  0x000000000002aae8       0x24 /usr/local/gcc-arm-none-eabi-9-2020-q2-update/bin/../lib/gcc/arm-none-eabi/9.3.1/../../../../arm-none-eabi/lib/thumb/v7e-m+fp/hard/libc_nano.a(lib_a-readr.o)
                0x000000000002aae8                _read_r
 .text._fstat_r
                0x000000000002ab0c       0x24 /usr/local/gcc-arm-none-eabi-9-2020-q2-update/bin/../lib/gcc/arm-none-eabi/9.3.1/../../../../arm-none-eabi/lib/thumb/v7e-m+fp/hard/libc_nano.a(lib_a-fstatr.o)
                0x000000000002ab0c                _fstat_r
 .text._isatty_r
                0x000000000002ab30       0x20 /usr/local/gcc-arm-none-eabi-9-2020-q2-update/bin/../lib/gcc/arm-none-eabi/9.3.1/../../../../arm-none-eabi/lib/thumb/v7e-m+fp/hard/libc_nano.a(lib_a-isattyr.o)
                0x000000000002ab30                _isatty_r
 .text._close   0x000000000002ab50       0x10 /usr/local/gcc-arm-none-eabi-9-2020-q2-update/bin/../lib/gcc/arm-none-eabi/9.3.1/../../../../arm-none-eabi/lib/thumb/v7e-m+fp/hard/libnosys.a(close.o)
                0x000000000002ab50                _close
 .text._fstat   0x000000000002ab60       0x10 /usr/local/gcc-arm-none-eabi-9-2020-q2-update/bin/../lib/gcc/arm-none-eabi/9.3.1/../../../../arm-none-eabi/lib/thumb/v7e-m+fp/hard/libnosys.a(fstat.o)
                0x000000000002ab60                _fstat
 .text._isatty  0x000000000002ab70       0x10 /usr/local/gcc-arm-none-eabi-9-2020-q2-update/bin/../lib/gcc/arm-none-eabi/9.3.1/../../../../arm-none-eabi/lib/thumb/v7e-m+fp/hard/libnosys.a(isatty.o)
                0x000000000002ab70                _isatty
 .text._lseek   0x000000000002ab80       0x10 /usr/local/gcc-arm-none-eabi-9-2020-q2-update/bin/../lib/gcc/arm-none-eabi/9.3.1/../../../../arm-none-eabi/lib/thumb/v7e-m+fp/hard/libnosys.a(lseek.o)
                0x000000000002ab80                _lseek
 .text._sbrk    0x000000000002ab90       0x1c /usr/local/gcc-arm-none-eabi-9-2020-q2-update/bin/../lib/gcc/arm-none-eabi/9.3.1/../../../../arm-none-eabi/lib/thumb/v7e-m+fp/hard/libnosys.a(sbrk.o)
                0x000000000002ab90                _sbrk
 .text._exit    0x000000000002abac        0x4 /usr/local/gcc-arm-none-eabi-9-2020-q2-update/bin/../lib/gcc/arm-none-eabi/9.3.1/../../../../arm-none-eabi/lib/thumb/v7e-m+fp/hard/libnosys.a(_exit.o)
                0x000000000002abac                _exit
 *(.init)
 .init          0x000000000002abb0        0x4 /usr/local/gcc-arm-none-eabi-9-2020-q2-update/bin/../lib/gcc/arm-none-eabi/9.3.1/thumb/v7e-m+fp/hard/crti.o
                0x000000000002abb0                _init
 .init          0x000000000002abb4        0x8 /usr/local/gcc-arm-none-eabi-9-2020-q2-update/bin/../lib/gcc/arm-none-eabi/9.3.1/thumb/v7e-m+fp/hard/crtn.o
 *(.fini)
 .fini          0x000000000002abbc        0x4 /usr/local/gcc-arm-none-eabi-9-2020-q2-update/bin/../lib/gcc/arm-none-eabi/9.3.1/thumb/v7e-m+fp/hard/crti.o
                0x000000000002abbc                _fini
 .fini          0x000000000002abc0        0x8 /usr/local/gcc-arm-none-eabi-9-2020-q2-update/bin/../lib/gcc/arm-none-eabi/9.3.1/thumb/v7e-m+fp/hard/crtn.o
 *crtbegin.o(.ctors)
 *crtbegin?.o(.ctors)
 *(EXCLUDE_FILE(*crtend.o *crtend?.o) .ctors)
 *(SORT_BY_NAME(.ctors.*))
 *(.ctors)
 *crtbegin.o(.dtors)
 *crtbegin?.o(.dtors)
 *(EXCLUDE_FILE(*crtend.o *crtend?.o) .dtors)
 *(SORT_BY_NAME(.dtors.*))
 *(.dtors)
 *(.rodata*)
 *fill*         0x000000000002abc8        0x8 
 .rodata.delay_machine_code.9523
                0x000000000002abd0        0x6 _build/nrf52840_xxaa/nrf_log_backend_rtt.c.o
 *fill*         0x000000000002abd6        0x2 
 .rodata.nrf_log_backend_rtt_api
                0x000000000002abd8        0xc _build/nrf52840_xxaa/nrf_log_backend_rtt.c.o
                0x000000000002abd8                nrf_log_backend_rtt_api
 .rodata.str1.4
                0x000000000002abe4       0x10 _build/nrf52840_xxaa/nrf_log_default_backends.c.o
 .rodata.nrf_log_frontend_dequeue.str1.4
                0x000000000002abf4       0x11 _build/nrf52840_xxaa/nrf_log_frontend.c.o
 *fill*         0x000000000002ac05        0x3 
 .rodata.str1.4
                0x000000000002ac08        0x4 _build/nrf52840_xxaa/nrf_log_frontend.c.o
 .rodata.prefix_process.str1.4
                0x000000000002ac0c       0x36 _build/nrf52840_xxaa/nrf_log_str_formatter.c.o
 .rodata.nrf_log_std_entry_process.str1.4
                0x000000000002ac42       0x36 _build/nrf52840_xxaa/nrf_log_str_formatter.c.o
                                          0x3 (size before relaxing)
 *fill*         0x000000000002ac42        0x2 
 .rodata.nrf_log_hexdump_entry_process.str1.4
                0x000000000002ac44       0x13 _build/nrf52840_xxaa/nrf_log_str_formatter.c.o
                                         0x16 (size before relaxing)
 *fill*         0x000000000002ac57        0x1 
 .rodata.str1.4
                0x000000000002ac58       0x56 _build/nrf52840_xxaa/nrf_log_str_formatter.c.o
 *fill*         0x000000000002acae        0x2 
 .rodata.m_colors
                0x000000000002acb0       0x24 _build/nrf52840_xxaa/nrf_log_str_formatter.c.o
 .rodata.severity_names
                0x000000000002acd4       0x14 _build/nrf52840_xxaa/nrf_log_str_formatter.c.o
 .rodata.str1.4
                0x000000000002ace8        0xb _build/nrf52840_xxaa/app_button.c.o
 *fill*         0x000000000002acf3        0x1 
 .rodata.app_error_fault_handler.str1.4
                0x000000000002acf4       0x19 _build/nrf52840_xxaa/app_error_weak.c.o
 *fill*         0x000000000002ad0d        0x3 
 .rodata.str1.4
                0x000000000002ad10        0xa _build/nrf52840_xxaa/app_timer2.c.o
 *fill*         0x000000000002ad1a        0x2 
 .rodata._aV2C.7907
                0x000000000002ad1c       0x10 _build/nrf52840_xxaa/nrf_fprintf_format.c.o
 .rodata.str1.4
                0x000000000002ad2c        0x9 _build/nrf52840_xxaa/nrf_pwr_mgmt.c.o
 *fill*         0x000000000002ad35        0x3 
 .rodata.str1.4
                0x000000000002ad38        0x9 _build/nrf52840_xxaa/nrf_sortlist.c.o
 *fill*         0x000000000002ad41        0x3 
 .rodata.CSWTCH.15
                0x000000000002ad44        0x6 _build/nrf52840_xxaa/system_nrf52840.c.o
 *fill*         0x000000000002ad4a        0x2 
 .rodata.CSWTCH.6
                0x000000000002ad4c        0x6 _build/nrf52840_xxaa/system_nrf52840.c.o
 *fill*         0x000000000002ad52        0x2 
 .rodata.str1.4
                0x000000000002ad54        0x6 _build/nrf52840_xxaa/nrf_drv_clock.c.o
 *fill*         0x000000000002ad5a        0x2 
 .rodata.str1.4
                0x000000000002ad5c        0x6 _build/nrf52840_xxaa/nrfx_clock.c.o
 *fill*         0x000000000002ad62        0x2 
 .rodata.str1.4
                0x000000000002ad64        0x7 _build/nrf52840_xxaa/nrfx_gpiote.c.o
 *fill*         0x000000000002ad6b        0x1 
 .rodata.str1.4
                0x000000000002ad6c        0x4 _build/nrf52840_xxaa/nrfx_prs.c.o
 .rodata.str1.4
                0x000000000002ad70        0x5 _build/nrf52840_xxaa/nrfx_uart.c.o
 *fill*         0x000000000002ad75        0x3 
 .rodata.str1.4
                0x000000000002ad78        0x6 _build/nrf52840_xxaa/nrfx_uarte.c.o
 *fill*         0x000000000002ad7e        0x2 
 .rodata.display_help.str1.4
                0x000000000002ad80      0x1b7 _build/nrf52840_xxaa/UART.c.o
 *fill*         0x000000000002af37        0x1 
 .rodata.uart_checker.str1.4
                0x000000000002af38       0x47 _build/nrf52840_xxaa/UART.c.o
 *fill*         0x000000000002af7f        0x1 
 .rodata.delay_machine_code.8896
                0x000000000002af80        0x6 _build/nrf52840_xxaa/UART.c.o
 *fill*         0x000000000002af86        0x2 
 .rodata.twi_scan.str1.4
                0x000000000002af88       0x44 _build/nrf52840_xxaa/twi.c.o
 .rodata.str1.4
                0x000000000002afcc        0xc _build/nrf52840_xxaa/ble_db_discovery.c.o
 .rodata.str1.4
                0x000000000002afd8        0xd _build/nrf52840_xxaa/nrf_ble_gatt.c.o
 *fill*         0x000000000002afe5        0x3 
 .rodata.str1.4
                0x000000000002afe8        0xb _build/nrf52840_xxaa/nrf_ble_gq.c.o
 *fill*         0x000000000002aff3        0x1 
 .rodata.str1.4
                0x000000000002aff4        0x9 _build/nrf52840_xxaa/nrf_ble_scan.c.o
 *fill*         0x000000000002affd        0x3 
 .rodata.str1.4
                0x000000000002b000        0xa _build/nrf52840_xxaa/ble_nus_c.c.o
 *fill*         0x000000000002b00a        0x2 
 .rodata.str1.4
                0x000000000002b00c        0x8 _build/nrf52840_xxaa/nrf_sdh.c.o
 .rodata.sdh_stack_observers
                0x000000000002b014        0xc _build/nrf52840_xxaa/nrf_sdh.c.o
 .rodata.str1.4
                0x000000000002b020        0xc _build/nrf52840_xxaa/nrf_sdh_ble.c.o
 .rodata.sdh_ble_observers
                0x000000000002b02c        0xc _build/nrf52840_xxaa/nrf_sdh_ble.c.o
 .rodata.str1.4
                0x000000000002b038        0xc _build/nrf52840_xxaa/nrf_sdh_soc.c.o
 .rodata.sdh_soc_observers
                0x000000000002b044        0xc _build/nrf52840_xxaa/nrf_sdh_soc.c.o
 .rodata._ctype_
                0x000000000002b050      0x101 /usr/local/gcc-arm-none-eabi-9-2020-q2-update/bin/../lib/gcc/arm-none-eabi/9.3.1/../../../../arm-none-eabi/lib/thumb/v7e-m+fp/hard/libc_nano.a(lib_a-ctype_.o)
                0x000000000002b050                _ctype_
 *fill*         0x000000000002b151        0x3 
 .rodata._global_impure_ptr
                0x000000000002b154        0x4 /usr/local/gcc-arm-none-eabi-9-2020-q2-update/bin/../lib/gcc/arm-none-eabi/9.3.1/../../../../arm-none-eabi/lib/thumb/v7e-m+fp/hard/libc_nano.a(lib_a-impure.o)
                0x000000000002b154                _global_impure_ptr
 .rodata.__sf_fake_stderr
                0x000000000002b158       0x20 /usr/local/gcc-arm-none-eabi-9-2020-q2-update/bin/../lib/gcc/arm-none-eabi/9.3.1/../../../../arm-none-eabi/lib/thumb/v7e-m+fp/hard/libc_nano.a(lib_a-findfp.o)
                0x000000000002b158                __sf_fake_stderr
 .rodata.__sf_fake_stdin
                0x000000000002b178       0x20 /usr/local/gcc-arm-none-eabi-9-2020-q2-update/bin/../lib/gcc/arm-none-eabi/9.3.1/../../../../arm-none-eabi/lib/thumb/v7e-m+fp/hard/libc_nano.a(lib_a-findfp.o)
                0x000000000002b178                __sf_fake_stdin
 .rodata.__sf_fake_stdout
                0x000000000002b198       0x20 /usr/local/gcc-arm-none-eabi-9-2020-q2-update/bin/../lib/gcc/arm-none-eabi/9.3.1/../../../../arm-none-eabi/lib/thumb/v7e-m+fp/hard/libc_nano.a(lib_a-findfp.o)
                0x000000000002b198                __sf_fake_stdout
 .rodata._vfprintf_r.str1.1
                0x000000000002b1b8       0x11 /usr/local/gcc-arm-none-eabi-9-2020-q2-update/bin/../lib/gcc/arm-none-eabi/9.3.1/../../../../arm-none-eabi/lib/thumb/v7e-m+fp/hard/libc_nano.a(lib_a-nano-vfprintf.o)
 .rodata._printf_i.str1.1
                0x000000000002b1c9       0x22 /usr/local/gcc-arm-none-eabi-9-2020-q2-update/bin/../lib/gcc/arm-none-eabi/9.3.1/../../../../arm-none-eabi/lib/thumb/v7e-m+fp/hard/libc_nano.a(lib_a-nano-vfprintf_i.o)
 *(.eh_frame*)
 *fill*         0x000000000002b1eb        0x1 
 .eh_frame      0x000000000002b1ec        0x0 /usr/local/gcc-arm-none-eabi-9-2020-q2-update/bin/../lib/gcc/arm-none-eabi/9.3.1/thumb/v7e-m+fp/hard/crtbegin.o
 .eh_frame      0x000000000002b1ec        0x4 /usr/local/gcc-arm-none-eabi-9-2020-q2-update/bin/../lib/gcc/arm-none-eabi/9.3.1/thumb/v7e-m+fp/hard/crtend.o

.glue_7         0x000000000002b1f0        0x0
 .glue_7        0x000000000002b1f0        0x0 linker stubs

.glue_7t        0x000000000002b1f0        0x0
 .glue_7t       0x000000000002b1f0        0x0 linker stubs

.vfp11_veneer   0x000000000002b1f0        0x0
 .vfp11_veneer  0x000000000002b1f0        0x0 linker stubs

.v4_bx          0x000000000002b1f0        0x0
 .v4_bx         0x000000000002b1f0        0x0 linker stubs

.iplt           0x000000000002b1f0        0x0
 .iplt          0x000000000002b1f0        0x0 /usr/local/gcc-arm-none-eabi-9-2020-q2-update/bin/../lib/gcc/arm-none-eabi/9.3.1/thumb/v7e-m+fp/hard/crtbegin.o

.mem_section_dummy_rom

.sdh_soc_observers
                0x000000000002b1f0        0x8
                0x000000000002b1f0                PROVIDE (__start_sdh_soc_observers = .)
 *(SORT_BY_NAME(.sdh_soc_observers*))
 .sdh_soc_observers0
                0x000000000002b1f0        0x8 _build/nrf52840_xxaa/nrf_drv_clock.c.o
                0x000000000002b1f8                PROVIDE (__stop_sdh_soc_observers = .)

.pwr_mgmt_data  0x000000000002b1f8        0x0
                0x000000000002b1f8                PROVIDE (__start_pwr_mgmt_data = .)
 *(SORT_BY_NAME(.pwr_mgmt_data*))
                0x000000000002b1f8                PROVIDE (__stop_pwr_mgmt_data = .)

.log_const_data
                0x000000000002b1f8       0x98
                0x000000000002b1f8                PROVIDE (__start_log_const_data = .)
 *(SORT_BY_NAME(.log_const_data*))
 .log_const_data_CLOCK
                0x000000000002b1f8        0x8 _build/nrf52840_xxaa/nrfx_clock.c.o
                0x000000000002b1f8                m_nrf_log_CLOCK_logs_data_const
 .log_const_data_GPIOTE
                0x000000000002b200        0x8 _build/nrf52840_xxaa/nrfx_gpiote.c.o
                0x000000000002b200                m_nrf_log_GPIOTE_logs_data_const
 .log_const_data_PRS
                0x000000000002b208        0x8 _build/nrf52840_xxaa/nrfx_prs.c.o
                0x000000000002b208                m_nrf_log_PRS_logs_data_const
 .log_const_data_UART
                0x000000000002b210        0x8 _build/nrf52840_xxaa/nrfx_uart.c.o
                0x000000000002b210                m_nrf_log_UART_logs_data_const
 .log_const_data_UARTE
                0x000000000002b218        0x8 _build/nrf52840_xxaa/nrfx_uarte.c.o
                0x000000000002b218                m_nrf_log_UARTE_logs_data_const
 .log_const_data_app
                0x000000000002b220        0x8 _build/nrf52840_xxaa/nrf_log_frontend.c.o
                0x000000000002b220                m_nrf_log_app_logs_data_const
 .log_const_data_app_button
                0x000000000002b228        0x8 _build/nrf52840_xxaa/app_button.c.o
                0x000000000002b228                m_nrf_log_app_button_logs_data_const
 .log_const_data_app_timer
                0x000000000002b230        0x8 _build/nrf52840_xxaa/app_timer2.c.o
                0x000000000002b230                m_nrf_log_app_timer_logs_data_const
 .log_const_data_ble_db_disc
                0x000000000002b238        0x8 _build/nrf52840_xxaa/ble_db_discovery.c.o
                0x000000000002b238                m_nrf_log_ble_db_disc_logs_data_const
 .log_const_data_ble_nus_c
                0x000000000002b240        0x8 _build/nrf52840_xxaa/ble_nus_c.c.o
                0x000000000002b240                m_nrf_log_ble_nus_c_logs_data_const
 .log_const_data_ble_scan
                0x000000000002b248        0x8 _build/nrf52840_xxaa/nrf_ble_scan.c.o
                0x000000000002b248                m_nrf_log_ble_scan_logs_data_const
 .log_const_data_clock
                0x000000000002b250        0x8 _build/nrf52840_xxaa/nrf_drv_clock.c.o
                0x000000000002b250                m_nrf_log_clock_logs_data_const
 .log_const_data_nrf_ble_gatt
                0x000000000002b258        0x8 _build/nrf52840_xxaa/nrf_ble_gatt.c.o
                0x000000000002b258                m_nrf_log_nrf_ble_gatt_logs_data_const
 .log_const_data_nrf_ble_gq
                0x000000000002b260        0x8 _build/nrf52840_xxaa/nrf_ble_gq.c.o
                0x000000000002b260                m_nrf_log_nrf_ble_gq_logs_data_const
 .log_const_data_nrf_sdh
                0x000000000002b268        0x8 _build/nrf52840_xxaa/nrf_sdh.c.o
                0x000000000002b268                m_nrf_log_nrf_sdh_logs_data_const
 .log_const_data_nrf_sdh_ble
                0x000000000002b270        0x8 _build/nrf52840_xxaa/nrf_sdh_ble.c.o
                0x000000000002b270                m_nrf_log_nrf_sdh_ble_logs_data_const
 .log_const_data_nrf_sdh_soc
                0x000000000002b278        0x8 _build/nrf52840_xxaa/nrf_sdh_soc.c.o
                0x000000000002b278                m_nrf_log_nrf_sdh_soc_logs_data_const
 .log_const_data_pwr_mgmt
                0x000000000002b280        0x8 _build/nrf52840_xxaa/nrf_pwr_mgmt.c.o
                0x000000000002b280                m_nrf_log_pwr_mgmt_logs_data_const
 .log_const_data_sortlist
                0x000000000002b288        0x8 _build/nrf52840_xxaa/nrf_sortlist.c.o
                0x000000000002b288                m_nrf_log_sortlist_logs_data_const
                0x000000000002b290                PROVIDE (__stop_log_const_data = .)

.nrf_balloc     0x000000000002b290       0x14
                [!provide]                        PROVIDE (__start_nrf_balloc = .)
 *(.nrf_balloc)
 .nrf_balloc    0x000000000002b290       0x14 _build/nrf52840_xxaa/nrf_log_frontend.c.o
                0x000000000002b290                log_mempool
                [!provide]                        PROVIDE (__stop_nrf_balloc = .)

.nrf_queue      0x000000000002b2a4        0x0
                [!provide]                        PROVIDE (__start_nrf_queue = .)
 *(.nrf_queue)
                [!provide]                        PROVIDE (__stop_nrf_queue = .)

.sdh_req_observers
                0x000000000002b2a4        0x0
                0x000000000002b2a4                PROVIDE (__start_sdh_req_observers = .)
 *(SORT_BY_NAME(.sdh_req_observers*))
                0x000000000002b2a4                PROVIDE (__stop_sdh_req_observers = .)

.sdh_state_observers
                0x000000000002b2a4        0x8
                0x000000000002b2a4                PROVIDE (__start_sdh_state_observers = .)
 *(SORT_BY_NAME(.sdh_state_observers*))
 .sdh_state_observers0
                0x000000000002b2a4        0x8 _build/nrf52840_xxaa/nrf_drv_clock.c.o
                0x000000000002b2ac                PROVIDE (__stop_sdh_state_observers = .)

.sdh_stack_observers
                0x000000000002b2ac       0x10
                0x000000000002b2ac                PROVIDE (__start_sdh_stack_observers = .)
 *(SORT_BY_NAME(.sdh_stack_observers*))
 .sdh_stack_observers0
                0x000000000002b2ac        0x8 _build/nrf52840_xxaa/nrf_sdh_ble.c.o
 .sdh_stack_observers0
                0x000000000002b2b4        0x8 _build/nrf52840_xxaa/nrf_sdh_soc.c.o
                0x000000000002b2bc                PROVIDE (__stop_sdh_stack_observers = .)

.cli_command    0x000000000002b2bc        0x0
                [!provide]                        PROVIDE (__start_cli_command = .)
 *(.cli_command)
                [!provide]                        PROVIDE (__stop_cli_command = .)

.crypto_data    0x000000000002b2bc        0x0
                [!provide]                        PROVIDE (__start_crypto_data = .)
 *(SORT_BY_NAME(.crypto_data*))
                [!provide]                        PROVIDE (__stop_crypto_data = .)

.sdh_ble_observers
                0x000000000002b2bc        0x8
                0x000000000002b2bc                PROVIDE (__start_sdh_ble_observers = .)
 *(SORT_BY_NAME(.sdh_ble_observers*))
 .sdh_ble_observers1
                0x000000000002b2bc        0x8 _build/nrf52840_xxaa/bsp_btn_ble.c.o
                0x000000000002b2c4                PROVIDE (__stop_sdh_ble_observers = .)

.log_backends   0x000000000002b2c4       0x10
                [!provide]                        PROVIDE (__start_log_backends = .)
 *(SORT_BY_NAME(.log_backends*))
 .log_backends  0x000000000002b2c4       0x10 _build/nrf52840_xxaa/nrf_log_default_backends.c.o
                [!provide]                        PROVIDE (__stop_log_backends = .)

.ARM.extab
 *(.ARM.extab* .gnu.linkonce.armextab.*)
                0x000000000002b2d4                __exidx_start = .

.ARM.exidx      0x000000000002b2d4        0x8
 *(.ARM.exidx* .gnu.linkonce.armexidx.*)
 .ARM.exidx     0x000000000002b2d4        0x8 /usr/local/gcc-arm-none-eabi-9-2020-q2-update/bin/../lib/gcc/arm-none-eabi/9.3.1/../../../../arm-none-eabi/lib/thumb/v7e-m+fp/hard/crt0.o
                                         0x10 (size before relaxing)
                0x000000000002b2dc                __exidx_end = .

.rel.dyn        0x000000000002b2dc        0x0
 .rel.iplt      0x000000000002b2dc        0x0 /usr/local/gcc-arm-none-eabi-9-2020-q2-update/bin/../lib/gcc/arm-none-eabi/9.3.1/thumb/v7e-m+fp/hard/crtbegin.o
                0x000000000002b2dc                . = ALIGN (0x4)
                0x000000000002b2dc                __etext = .

.data           0x0000000020002a38       0x8c load address 0x000000000002b2dc
                0x0000000020002a38                __data_start__ = .
 *(vtable)
 *(.data*)
 .data.log_backend_cb_rtt_log_backend
                0x0000000020002a38        0x8 _build/nrf52840_xxaa/nrf_log_default_backends.c.o
 .data.app_uart_inst
                0x0000000020002a40       0x14 _build/nrf52840_xxaa/app_uart_fifo.c.o
 .data.SystemCoreClock
                0x0000000020002a54        0x4 _build/nrf52840_xxaa/system_nrf52840.c.o
                0x0000000020002a54                SystemCoreClock
 .data._impure_ptr
                0x0000000020002a58        0x4 /usr/local/gcc-arm-none-eabi-9-2020-q2-update/bin/../lib/gcc/arm-none-eabi/9.3.1/../../../../arm-none-eabi/lib/thumb/v7e-m+fp/hard/libc_nano.a(lib_a-impure.o)
                0x0000000020002a58                _impure_ptr
 .data.impure_data
                0x0000000020002a5c       0x60 /usr/local/gcc-arm-none-eabi-9-2020-q2-update/bin/../lib/gcc/arm-none-eabi/9.3.1/../../../../arm-none-eabi/lib/thumb/v7e-m+fp/hard/libc_nano.a(lib_a-impure.o)
                0x0000000020002abc                . = ALIGN (0x4)
                0x0000000020002abc                PROVIDE (__preinit_array_start = .)
 *(.preinit_array)
                0x0000000020002abc                PROVIDE (__preinit_array_end = .)
                0x0000000020002abc                . = ALIGN (0x4)
                0x0000000020002abc                PROVIDE (__init_array_start = .)
 *(SORT_BY_NAME(.init_array.*))
 *(.init_array)
 .init_array    0x0000000020002abc        0x4 /usr/local/gcc-arm-none-eabi-9-2020-q2-update/bin/../lib/gcc/arm-none-eabi/9.3.1/thumb/v7e-m+fp/hard/crtbegin.o
                0x0000000020002ac0                PROVIDE (__init_array_end = .)
                0x0000000020002ac0                . = ALIGN (0x4)
                [!provide]                        PROVIDE (__fini_array_start = .)
 *(SORT_BY_NAME(.fini_array.*))
 *(.fini_array)
 .fini_array    0x0000000020002ac0        0x4 /usr/local/gcc-arm-none-eabi-9-2020-q2-update/bin/../lib/gcc/arm-none-eabi/9.3.1/thumb/v7e-m+fp/hard/crtbegin.o
                [!provide]                        PROVIDE (__fini_array_end = .)
 *(.jcr*)
                0x0000000020002ac4                . = ALIGN (0x4)
                0x0000000020002ac4                __data_end__ = .
LOAD /usr/local/gcc-arm-none-eabi-9-2020-q2-update/bin/../lib/gcc/arm-none-eabi/9.3.1/thumb/v7e-m+fp/hard/crti.o
LOAD /usr/local/gcc-arm-none-eabi-9-2020-q2-update/bin/../lib/gcc/arm-none-eabi/9.3.1/thumb/v7e-m+fp/hard/crtbegin.o
LOAD /usr/local/gcc-arm-none-eabi-9-2020-q2-update/bin/../lib/gcc/arm-none-eabi/9.3.1/../../../../arm-none-eabi/lib/thumb/v7e-m+fp/hard/crt0.o
LOAD _build/nrf52840_xxaa/gcc_startup_nrf52840.S.o
LOAD _build/nrf52840_xxaa/nrf_log_backend_rtt.c.o
LOAD _build/nrf52840_xxaa/nrf_log_backend_serial.c.o
LOAD _build/nrf52840_xxaa/nrf_log_default_backends.c.o
LOAD _build/nrf52840_xxaa/nrf_log_frontend.c.o
LOAD _build/nrf52840_xxaa/nrf_log_str_formatter.c.o
LOAD _build/nrf52840_xxaa/app_button.c.o
LOAD _build/nrf52840_xxaa/app_error.c.o
LOAD _build/nrf52840_xxaa/app_error_handler_gcc.c.o
LOAD _build/nrf52840_xxaa/app_error_weak.c.o
LOAD _build/nrf52840_xxaa/app_fifo.c.o
LOAD _build/nrf52840_xxaa/app_scheduler.c.o
LOAD _build/nrf52840_xxaa/app_timer2.c.o
LOAD _build/nrf52840_xxaa/app_uart_fifo.c.o
LOAD _build/nrf52840_xxaa/app_util_platform.c.o
LOAD _build/nrf52840_xxaa/drv_rtc.c.o
LOAD _build/nrf52840_xxaa/hardfault_implementation.c.o
LOAD _build/nrf52840_xxaa/nrf_assert.c.o
LOAD _build/nrf52840_xxaa/nrf_atfifo.c.o
LOAD _build/nrf52840_xxaa/nrf_atomic.c.o
LOAD _build/nrf52840_xxaa/nrf_balloc.c.o
LOAD _build/nrf52840_xxaa/nrf_fprintf.c.o
LOAD _build/nrf52840_xxaa/nrf_fprintf_format.c.o
LOAD _build/nrf52840_xxaa/nrf_memobj.c.o
LOAD _build/nrf52840_xxaa/nrf_pwr_mgmt.c.o
LOAD _build/nrf52840_xxaa/nrf_queue.c.o
LOAD _build/nrf52840_xxaa/nrf_ringbuf.c.o
LOAD _build/nrf52840_xxaa/nrf_section_iter.c.o
LOAD _build/nrf52840_xxaa/nrf_sortlist.c.o
LOAD _build/nrf52840_xxaa/nrf_strerror.c.o
LOAD _build/nrf52840_xxaa/retarget.c.o
LOAD _build/nrf52840_xxaa/system_nrf52840.c.o
LOAD _build/nrf52840_xxaa/boards.c.o
LOAD _build/nrf52840_xxaa/nrf_drv_clock.c.o
LOAD _build/nrf52840_xxaa/nrf_drv_uart.c.o
LOAD _build/nrf52840_xxaa/nrfx_atomic.c.o
LOAD _build/nrf52840_xxaa/nrfx_clock.c.o
LOAD _build/nrf52840_xxaa/nrfx_gpiote.c.o
LOAD _build/nrf52840_xxaa/nrfx_prs.c.o
LOAD _build/nrf52840_xxaa/nrfx_uart.c.o
LOAD _build/nrf52840_xxaa/nrfx_uarte.c.o
LOAD _build/nrf52840_xxaa/bsp.c.o
LOAD _build/nrf52840_xxaa/bsp_btn_ble.c.o
LOAD _build/nrf52840_xxaa/main.c.o
LOAD _build/nrf52840_xxaa/UART.c.o
LOAD _build/nrf52840_xxaa/twi.c.o
LOAD _build/nrf52840_xxaa/SEGGER_RTT.c.o
LOAD _build/nrf52840_xxaa/SEGGER_RTT_Syscalls_GCC.c.o
LOAD _build/nrf52840_xxaa/SEGGER_RTT_printf.c.o
LOAD _build/nrf52840_xxaa/ble_advdata.c.o
LOAD _build/nrf52840_xxaa/ble_db_discovery.c.o
LOAD _build/nrf52840_xxaa/ble_srv_common.c.o
LOAD _build/nrf52840_xxaa/nrf_ble_gatt.c.o
LOAD _build/nrf52840_xxaa/nrf_ble_gq.c.o
LOAD _build/nrf52840_xxaa/nrf_ble_scan.c.o
LOAD _build/nrf52840_xxaa/utf.c.o
LOAD _build/nrf52840_xxaa/ble_nus_c.c.o
LOAD _build/nrf52840_xxaa/nrf_sdh.c.o
LOAD _build/nrf52840_xxaa/nrf_sdh_ble.c.o
LOAD _build/nrf52840_xxaa/nrf_sdh_soc.c.o
LOAD /usr/local/gcc-arm-none-eabi-9-2020-q2-update/bin/../lib/gcc/arm-none-eabi/9.3.1/../../../../arm-none-eabi/lib/thumb/v7e-m+fp/hard/libc_nano.a
LOAD /usr/local/gcc-arm-none-eabi-9-2020-q2-update/bin/../lib/gcc/arm-none-eabi/9.3.1/../../../../arm-none-eabi/lib/thumb/v7e-m+fp/hard/libnosys.a
LOAD /usr/local/gcc-arm-none-eabi-9-2020-q2-update/bin/../lib/gcc/arm-none-eabi/9.3.1/../../../../arm-none-eabi/lib/thumb/v7e-m+fp/hard/libm.a
START GROUP
LOAD /usr/local/gcc-arm-none-eabi-9-2020-q2-update/bin/../lib/gcc/arm-none-eabi/9.3.1/thumb/v7e-m+fp/hard/libgcc.a
LOAD /usr/local/gcc-arm-none-eabi-9-2020-q2-update/bin/../lib/gcc/arm-none-eabi/9.3.1/../../../../arm-none-eabi/lib/thumb/v7e-m+fp/hard/libg_nano.a
LOAD /usr/local/gcc-arm-none-eabi-9-2020-q2-update/bin/../lib/gcc/arm-none-eabi/9.3.1/../../../../arm-none-eabi/lib/thumb/v7e-m+fp/hard/libc_nano.a
END GROUP
START GROUP
LOAD /usr/local/gcc-arm-none-eabi-9-2020-q2-update/bin/../lib/gcc/arm-none-eabi/9.3.1/thumb/v7e-m+fp/hard/libgcc.a
LOAD /usr/local/gcc-arm-none-eabi-9-2020-q2-update/bin/../lib/gcc/arm-none-eabi/9.3.1/../../../../arm-none-eabi/lib/thumb/v7e-m+fp/hard/libc_nano.a
END GROUP
LOAD /usr/local/gcc-arm-none-eabi-9-2020-q2-update/bin/../lib/gcc/arm-none-eabi/9.3.1/thumb/v7e-m+fp/hard/crtend.o
LOAD /usr/local/gcc-arm-none-eabi-9-2020-q2-update/bin/../lib/gcc/arm-none-eabi/9.3.1/thumb/v7e-m+fp/hard/crtn.o
START GROUP
LOAD /usr/local/gcc-arm-none-eabi-9-2020-q2-update/bin/../lib/gcc/arm-none-eabi/9.3.1/thumb/v7e-m+fp/hard/libgcc.a
LOAD /usr/local/gcc-arm-none-eabi-9-2020-q2-update/bin/../lib/gcc/arm-none-eabi/9.3.1/../../../../arm-none-eabi/lib/thumb/v7e-m+fp/hard/libc.a
LOAD /usr/local/gcc-arm-none-eabi-9-2020-q2-update/bin/../lib/gcc/arm-none-eabi/9.3.1/../../../../arm-none-eabi/lib/thumb/v7e-m+fp/hard/libnosys.a
END GROUP

.igot.plt       0x0000000020002ac4        0x0 load address 0x000000000002b368
 .igot.plt      0x0000000020002ac4        0x0 /usr/local/gcc-arm-none-eabi-9-2020-q2-update/bin/../lib/gcc/arm-none-eabi/9.3.1/thumb/v7e-m+fp/hard/crtbegin.o
                0x0000000020002ac4                . = ALIGN (0x4)

.mem_section_dummy_ram

.log_dynamic_data
                0x0000000020002ac4        0x0
                0x0000000020002ac4                PROVIDE (__start_log_dynamic_data = .)
 *(SORT_BY_NAME(.log_dynamic_data*))
                [!provide]                        PROVIDE (__stop_log_dynamic_data = .)

.log_filter_data
                0x0000000020002ac4        0x0
                [!provide]                        PROVIDE (__start_log_filter_data = .)
 *(SORT_BY_NAME(.log_filter_data*))
                [!provide]                        PROVIDE (__stop_log_filter_data = .)

.cli_sorted_cmd_ptrs
                0x0000000020002ac4        0x0
                [!provide]                        PROVIDE (__start_cli_sorted_cmd_ptrs = .)
 *(.cli_sorted_cmd_ptrs)
                [!provide]                        PROVIDE (__stop_cli_sorted_cmd_ptrs = .)

.fs_data        0x0000000020002ac4        0x0
                [!provide]                        PROVIDE (__start_fs_data = .)
 *(.fs_data)
                [!provide]                        PROVIDE (__stop_fs_data = .)

.bss            0x0000000020002ac8      0x730 load address 0x000000000002b370
                0x0000000020002ac8                . = ALIGN (0x4)
                0x0000000020002ac8                __bss_start__ = .
 *(.bss*)
 .bss           0x0000000020002ac8       0x1c /usr/local/gcc-arm-none-eabi-9-2020-q2-update/bin/../lib/gcc/arm-none-eabi/9.3.1/thumb/v7e-m+fp/hard/crtbegin.o
 .bss.m_host_present
                0x0000000020002ae4        0x1 _build/nrf52840_xxaa/nrf_log_backend_rtt.c.o
 *fill*         0x0000000020002ae5        0x3 
 .bss.m_string_buff
                0x0000000020002ae8       0x40 _build/nrf52840_xxaa/nrf_log_backend_rtt.c.o
 .bss.log_mempool_nrf_balloc_cb
                0x0000000020002b28        0x8 _build/nrf52840_xxaa/nrf_log_frontend.c.o
 .bss.log_mempool_nrf_balloc_pool_mem
                0x0000000020002b30       0xc0 _build/nrf52840_xxaa/nrf_log_frontend.c.o
 .bss.log_mempool_nrf_balloc_pool_stack
                0x0000000020002bf0        0x8 _build/nrf52840_xxaa/nrf_log_frontend.c.o
 .bss.m_log_data
                0x0000000020002bf8      0x420 _build/nrf52840_xxaa/nrf_log_frontend.c.o
 .bss.m_rx_fifo
                0x0000000020003018       0x10 _build/nrf52840_xxaa/app_uart_fifo.c.o
 .bss.m_rx_ovf  0x0000000020003028        0x1 _build/nrf52840_xxaa/app_uart_fifo.c.o
 *fill*         0x0000000020003029        0x3 
 .bss.m_tx_fifo
                0x000000002000302c       0x10 _build/nrf52840_xxaa/app_uart_fifo.c.o
 .bss.rx_buffer
                0x000000002000303c        0x1 _build/nrf52840_xxaa/app_uart_fifo.c.o
 *fill*         0x000000002000303d        0x3 
 .bss.tx_buffer
                0x0000000020003040        0x1 _build/nrf52840_xxaa/app_uart_fifo.c.o
 *fill*         0x0000000020003041        0x3 
 .bss.m_cb      0x0000000020003044        0x8 _build/nrf52840_xxaa/drv_rtc.c.o
 .bss.m_handlers
                0x000000002000304c        0x4 _build/nrf52840_xxaa/drv_rtc.c.o
 .bss.m_clock_cb
                0x0000000020003050       0x14 _build/nrf52840_xxaa/nrf_drv_clock.c.o
 .bss.m_clock_cb
                0x0000000020003064        0x8 _build/nrf52840_xxaa/nrfx_clock.c.o
 *fill*         0x000000002000306c        0x4 
 .bss.m_cb      0x0000000020003070       0x6c _build/nrf52840_xxaa/nrfx_gpiote.c.o
 .bss.m_prs_box_4
                0x00000000200030dc        0x8 _build/nrf52840_xxaa/nrfx_prs.c.o
 *fill*         0x00000000200030e4        0x4 
 .bss.m_cb      0x00000000200030e8       0x2c _build/nrf52840_xxaa/nrfx_uart.c.o
 *fill*         0x0000000020003114        0x4 
 .bss.m_cb      0x0000000020003118       0x24 _build/nrf52840_xxaa/nrfx_uarte.c.o
 .bss.m_events_list
                0x000000002000313c        0xc _build/nrf52840_xxaa/bsp.c.o
 .bss.m_error_handler
                0x0000000020003148        0x4 _build/nrf52840_xxaa/bsp_btn_ble.c.o
 .bss.m_num_connections
                0x000000002000314c        0x4 _build/nrf52840_xxaa/bsp_btn_ble.c.o
 .bss.m_nrf_sdh_enabled
                0x0000000020003150        0x1 _build/nrf52840_xxaa/nrf_sdh.c.o
 .bss.m_stack_is_enabled
                0x0000000020003151        0x1 _build/nrf52840_xxaa/nrf_sdh_ble.c.o
 *fill*         0x0000000020003152        0x2 
 .bss.__malloc_free_list
                0x0000000020003154        0x4 /usr/local/gcc-arm-none-eabi-9-2020-q2-update/bin/../lib/gcc/arm-none-eabi/9.3.1/../../../../arm-none-eabi/lib/thumb/v7e-m+fp/hard/libc_nano.a(lib_a-nano-mallocr.o)
                0x0000000020003154                __malloc_free_list
 .bss.__malloc_sbrk_start
                0x0000000020003158        0x4 /usr/local/gcc-arm-none-eabi-9-2020-q2-update/bin/../lib/gcc/arm-none-eabi/9.3.1/../../../../arm-none-eabi/lib/thumb/v7e-m+fp/hard/libc_nano.a(lib_a-nano-mallocr.o)
                0x0000000020003158                __malloc_sbrk_start
 .bss.heap_end.5507
                0x000000002000315c        0x4 /usr/local/gcc-arm-none-eabi-9-2020-q2-update/bin/../lib/gcc/arm-none-eabi/9.3.1/../../../../arm-none-eabi/lib/thumb/v7e-m+fp/hard/libnosys.a(sbrk.o)
 *(COMMON)
 COMMON         0x0000000020003160        0xc _build/nrf52840_xxaa/app_util_platform.c.o
                0x0000000020003160                nrf_nvic_state
 COMMON         0x000000002000316c        0x2 _build/nrf52840_xxaa/nrf_drv_uart.c.o
                0x000000002000316c                nrf_drv_uart_use_easy_dma
 *fill*         0x000000002000316e        0x2 
 COMMON         0x0000000020003170       0x78 _build/nrf52840_xxaa/SEGGER_RTT.c.o
                0x0000000020003170                _SEGGER_RTT
 COMMON         0x00000000200031e8        0x9 /usr/local/gcc-arm-none-eabi-9-2020-q2-update/bin/../lib/gcc/arm-none-eabi/9.3.1/../../../../arm-none-eabi/lib/thumb/v7e-m+fp/hard/libc_nano.a(lib_a-lock.o)
                0x00000000200031e8                __lock___atexit_recursive_mutex
                0x00000000200031e9                __lock___arc4random_mutex
                0x00000000200031ea                __lock___env_recursive_mutex
                0x00000000200031eb                __lock___sinit_recursive_mutex
                0x00000000200031ec                __lock___malloc_recursive_mutex
                0x00000000200031ed                __lock___at_quick_exit_mutex
                0x00000000200031ee                __lock___dd_hash_mutex
                0x00000000200031ef                __lock___tz_mutex
                0x00000000200031f0                __lock___sfp_recursive_mutex
 *fill*         0x00000000200031f1        0x3 
 COMMON         0x00000000200031f4        0x4 /usr/local/gcc-arm-none-eabi-9-2020-q2-update/bin/../lib/gcc/arm-none-eabi/9.3.1/../../../../arm-none-eabi/lib/thumb/v7e-m+fp/hard/libc_nano.a(lib_a-reent.o)
                0x00000000200031f4                errno
                0x00000000200031f8                . = ALIGN (0x4)
                0x00000000200031f8                __bss_end__ = .

.heap           0x00000000200031f8     0x2000
                0x00000000200031f8                __HeapBase = .
                0x00000000200031f8                __end__ = .
                0x00000000200031f8                PROVIDE (end = .)
 *(.heap*)
 .heap          0x00000000200031f8     0x2000 _build/nrf52840_xxaa/gcc_startup_nrf52840.S.o
                0x00000000200051f8                __HeapLimit = .

.stack_dummy    0x00000000200031f8     0x2000
 *(.stack*)
 .stack         0x00000000200031f8     0x2000 _build/nrf52840_xxaa/gcc_startup_nrf52840.S.o
                0x0000000020040000                __StackTop = (ORIGIN (RAM) + LENGTH (RAM))
                0x000000002003e000                __StackLimit = (__StackTop - SIZEOF (.stack_dummy))
                0x0000000020040000                PROVIDE (__stack = __StackTop)
                0x0000000000000001                ASSERT ((__StackLimit >= __HeapLimit), region RAM overflowed with stack)
                0x0000000000000090                DataInitFlashUsed = (__bss_start__ - __data_start__)
                0x00000000000042dc                CodeFlashUsed = (__etext - ORIGIN (FLASH))
                0x000000000000436c                TotalFlashUsed = (CodeFlashUsed + DataInitFlashUsed)
                0x0000000000000001                ASSERT ((TotalFlashUsed <= LENGTH (FLASH)), region FLASH overflowed with .data and user data)
OUTPUT(_build/nrf52840_xxaa.out elf32-littlearm)
LOAD linker stubs

.ARM.attributes
                0x0000000000000000       0x30
 .ARM.attributes
                0x0000000000000000       0x1e /usr/local/gcc-arm-none-eabi-9-2020-q2-update/bin/../lib/gcc/arm-none-eabi/9.3.1/thumb/v7e-m+fp/hard/crti.o
 .ARM.attributes
                0x000000000000001e       0x34 /usr/local/gcc-arm-none-eabi-9-2020-q2-update/bin/../lib/gcc/arm-none-eabi/9.3.1/thumb/v7e-m+fp/hard/crtbegin.o
 .ARM.attributes
                0x0000000000000052       0x1c /usr/local/gcc-arm-none-eabi-9-2020-q2-update/bin/../lib/gcc/arm-none-eabi/9.3.1/../../../../arm-none-eabi/lib/thumb/v7e-m+fp/hard/crt0.o
 .ARM.attributes
                0x000000000000006e       0x20 _build/nrf52840_xxaa/gcc_startup_nrf52840.S.o
 .ARM.attributes
                0x000000000000008e       0x34 _build/nrf52840_xxaa/nrf_log_backend_rtt.c.o
 .ARM.attributes
                0x00000000000000c2       0x34 _build/nrf52840_xxaa/nrf_log_backend_serial.c.o
 .ARM.attributes
                0x00000000000000f6       0x34 _build/nrf52840_xxaa/nrf_log_default_backends.c.o
 .ARM.attributes
                0x000000000000012a       0x34 _build/nrf52840_xxaa/nrf_log_frontend.c.o
 .ARM.attributes
                0x000000000000015e       0x34 _build/nrf52840_xxaa/nrf_log_str_formatter.c.o
 .ARM.attributes
                0x0000000000000192       0x34 _build/nrf52840_xxaa/app_button.c.o
 .ARM.attributes
                0x00000000000001c6       0x34 _build/nrf52840_xxaa/app_error.c.o
 .ARM.attributes
                0x00000000000001fa       0x34 _build/nrf52840_xxaa/app_error_weak.c.o
 .ARM.attributes
                0x000000000000022e       0x34 _build/nrf52840_xxaa/app_fifo.c.o
 .ARM.attributes
                0x0000000000000262       0x34 _build/nrf52840_xxaa/app_timer2.c.o
 .ARM.attributes
                0x0000000000000296       0x34 _build/nrf52840_xxaa/app_uart_fifo.c.o
 .ARM.attributes
                0x00000000000002ca       0x34 _build/nrf52840_xxaa/app_util_platform.c.o
 .ARM.attributes
                0x00000000000002fe       0x34 _build/nrf52840_xxaa/drv_rtc.c.o
 .ARM.attributes
                0x0000000000000332       0x34 _build/nrf52840_xxaa/nrf_atomic.c.o
 .ARM.attributes
                0x0000000000000366       0x34 _build/nrf52840_xxaa/nrf_balloc.c.o
 .ARM.attributes
                0x000000000000039a       0x34 _build/nrf52840_xxaa/nrf_fprintf.c.o
 .ARM.attributes
                0x00000000000003ce       0x34 _build/nrf52840_xxaa/nrf_fprintf_format.c.o
 .ARM.attributes
                0x0000000000000402       0x34 _build/nrf52840_xxaa/nrf_memobj.c.o
 .ARM.attributes
                0x0000000000000436       0x34 _build/nrf52840_xxaa/nrf_pwr_mgmt.c.o
 .ARM.attributes
                0x000000000000046a       0x34 _build/nrf52840_xxaa/nrf_section_iter.c.o
 .ARM.attributes
                0x000000000000049e       0x34 _build/nrf52840_xxaa/nrf_sortlist.c.o
 .ARM.attributes
                0x00000000000004d2       0x34 _build/nrf52840_xxaa/retarget.c.o
 .ARM.attributes
                0x0000000000000506       0x34 _build/nrf52840_xxaa/system_nrf52840.c.o
 .ARM.attributes
                0x000000000000053a       0x34 _build/nrf52840_xxaa/boards.c.o
 .ARM.attributes
                0x000000000000056e       0x34 _build/nrf52840_xxaa/nrf_drv_clock.c.o
 .ARM.attributes
                0x00000000000005a2       0x34 _build/nrf52840_xxaa/nrf_drv_uart.c.o
 .ARM.attributes
                0x00000000000005d6       0x34 _build/nrf52840_xxaa/nrfx_clock.c.o
 .ARM.attributes
                0x000000000000060a       0x34 _build/nrf52840_xxaa/nrfx_gpiote.c.o
 .ARM.attributes
                0x000000000000063e       0x34 _build/nrf52840_xxaa/nrfx_prs.c.o
 .ARM.attributes
                0x0000000000000672       0x34 _build/nrf52840_xxaa/nrfx_uart.c.o
 .ARM.attributes
                0x00000000000006a6       0x34 _build/nrf52840_xxaa/nrfx_uarte.c.o
 .ARM.attributes
                0x00000000000006da       0x34 _build/nrf52840_xxaa/bsp.c.o
 .ARM.attributes
                0x000000000000070e       0x34 _build/nrf52840_xxaa/bsp_btn_ble.c.o
 .ARM.attributes
                0x0000000000000742       0x34 _build/nrf52840_xxaa/main.c.o
 .ARM.attributes
                0x0000000000000776       0x34 _build/nrf52840_xxaa/UART.c.o
 .ARM.attributes
                0x00000000000007aa       0x34 _build/nrf52840_xxaa/twi.c.o
 .ARM.attributes
                0x00000000000007de       0x34 _build/nrf52840_xxaa/SEGGER_RTT.c.o
 .ARM.attributes
                0x0000000000000812       0x34 _build/nrf52840_xxaa/ble_db_discovery.c.o
 .ARM.attributes
                0x0000000000000846       0x34 _build/nrf52840_xxaa/nrf_ble_gatt.c.o
 .ARM.attributes
                0x000000000000087a       0x34 _build/nrf52840_xxaa/nrf_ble_gq.c.o
 .ARM.attributes
                0x00000000000008ae       0x34 _build/nrf52840_xxaa/nrf_ble_scan.c.o
 .ARM.attributes
                0x00000000000008e2       0x34 _build/nrf52840_xxaa/ble_nus_c.c.o
 .ARM.attributes
                0x0000000000000916       0x34 _build/nrf52840_xxaa/nrf_sdh.c.o
 .ARM.attributes
                0x000000000000094a       0x34 _build/nrf52840_xxaa/nrf_sdh_ble.c.o
 .ARM.attributes
                0x000000000000097e       0x34 _build/nrf52840_xxaa/nrf_sdh_soc.c.o
 .ARM.attributes
                0x00000000000009b2       0x32 /usr/local/gcc-arm-none-eabi-9-2020-q2-update/bin/../lib/gcc/arm-none-eabi/9.3.1/../../../../arm-none-eabi/lib/thumb/v7e-m+fp/hard/libc_nano.a(lib_a-ctype_.o)
 .ARM.attributes
                0x00000000000009e4       0x34 /usr/local/gcc-arm-none-eabi-9-2020-q2-update/bin/../lib/gcc/arm-none-eabi/9.3.1/../../../../arm-none-eabi/lib/thumb/v7e-m+fp/hard/libc_nano.a(lib_a-exit.o)
 .ARM.attributes
                0x0000000000000a18       0x32 /usr/local/gcc-arm-none-eabi-9-2020-q2-update/bin/../lib/gcc/arm-none-eabi/9.3.1/../../../../arm-none-eabi/lib/thumb/v7e-m+fp/hard/libc_nano.a(lib_a-impure.o)
 .ARM.attributes
                0x0000000000000a4a       0x34 /usr/local/gcc-arm-none-eabi-9-2020-q2-update/bin/../lib/gcc/arm-none-eabi/9.3.1/../../../../arm-none-eabi/lib/thumb/v7e-m+fp/hard/libc_nano.a(lib_a-init.o)
 .ARM.attributes
                0x0000000000000a7e       0x34 /usr/local/gcc-arm-none-eabi-9-2020-q2-update/bin/../lib/gcc/arm-none-eabi/9.3.1/../../../../arm-none-eabi/lib/thumb/v7e-m+fp/hard/libc_nano.a(lib_a-memcpy-stub.o)
 .ARM.attributes
                0x0000000000000ab2       0x34 /usr/local/gcc-arm-none-eabi-9-2020-q2-update/bin/../lib/gcc/arm-none-eabi/9.3.1/../../../../arm-none-eabi/lib/thumb/v7e-m+fp/hard/libc_nano.a(lib_a-memset.o)
 .ARM.attributes
                0x0000000000000ae6       0x34 /usr/local/gcc-arm-none-eabi-9-2020-q2-update/bin/../lib/gcc/arm-none-eabi/9.3.1/../../../../arm-none-eabi/lib/thumb/v7e-m+fp/hard/libc_nano.a(lib_a-printf.o)
 .ARM.attributes
                0x0000000000000b1a       0x17 /usr/local/gcc-arm-none-eabi-9-2020-q2-update/bin/../lib/gcc/arm-none-eabi/9.3.1/../../../../arm-none-eabi/lib/thumb/v7e-m+fp/hard/libc_nano.a(lib_a-strlen.o)
 .ARM.attributes
                0x0000000000000b31       0x34 /usr/local/gcc-arm-none-eabi-9-2020-q2-update/bin/../lib/gcc/arm-none-eabi/9.3.1/../../../../arm-none-eabi/lib/thumb/v7e-m+fp/hard/libc_nano.a(lib_a-findfp.o)
 .ARM.attributes
                0x0000000000000b65       0x34 /usr/local/gcc-arm-none-eabi-9-2020-q2-update/bin/../lib/gcc/arm-none-eabi/9.3.1/../../../../arm-none-eabi/lib/thumb/v7e-m+fp/hard/libc_nano.a(lib_a-fwalk.o)
 .ARM.attributes
                0x0000000000000b99       0x34 /usr/local/gcc-arm-none-eabi-9-2020-q2-update/bin/../lib/gcc/arm-none-eabi/9.3.1/../../../../arm-none-eabi/lib/thumb/v7e-m+fp/hard/libc_nano.a(lib_a-lock.o)
 .ARM.attributes
                0x0000000000000bcd       0x34 /usr/local/gcc-arm-none-eabi-9-2020-q2-update/bin/../lib/gcc/arm-none-eabi/9.3.1/../../../../arm-none-eabi/lib/thumb/v7e-m+fp/hard/libc_nano.a(lib_a-nano-mallocr.o)
 .ARM.attributes
                0x0000000000000c01       0x34 /usr/local/gcc-arm-none-eabi-9-2020-q2-update/bin/../lib/gcc/arm-none-eabi/9.3.1/../../../../arm-none-eabi/lib/thumb/v7e-m+fp/hard/libc_nano.a(lib_a-nano-vfprintf.o)
 .ARM.attributes
                0x0000000000000c35       0x34 /usr/local/gcc-arm-none-eabi-9-2020-q2-update/bin/../lib/gcc/arm-none-eabi/9.3.1/../../../../arm-none-eabi/lib/thumb/v7e-m+fp/hard/libc_nano.a(lib_a-nano-vfprintf_i.o)
 .ARM.attributes
                0x0000000000000c69       0x34 /usr/local/gcc-arm-none-eabi-9-2020-q2-update/bin/../lib/gcc/arm-none-eabi/9.3.1/../../../../arm-none-eabi/lib/thumb/v7e-m+fp/hard/libc_nano.a(lib_a-sbrkr.o)
 .ARM.attributes
                0x0000000000000c9d       0x34 /usr/local/gcc-arm-none-eabi-9-2020-q2-update/bin/../lib/gcc/arm-none-eabi/9.3.1/../../../../arm-none-eabi/lib/thumb/v7e-m+fp/hard/libc_nano.a(lib_a-stdio.o)
 .ARM.attributes
                0x0000000000000cd1       0x34 /usr/local/gcc-arm-none-eabi-9-2020-q2-update/bin/../lib/gcc/arm-none-eabi/9.3.1/../../../../arm-none-eabi/lib/thumb/v7e-m+fp/hard/libc_nano.a(lib_a-wbuf.o)
 .ARM.attributes
                0x0000000000000d05       0x34 /usr/local/gcc-arm-none-eabi-9-2020-q2-update/bin/../lib/gcc/arm-none-eabi/9.3.1/../../../../arm-none-eabi/lib/thumb/v7e-m+fp/hard/libc_nano.a(lib_a-writer.o)
 .ARM.attributes
                0x0000000000000d39       0x34 /usr/local/gcc-arm-none-eabi-9-2020-q2-update/bin/../lib/gcc/arm-none-eabi/9.3.1/../../../../arm-none-eabi/lib/thumb/v7e-m+fp/hard/libc_nano.a(lib_a-wsetup.o)
 .ARM.attributes
                0x0000000000000d6d       0x34 /usr/local/gcc-arm-none-eabi-9-2020-q2-update/bin/../lib/gcc/arm-none-eabi/9.3.1/../../../../arm-none-eabi/lib/thumb/v7e-m+fp/hard/libc_nano.a(lib_a-closer.o)
 .ARM.attributes
                0x0000000000000da1       0x34 /usr/local/gcc-arm-none-eabi-9-2020-q2-update/bin/../lib/gcc/arm-none-eabi/9.3.1/../../../../arm-none-eabi/lib/thumb/v7e-m+fp/hard/libc_nano.a(lib_a-fflush.o)
 .ARM.attributes
                0x0000000000000dd5       0x34 /usr/local/gcc-arm-none-eabi-9-2020-q2-update/bin/../lib/gcc/arm-none-eabi/9.3.1/../../../../arm-none-eabi/lib/thumb/v7e-m+fp/hard/libc_nano.a(lib_a-lseekr.o)
 .ARM.attributes
                0x0000000000000e09       0x34 /usr/local/gcc-arm-none-eabi-9-2020-q2-update/bin/../lib/gcc/arm-none-eabi/9.3.1/../../../../arm-none-eabi/lib/thumb/v7e-m+fp/hard/libc_nano.a(lib_a-makebuf.o)
 .ARM.attributes
                0x0000000000000e3d       0x1c /usr/local/gcc-arm-none-eabi-9-2020-q2-update/bin/../lib/gcc/arm-none-eabi/9.3.1/../../../../arm-none-eabi/lib/thumb/v7e-m+fp/hard/libc_nano.a(lib_a-memchr.o)
 .ARM.attributes
                0x0000000000000e59       0x34 /usr/local/gcc-arm-none-eabi-9-2020-q2-update/bin/../lib/gcc/arm-none-eabi/9.3.1/../../../../arm-none-eabi/lib/thumb/v7e-m+fp/hard/libc_nano.a(lib_a-mlock.o)
 .ARM.attributes
                0x0000000000000e8d       0x34 /usr/local/gcc-arm-none-eabi-9-2020-q2-update/bin/../lib/gcc/arm-none-eabi/9.3.1/../../../../arm-none-eabi/lib/thumb/v7e-m+fp/hard/libc_nano.a(lib_a-nano-freer.o)
 .ARM.attributes
                0x0000000000000ec1       0x34 /usr/local/gcc-arm-none-eabi-9-2020-q2-update/bin/../lib/gcc/arm-none-eabi/9.3.1/../../../../arm-none-eabi/lib/thumb/v7e-m+fp/hard/libc_nano.a(lib_a-readr.o)
 .ARM.attributes
                0x0000000000000ef5       0x34 /usr/local/gcc-arm-none-eabi-9-2020-q2-update/bin/../lib/gcc/arm-none-eabi/9.3.1/../../../../arm-none-eabi/lib/thumb/v7e-m+fp/hard/libc_nano.a(lib_a-reent.o)
 .ARM.attributes
                0x0000000000000f29       0x34 /usr/local/gcc-arm-none-eabi-9-2020-q2-update/bin/../lib/gcc/arm-none-eabi/9.3.1/../../../../arm-none-eabi/lib/thumb/v7e-m+fp/hard/libc_nano.a(lib_a-fstatr.o)
 .ARM.attributes
                0x0000000000000f5d       0x34 /usr/local/gcc-arm-none-eabi-9-2020-q2-update/bin/../lib/gcc/arm-none-eabi/9.3.1/../../../../arm-none-eabi/lib/thumb/v7e-m+fp/hard/libc_nano.a(lib_a-isattyr.o)
 .ARM.attributes
                0x0000000000000f91       0x34 /usr/local/gcc-arm-none-eabi-9-2020-q2-update/bin/../lib/gcc/arm-none-eabi/9.3.1/../../../../arm-none-eabi/lib/thumb/v7e-m+fp/hard/libnosys.a(close.o)
 .ARM.attributes
                0x0000000000000fc5       0x34 /usr/local/gcc-arm-none-eabi-9-2020-q2-update/bin/../lib/gcc/arm-none-eabi/9.3.1/../../../../arm-none-eabi/lib/thumb/v7e-m+fp/hard/libnosys.a(fstat.o)
 .ARM.attributes
                0x0000000000000ff9       0x34 /usr/local/gcc-arm-none-eabi-9-2020-q2-update/bin/../lib/gcc/arm-none-eabi/9.3.1/../../../../arm-none-eabi/lib/thumb/v7e-m+fp/hard/libnosys.a(isatty.o)
 .ARM.attributes
                0x000000000000102d       0x34 /usr/local/gcc-arm-none-eabi-9-2020-q2-update/bin/../lib/gcc/arm-none-eabi/9.3.1/../../../../arm-none-eabi/lib/thumb/v7e-m+fp/hard/libnosys.a(lseek.o)
 .ARM.attributes
                0x0000000000001061       0x34 /usr/local/gcc-arm-none-eabi-9-2020-q2-update/bin/../lib/gcc/arm-none-eabi/9.3.1/../../../../arm-none-eabi/lib/thumb/v7e-m+fp/hard/libnosys.a(sbrk.o)
 .ARM.attributes
                0x0000000000001095       0x34 /usr/local/gcc-arm-none-eabi-9-2020-q2-update/bin/../lib/gcc/arm-none-eabi/9.3.1/../../../../arm-none-eabi/lib/thumb/v7e-m+fp/hard/libnosys.a(_exit.o)
 .ARM.attributes
                0x00000000000010c9       0x32 /usr/local/gcc-arm-none-eabi-9-2020-q2-update/bin/../lib/gcc/arm-none-eabi/9.3.1/thumb/v7e-m+fp/hard/crtend.o
 .ARM.attributes
                0x00000000000010fb       0x1e /usr/local/gcc-arm-none-eabi-9-2020-q2-update/bin/../lib/gcc/arm-none-eabi/9.3.1/thumb/v7e-m+fp/hard/crtn.o

.comment        0x0000000000000000       0x4c
 .comment       0x0000000000000000       0x4c _build/nrf52840_xxaa/nrf_log_backend_rtt.c.o
                                         0x4d (size before relaxing)
 .comment       0x000000000000004c       0x4d _build/nrf52840_xxaa/nrf_log_backend_serial.c.o
 .comment       0x000000000000004c       0x4d _build/nrf52840_xxaa/nrf_log_default_backends.c.o
 .comment       0x000000000000004c       0x4d _build/nrf52840_xxaa/nrf_log_frontend.c.o
 .comment       0x000000000000004c       0x4d _build/nrf52840_xxaa/nrf_log_str_formatter.c.o
 .comment       0x000000000000004c       0x4d _build/nrf52840_xxaa/app_button.c.o
 .comment       0x000000000000004c       0x4d _build/nrf52840_xxaa/app_error.c.o
 .comment       0x000000000000004c       0x4d _build/nrf52840_xxaa/app_error_weak.c.o
 .comment       0x000000000000004c       0x4d _build/nrf52840_xxaa/app_fifo.c.o
 .comment       0x000000000000004c       0x4d _build/nrf52840_xxaa/app_timer2.c.o
 .comment       0x000000000000004c       0x4d _build/nrf52840_xxaa/app_uart_fifo.c.o
 .comment       0x000000000000004c       0x4d _build/nrf52840_xxaa/app_util_platform.c.o
 .comment       0x000000000000004c       0x4d _build/nrf52840_xxaa/drv_rtc.c.o
 .comment       0x000000000000004c       0x4d _build/nrf52840_xxaa/nrf_atomic.c.o
 .comment       0x000000000000004c       0x4d _build/nrf52840_xxaa/nrf_balloc.c.o
 .comment       0x000000000000004c       0x4d _build/nrf52840_xxaa/nrf_fprintf.c.o
 .comment       0x000000000000004c       0x4d _build/nrf52840_xxaa/nrf_fprintf_format.c.o
 .comment       0x000000000000004c       0x4d _build/nrf52840_xxaa/nrf_memobj.c.o
 .comment       0x000000000000004c       0x4d _build/nrf52840_xxaa/nrf_pwr_mgmt.c.o
 .comment       0x000000000000004c       0x4d _build/nrf52840_xxaa/nrf_section_iter.c.o
 .comment       0x000000000000004c       0x4d _build/nrf52840_xxaa/nrf_sortlist.c.o
 .comment       0x000000000000004c       0x4d _build/nrf52840_xxaa/retarget.c.o
 .comment       0x000000000000004c       0x4d _build/nrf52840_xxaa/system_nrf52840.c.o
 .comment       0x000000000000004c       0x4d _build/nrf52840_xxaa/boards.c.o
 .comment       0x000000000000004c       0x4d _build/nrf52840_xxaa/nrf_drv_clock.c.o
 .comment       0x000000000000004c       0x4d _build/nrf52840_xxaa/nrf_drv_uart.c.o
 .comment       0x000000000000004c       0x4d _build/nrf52840_xxaa/nrfx_clock.c.o
 .comment       0x000000000000004c       0x4d _build/nrf52840_xxaa/nrfx_gpiote.c.o
 .comment       0x000000000000004c       0x4d _build/nrf52840_xxaa/nrfx_prs.c.o
 .comment       0x000000000000004c       0x4d _build/nrf52840_xxaa/nrfx_uart.c.o
 .comment       0x000000000000004c       0x4d _build/nrf52840_xxaa/nrfx_uarte.c.o
 .comment       0x000000000000004c       0x4d _build/nrf52840_xxaa/bsp.c.o
 .comment       0x000000000000004c       0x4d _build/nrf52840_xxaa/bsp_btn_ble.c.o
 .comment       0x000000000000004c       0x4d _build/nrf52840_xxaa/main.c.o
 .comment       0x000000000000004c       0x4d _build/nrf52840_xxaa/UART.c.o
 .comment       0x000000000000004c       0x4d _build/nrf52840_xxaa/twi.c.o
 .comment       0x000000000000004c       0x4d _build/nrf52840_xxaa/SEGGER_RTT.c.o
 .comment       0x000000000000004c       0x4d _build/nrf52840_xxaa/ble_db_discovery.c.o
 .comment       0x000000000000004c       0x4d _build/nrf52840_xxaa/nrf_ble_gatt.c.o
 .comment       0x000000000000004c       0x4d _build/nrf52840_xxaa/nrf_ble_gq.c.o
 .comment       0x000000000000004c       0x4d _build/nrf52840_xxaa/nrf_ble_scan.c.o
 .comment       0x000000000000004c       0x4d _build/nrf52840_xxaa/ble_nus_c.c.o
 .comment       0x000000000000004c       0x4d _build/nrf52840_xxaa/nrf_sdh.c.o
 .comment       0x000000000000004c       0x4d _build/nrf52840_xxaa/nrf_sdh_ble.c.o
 .comment       0x000000000000004c       0x4d _build/nrf52840_xxaa/nrf_sdh_soc.c.o

.debug_line     0x0000000000000000    0x2aae6
 .debug_line    0x0000000000000000       0x7e _build/nrf52840_xxaa/gcc_startup_nrf52840.S.o
 .debug_line    0x000000000000007e      0xa74 _build/nrf52840_xxaa/nrf_log_backend_rtt.c.o
 .debug_line    0x0000000000000af2      0x891 _build/nrf52840_xxaa/nrf_log_backend_serial.c.o
 .debug_line    0x0000000000001383      0x770 _build/nrf52840_xxaa/nrf_log_default_backends.c.o
 .debug_line    0x0000000000001af3     0x2c25 _build/nrf52840_xxaa/nrf_log_frontend.c.o
 .debug_line    0x0000000000004718      0x9c8 _build/nrf52840_xxaa/nrf_log_str_formatter.c.o
 .debug_line    0x00000000000050e0     0x121b _build/nrf52840_xxaa/app_button.c.o
 .debug_line    0x00000000000062fb      0x56f _build/nrf52840_xxaa/app_error.c.o
 .debug_line    0x000000000000686a      0x871 _build/nrf52840_xxaa/app_error_weak.c.o
 .debug_line    0x00000000000070db      0x925 _build/nrf52840_xxaa/app_fifo.c.o
 .debug_line    0x0000000000007a00     0x11f9 _build/nrf52840_xxaa/app_timer2.c.o
 .debug_line    0x0000000000008bf9      0xdab _build/nrf52840_xxaa/app_uart_fifo.c.o
 .debug_line    0x00000000000099a4      0x7b3 _build/nrf52840_xxaa/app_util_platform.c.o
 .debug_line    0x000000000000a157     0x14a4 _build/nrf52840_xxaa/drv_rtc.c.o
 .debug_line    0x000000000000b5fb      0x8bf _build/nrf52840_xxaa/nrf_atomic.c.o
 .debug_line    0x000000000000beba      0x8c4 _build/nrf52840_xxaa/nrf_balloc.c.o
 .debug_line    0x000000000000c77e      0x57b _build/nrf52840_xxaa/nrf_fprintf.c.o
 .debug_line    0x000000000000ccf9      0xf55 _build/nrf52840_xxaa/nrf_fprintf_format.c.o
 .debug_line    0x000000000000dc4e      0xb5e _build/nrf52840_xxaa/nrf_memobj.c.o
 .debug_line    0x000000000000e7ac      0xe01 _build/nrf52840_xxaa/nrf_pwr_mgmt.c.o
 .debug_line    0x000000000000f5ad      0x591 _build/nrf52840_xxaa/nrf_section_iter.c.o
 .debug_line    0x000000000000fb3e      0x751 _build/nrf52840_xxaa/nrf_sortlist.c.o
 .debug_line    0x000000000001028f      0x60b _build/nrf52840_xxaa/retarget.c.o
 .debug_line    0x000000000001089a      0x90e _build/nrf52840_xxaa/system_nrf52840.c.o
 .debug_line    0x00000000000111a8     0x103f _build/nrf52840_xxaa/boards.c.o
 .debug_line    0x00000000000121e7     0x11d9 _build/nrf52840_xxaa/nrf_drv_clock.c.o
 .debug_line    0x00000000000133c0      0x849 _build/nrf52840_xxaa/nrf_drv_uart.c.o
 .debug_line    0x0000000000013c09     0x1053 _build/nrf52840_xxaa/nrfx_clock.c.o
 .debug_line    0x0000000000014c5c     0x3105 _build/nrf52840_xxaa/nrfx_gpiote.c.o
 .debug_line    0x0000000000017d61      0x912 _build/nrf52840_xxaa/nrfx_prs.c.o
 .debug_line    0x0000000000018673     0x1efe _build/nrf52840_xxaa/nrfx_uart.c.o
 .debug_line    0x000000000001a571     0x1ea5 _build/nrf52840_xxaa/nrfx_uarte.c.o
 .debug_line    0x000000000001c416     0x1233 _build/nrf52840_xxaa/bsp.c.o
 .debug_line    0x000000000001d649      0xab2 _build/nrf52840_xxaa/bsp_btn_ble.c.o
 .debug_line    0x000000000001e0fb      0xce5 _build/nrf52840_xxaa/main.c.o
 .debug_line    0x000000000001ede0      0xa92 _build/nrf52840_xxaa/UART.c.o
 .debug_line    0x000000000001f872      0x88f _build/nrf52840_xxaa/twi.c.o
 .debug_line    0x0000000000020101     0x2fb9 _build/nrf52840_xxaa/SEGGER_RTT.c.o
 .debug_line    0x00000000000230ba     0x1ab4 _build/nrf52840_xxaa/ble_db_discovery.c.o
 .debug_line    0x0000000000024b6e      0xd16 _build/nrf52840_xxaa/nrf_ble_gatt.c.o
 .debug_line    0x0000000000025884     0x10c5 _build/nrf52840_xxaa/nrf_ble_gq.c.o
 .debug_line    0x0000000000026949     0x1080 _build/nrf52840_xxaa/nrf_ble_scan.c.o
 .debug_line    0x00000000000279c9      0xdd3 _build/nrf52840_xxaa/ble_nus_c.c.o
 .debug_line    0x000000000002879c     0x1010 _build/nrf52840_xxaa/nrf_sdh.c.o
 .debug_line    0x00000000000297ac      0xb8d _build/nrf52840_xxaa/nrf_sdh_ble.c.o
 .debug_line    0x000000000002a339      0x7ad _build/nrf52840_xxaa/nrf_sdh_soc.c.o

.debug_info     0x0000000000000000    0x5afc8
 .debug_info    0x0000000000000000       0x26 _build/nrf52840_xxaa/gcc_startup_nrf52840.S.o
 .debug_info    0x0000000000000026     0x1193 _build/nrf52840_xxaa/nrf_log_backend_rtt.c.o
 .debug_info    0x00000000000011b9     0x124c _build/nrf52840_xxaa/nrf_log_backend_serial.c.o
 .debug_info    0x0000000000002405      0xd9e _build/nrf52840_xxaa/nrf_log_default_backends.c.o
 .debug_info    0x00000000000031a3     0x4604 _build/nrf52840_xxaa/nrf_log_frontend.c.o
 .debug_info    0x00000000000077a7     0x1431 _build/nrf52840_xxaa/nrf_log_str_formatter.c.o
 .debug_info    0x0000000000008bd8     0x1d31 _build/nrf52840_xxaa/app_button.c.o
 .debug_info    0x000000000000a909      0xb94 _build/nrf52840_xxaa/app_error.c.o
 .debug_info    0x000000000000b49d     0x1006 _build/nrf52840_xxaa/app_error_weak.c.o
 .debug_info    0x000000000000c4a3      0xfcd _build/nrf52840_xxaa/app_fifo.c.o
 .debug_info    0x000000000000d470     0x23ca _build/nrf52840_xxaa/app_timer2.c.o
 .debug_info    0x000000000000f83a     0x21e9 _build/nrf52840_xxaa/app_uart_fifo.c.o
 .debug_info    0x0000000000011a23     0x1321 _build/nrf52840_xxaa/app_util_platform.c.o
 .debug_info    0x0000000000012d44     0x2b99 _build/nrf52840_xxaa/drv_rtc.c.o
 .debug_info    0x00000000000158dd     0x13e4 _build/nrf52840_xxaa/nrf_atomic.c.o
 .debug_info    0x0000000000016cc1      0xea4 _build/nrf52840_xxaa/nrf_balloc.c.o
 .debug_info    0x0000000000017b65      0xb51 _build/nrf52840_xxaa/nrf_fprintf.c.o
 .debug_info    0x00000000000186b6     0x157d _build/nrf52840_xxaa/nrf_fprintf_format.c.o
 .debug_info    0x0000000000019c33     0x161b _build/nrf52840_xxaa/nrf_memobj.c.o
 .debug_info    0x000000000001b24e     0x1e56 _build/nrf52840_xxaa/nrf_pwr_mgmt.c.o
 .debug_info    0x000000000001d0a4      0xac1 _build/nrf52840_xxaa/nrf_section_iter.c.o
 .debug_info    0x000000000001db65      0xd6d _build/nrf52840_xxaa/nrf_sortlist.c.o
 .debug_info    0x000000000001e8d2      0xaef _build/nrf52840_xxaa/retarget.c.o
 .debug_info    0x000000000001f3c1     0x18e9 _build/nrf52840_xxaa/system_nrf52840.c.o
 .debug_info    0x0000000000020caa     0x1862 _build/nrf52840_xxaa/boards.c.o
 .debug_info    0x000000000002250c     0x230a _build/nrf52840_xxaa/nrf_drv_clock.c.o
 .debug_info    0x0000000000024816     0x1b27 _build/nrf52840_xxaa/nrf_drv_uart.c.o
 .debug_info    0x000000000002633d     0x1e88 _build/nrf52840_xxaa/nrfx_clock.c.o
 .debug_info    0x00000000000281c5     0x46cd _build/nrf52840_xxaa/nrfx_gpiote.c.o
 .debug_info    0x000000000002c892     0x1200 _build/nrf52840_xxaa/nrfx_prs.c.o
 .debug_info    0x000000000002da92     0x430d _build/nrf52840_xxaa/nrfx_uart.c.o
 .debug_info    0x0000000000031d9f     0x429b _build/nrf52840_xxaa/nrfx_uarte.c.o
 .debug_info    0x000000000003603a     0x208a _build/nrf52840_xxaa/bsp.c.o
 .debug_info    0x00000000000380c4     0x28b3 _build/nrf52840_xxaa/bsp_btn_ble.c.o
 .debug_info    0x000000000003a977     0x13cf _build/nrf52840_xxaa/main.c.o
 .debug_info    0x000000000003bd46     0x1c73 _build/nrf52840_xxaa/UART.c.o
 .debug_info    0x000000000003d9b9     0x1511 _build/nrf52840_xxaa/twi.c.o
 .debug_info    0x000000000003eeca     0x3a3c _build/nrf52840_xxaa/SEGGER_RTT.c.o
 .debug_info    0x0000000000042906     0x4545 _build/nrf52840_xxaa/ble_db_discovery.c.o
 .debug_info    0x0000000000046e4b     0x3410 _build/nrf52840_xxaa/nrf_ble_gatt.c.o
 .debug_info    0x000000000004a25b     0x393b _build/nrf52840_xxaa/nrf_ble_gq.c.o
 .debug_info    0x000000000004db96     0x39ee _build/nrf52840_xxaa/nrf_ble_scan.c.o
 .debug_info    0x0000000000051584     0x335d _build/nrf52840_xxaa/ble_nus_c.c.o
 .debug_info    0x00000000000548e1     0x20e3 _build/nrf52840_xxaa/nrf_sdh.c.o
 .debug_info    0x00000000000569c4     0x367e _build/nrf52840_xxaa/nrf_sdh_ble.c.o
 .debug_info    0x000000000005a042      0xf86 _build/nrf52840_xxaa/nrf_sdh_soc.c.o

.debug_abbrev   0x0000000000000000     0xb6de
 .debug_abbrev  0x0000000000000000       0x14 _build/nrf52840_xxaa/gcc_startup_nrf52840.S.o
 .debug_abbrev  0x0000000000000014      0x382 _build/nrf52840_xxaa/nrf_log_backend_rtt.c.o
 .debug_abbrev  0x0000000000000396      0x2cc _build/nrf52840_xxaa/nrf_log_backend_serial.c.o
 .debug_abbrev  0x0000000000000662      0x294 _build/nrf52840_xxaa/nrf_log_default_backends.c.o
 .debug_abbrev  0x00000000000008f6      0x628 _build/nrf52840_xxaa/nrf_log_frontend.c.o
 .debug_abbrev  0x0000000000000f1e      0x320 _build/nrf52840_xxaa/nrf_log_str_formatter.c.o
 .debug_abbrev  0x000000000000123e      0x46d _build/nrf52840_xxaa/app_button.c.o
 .debug_abbrev  0x00000000000016ab      0x276 _build/nrf52840_xxaa/app_error.c.o
 .debug_abbrev  0x0000000000001921      0x2fd _build/nrf52840_xxaa/app_error_weak.c.o
 .debug_abbrev  0x0000000000001c1e      0x2d1 _build/nrf52840_xxaa/app_fifo.c.o
 .debug_abbrev  0x0000000000001eef      0x5b6 _build/nrf52840_xxaa/app_timer2.c.o
 .debug_abbrev  0x00000000000024a5      0x416 _build/nrf52840_xxaa/app_uart_fifo.c.o
 .debug_abbrev  0x00000000000028bb      0x3df _build/nrf52840_xxaa/app_util_platform.c.o
 .debug_abbrev  0x0000000000002c9a      0x5d7 _build/nrf52840_xxaa/drv_rtc.c.o
 .debug_abbrev  0x0000000000003271      0x378 _build/nrf52840_xxaa/nrf_atomic.c.o
 .debug_abbrev  0x00000000000035e9      0x34d _build/nrf52840_xxaa/nrf_balloc.c.o
 .debug_abbrev  0x0000000000003936      0x27d _build/nrf52840_xxaa/nrf_fprintf.c.o
 .debug_abbrev  0x0000000000003bb3      0x3fa _build/nrf52840_xxaa/nrf_fprintf_format.c.o
 .debug_abbrev  0x0000000000003fad      0x397 _build/nrf52840_xxaa/nrf_memobj.c.o
 .debug_abbrev  0x0000000000004344      0x513 _build/nrf52840_xxaa/nrf_pwr_mgmt.c.o
 .debug_abbrev  0x0000000000004857      0x206 _build/nrf52840_xxaa/nrf_section_iter.c.o
 .debug_abbrev  0x0000000000004a5d      0x284 _build/nrf52840_xxaa/nrf_sortlist.c.o
 .debug_abbrev  0x0000000000004ce1      0x24b _build/nrf52840_xxaa/retarget.c.o
 .debug_abbrev  0x0000000000004f2c      0x334 _build/nrf52840_xxaa/system_nrf52840.c.o
 .debug_abbrev  0x0000000000005260      0x44c _build/nrf52840_xxaa/boards.c.o
 .debug_abbrev  0x00000000000056ac      0x5ef _build/nrf52840_xxaa/nrf_drv_clock.c.o
 .debug_abbrev  0x0000000000005c9b      0x2da _build/nrf52840_xxaa/nrf_drv_uart.c.o
 .debug_abbrev  0x0000000000005f75      0x560 _build/nrf52840_xxaa/nrfx_clock.c.o
 .debug_abbrev  0x00000000000064d5      0x5b5 _build/nrf52840_xxaa/nrfx_gpiote.c.o
 .debug_abbrev  0x0000000000006a8a      0x362 _build/nrf52840_xxaa/nrfx_prs.c.o
 .debug_abbrev  0x0000000000006dec      0x59d _build/nrf52840_xxaa/nrfx_uart.c.o
 .debug_abbrev  0x0000000000007389      0x571 _build/nrf52840_xxaa/nrfx_uarte.c.o
 .debug_abbrev  0x00000000000078fa      0x54e _build/nrf52840_xxaa/bsp.c.o
 .debug_abbrev  0x0000000000007e48      0x3c6 _build/nrf52840_xxaa/bsp_btn_ble.c.o
 .debug_abbrev  0x000000000000820e      0x268 _build/nrf52840_xxaa/main.c.o
 .debug_abbrev  0x0000000000008476      0x412 _build/nrf52840_xxaa/UART.c.o
 .debug_abbrev  0x0000000000008888      0x329 _build/nrf52840_xxaa/twi.c.o
 .debug_abbrev  0x0000000000008bb1      0x417 _build/nrf52840_xxaa/SEGGER_RTT.c.o
 .debug_abbrev  0x0000000000008fc8      0x631 _build/nrf52840_xxaa/ble_db_discovery.c.o
 .debug_abbrev  0x00000000000095f9      0x4e5 _build/nrf52840_xxaa/nrf_ble_gatt.c.o
 .debug_abbrev  0x0000000000009ade      0x567 _build/nrf52840_xxaa/nrf_ble_gq.c.o
 .debug_abbrev  0x000000000000a045      0x502 _build/nrf52840_xxaa/nrf_ble_scan.c.o
 .debug_abbrev  0x000000000000a547      0x46e _build/nrf52840_xxaa/ble_nus_c.c.o
 .debug_abbrev  0x000000000000a9b5      0x583 _build/nrf52840_xxaa/nrf_sdh.c.o
 .debug_abbrev  0x000000000000af38      0x4b5 _build/nrf52840_xxaa/nrf_sdh_ble.c.o
 .debug_abbrev  0x000000000000b3ed      0x2f1 _build/nrf52840_xxaa/nrf_sdh_soc.c.o

.debug_aranges  0x0000000000000000      0xfc8
 .debug_aranges
                0x0000000000000000       0x20 _build/nrf52840_xxaa/gcc_startup_nrf52840.S.o
 .debug_aranges
                0x0000000000000020       0x38 _build/nrf52840_xxaa/nrf_log_backend_rtt.c.o
 .debug_aranges